[2026-07-02 14:50:30] [DEBUG] --- wwProject System Start ---
[2026-07-02 14:50:30] [DEBUG] Router::Router() /jemini/wwProjectV1.33/Develop/
[2026-07-02 14:50:30] [DEBUG] Attempting to load: \Develop\Controllers\LoginController::initialAction
[2026-07-02 14:50:30] [DEBUG] Router: Executing \Develop\Controllers\LoginController->initialAction
[2026-07-02 14:50:30] [DEBUG] Login::initialAction() start...
[2026-07-02 14:50:30] [DEBUG] Login::initialAction() errorMessage : 
[2026-07-02 14:50:30] [DEBUG] Screen::view() path: \Develop\Views\Login\Login.view start...
[2026-07-02 14:50:30] [DEBUG] Screen::getContents() start...
[2026-07-02 14:50:30] [DEBUG] Screen::getContents() finish.
[2026-07-02 14:50:30] [DEBUG] Screen::view() path: \Develop\Views\Login\Login.view finish.
[2026-07-02 14:50:30] [DEBUG] Login::initialAction() finish.
[2026-07-02 14:50:32] [DEBUG] --- wwProject System Start ---
[2026-07-02 14:50:32] [DEBUG] Router::Router() /jemini/wwProjectV1.33/Develop/Login/authentication/
[2026-07-02 14:50:32] [DEBUG] Attempting to load: \Develop\Controllers\LoginController::authenticationAction
[2026-07-02 14:50:32] [DEBUG] Router: Executing \Develop\Controllers\LoginController->authenticationAction
[2026-07-02 14:50:32] [DEBUG] Login::AuthenticationAction() start...
[2026-07-02 14:50:32] [DEBUG] Login OK - x
[2026-07-02 14:50:32] [DEBUG] Session::start()
[2026-07-02 14:50:32] [DEBUG] Redirect to Console::initialAction()
[2026-07-02 14:50:32] [DEBUG] --- wwProject System Start ---
[2026-07-02 14:50:32] [DEBUG] Router::Router() /jemini/wwProjectV1.33/Develop/Console/initial/
[2026-07-02 14:50:32] [DEBUG] Attempting to load: \Develop\Controllers\ConsoleController::initialAction
[2026-07-02 14:50:32] [DEBUG] Router: Executing \Develop\Controllers\ConsoleController->initialAction
[2026-07-02 14:50:32] [DEBUG] Console::initialAction() start...
[2026-07-02 14:50:32] [DEBUG] Screen::view() path: \Develop\Views\Console\Console.view start...
[2026-07-02 14:50:32] [DEBUG] Screen::getContents() start...
[2026-07-02 14:50:32] [DEBUG] Screen::getContents() finish.
[2026-07-02 14:50:32] [DEBUG] Screen::view() path: \Develop\Views\Console\Console.view finish.
[2026-07-02 14:50:32] [DEBUG] ConsoleController::initialAction() finish.
[2026-07-02 14:50:32] [DEBUG] --- wwProject System Start ---
[2026-07-02 14:50:32] [DEBUG] Router::Router() /jemini/wwProjectV1.33/Develop/Console/ServerBridgeAction/
[2026-07-02 14:50:32] [DEBUG] Attempting to load: \Develop\Controllers\ConsoleController::ServerBridgeAction
[2026-07-02 14:50:32] [DEBUG] Router: Executing \Develop\Controllers\ConsoleController->ServerBridgeAction
[2026-07-02 14:50:32] [DEBUG] ConsoleController::ServerBridge() start...
[2026-07-02 14:50:32] [DEBUG] ConsoleController::ServerBridge() \Develop\Controllers\ConsoleController::areaInitialAction()
[2026-07-02 14:50:32] [DEBUG] ConsoleController::AreaInitialAction() start...
[2026-07-02 14:50:32] [DEBUG] Screen::updateAreaA() path: \Develop\Views\AreaA\Area_A.view start...
[2026-07-02 14:50:32] [DEBUG] Screen::areaView() sending JSON: ["areas"]
[2026-07-02 14:50:32] [DEBUG] Screen::getContents() start...
[2026-07-02 14:50:32] [DEBUG] Screen::getContents() finish.
[2026-07-02 14:50:32] [DEBUG] Screen::updateAreaA() finish.
[2026-07-02 14:50:32] [DEBUG] Screen::updateAreaB() path: \Develop\Views\AreaB\Area_B.view start...
[2026-07-02 14:50:32] [DEBUG] Screen::getContents() start...
[2026-07-02 14:50:32] [DEBUG] Screen::getContents() finish.
[2026-07-02 14:50:32] [DEBUG] Screen::updateAreaB() finish.
[2026-07-02 14:50:32] [DEBUG] Screen::updateAreaD() path: \Develop\Views\AreaD\Area_D_clear.view start...
[2026-07-02 14:50:32] [DEBUG] Screen::getContents() start...
[2026-07-02 14:50:32] [DEBUG] Screen::getContents() finish.
[2026-07-02 14:50:32] [DEBUG] Screen::updateAreaD() finish.
[2026-07-02 14:50:32] [DEBUG] Screen::updateAreaE() [iframe起動版] path: \Develop\Views\AreaE\Area_E_clear.view start...
[2026-07-02 14:50:32] [DEBUG] Screen::getContents() start...
[2026-07-02 14:50:32] [DEBUG] Screen::getContents() finish.
[2026-07-02 14:50:32] [DEBUG] Screen::updateAreaE() finish.
[2026-07-02 14:50:32] [DEBUG] Screen::updateAreaF() path: \Develop\Views\AreaF\Area_F.view start...
[2026-07-02 14:50:32] [DEBUG] Screen::getContents() start...
[2026-07-02 14:50:32] [DEBUG] Screen::getContents() finish.
[2026-07-02 14:50:32] [DEBUG] Screen::updateAreaF() finish.
[2026-07-02 14:50:32] [DEBUG] ProjectController::startProjectNabi() start...
[2026-07-02 14:50:32] [DEBUG] ProjectController::getProjectListHtml() start...
[2026-07-02 14:50:32] [DEBUG] ProjectModel::getProjectList() start...
[2026-07-02 14:50:32] [DEBUG] ProjectModel::getProjectList() finish.
[2026-07-02 14:50:32] [DEBUG] CodeMasterModel：：getCodesByGroup() start...
[2026-07-02 14:50:32] [DEBUG] CodeMasterModel：：getCodesByGroup() finish.
[2026-07-02 14:50:32] [DEBUG] ProjectController::getNaviFooterHtml() start...
[2026-07-02 14:50:32] [DEBUG] ProjectController::getNaviFooterHtml() finish.
[2026-07-02 14:50:32] [DEBUG] ProjectController::startProjectNabi() finish.
[2026-07-02 14:50:32] [DEBUG] Screen::updateAreaC() \Develop\Views\AreaC\Area_C.view start...
[2026-07-02 14:50:32] [DEBUG] Screen::getContents() start...
[2026-07-02 14:50:32] [DEBUG] Screen::getContents() finish.
[2026-07-02 14:50:32] [DEBUG] Screen::updateAreaC() finish.
[2026-07-02 14:50:32] [DEBUG] ConsoleController::AreaInitialAction() finish.
[2026-07-02 14:50:32] [DEBUG] Screen::areaView() start...
[2026-07-02 14:50:32] [DEBUG] Screen::areaView() finish.
[2026-07-02 14:50:47] [DEBUG] --- wwProject System Start ---
[2026-07-02 14:50:47] [DEBUG] Router::Router() /jemini/wwProjectV1.33/Develop/Console/ServerBridgeAction/
[2026-07-02 14:50:47] [DEBUG] Attempting to load: \Develop\Controllers\ConsoleController::ServerBridgeAction
[2026-07-02 14:50:47] [DEBUG] Router: Executing \Develop\Controllers\ConsoleController->ServerBridgeAction
[2026-07-02 14:50:47] [DEBUG] ConsoleController::ServerBridge() start...
[2026-07-02 14:50:47] [DEBUG] ConsoleController::ServerBridge() \Develop\Controllers\ProjectController::projectSelectAction()
[2026-07-02 14:50:47] [DEBUG] ProjectController::projectSelectAction() start...
[2026-07-02 14:50:47] [DEBUG] ProjectController::projectSelectAction() ☆★☆　SampleProject１
[2026-07-02 14:50:47] [DEBUG] Screen::updateAreaB() path: \Develop\Views\AreaB\Area_B.view start...
[2026-07-02 14:50:47] [DEBUG] Screen::getContents() start...
[2026-07-02 14:50:47] [DEBUG] Screen::getContents() finish.
[2026-07-02 14:50:47] [DEBUG] Screen::updateAreaB() finish.
[2026-07-02 14:50:47] [DEBUG] ProjectController::projectSelectAction() PRJ-D45FEF : PRJ-D45FEF
[2026-07-02 14:50:47] [DEBUG] ProjectController::getProjectListHtml() start...
[2026-07-02 14:50:47] [DEBUG] ProjectModel::getProjectList() start...
[2026-07-02 14:50:47] [DEBUG] ProjectModel::getProjectList() finish.
[2026-07-02 14:50:47] [DEBUG] CodeMasterModel：：getCodesByGroup() start...
[2026-07-02 14:50:47] [DEBUG] CodeMasterModel：：getCodesByGroup() finish.
[2026-07-02 14:50:47] [DEBUG] ProjectController::getNaviFooterHtml() start...
[2026-07-02 14:50:47] [DEBUG] ProjectController::getNaviFooterHtml() finish.
[2026-07-02 14:50:47] [DEBUG] Screen::updateAreaC() \Develop\Views\AreaC\Area_C.view start...
[2026-07-02 14:50:47] [DEBUG] Screen::getContents() start...
[2026-07-02 14:50:47] [DEBUG] Screen::getContents() finish.
[2026-07-02 14:50:47] [DEBUG] Screen::updateAreaC() finish.
[2026-07-02 14:50:47] [DEBUG] Screen::updateAreaD() path: \Develop\Views\AreaD\Area_D_clear.view start...
[2026-07-02 14:50:47] [DEBUG] Screen::getContents() start...
[2026-07-02 14:50:47] [DEBUG] Screen::getContents() finish.
[2026-07-02 14:50:47] [DEBUG] Screen::updateAreaD() finish.
[2026-07-02 14:50:47] [DEBUG] Screen::updateAreaE() [iframe起動版] path: \Develop\Views\AreaE\Area_E_clear.view start...
[2026-07-02 14:50:47] [DEBUG] Screen::getContents() start...
[2026-07-02 14:50:47] [DEBUG] Screen::getContents() finish.
[2026-07-02 14:50:47] [DEBUG] Screen::updateAreaE() finish.
[2026-07-02 14:50:47] [DEBUG] ProjectController::projectSelectAction() finish.
[2026-07-02 14:50:47] [DEBUG] Screen::areaView() start...
[2026-07-02 14:50:47] [DEBUG] Screen::areaView() finish.
[2026-07-02 14:50:48] [DEBUG] --- wwProject System Start ---
[2026-07-02 14:50:48] [DEBUG] Router::Router() /jemini/wwProjectV1.33/Develop/Console/ServerBridgeAction/
[2026-07-02 14:50:48] [DEBUG] Attempting to load: \Develop\Controllers\ConsoleController::ServerBridgeAction
[2026-07-02 14:50:48] [DEBUG] Router: Executing \Develop\Controllers\ConsoleController->ServerBridgeAction
[2026-07-02 14:50:48] [DEBUG] ConsoleController::ServerBridge() start...
[2026-07-02 14:50:48] [DEBUG] ConsoleController::ServerBridge() \Develop\Controllers\PartsDefinitionController::InitialAction()
[2026-07-02 14:50:48] [DEBUG] DBDefinitionController::initialAction() start...
[2026-07-02 14:50:48] [DEBUG] PartsDefinitionController::initialAction() projectId : PRJ-D45FEF
[2026-07-02 14:50:48] [DEBUG] PartsDefinitionModel::getAllPartsList() start... Project ID: PRJ-D45FEF
[2026-07-02 14:50:48] [DEBUG] Screen::updateAreaD() path: \Develop\Views\AreaD\PartsDefinition\PartsDefinitionList.view start...
[2026-07-02 14:50:48] [DEBUG] Screen::getContents() start...
[2026-07-02 14:50:48] [DEBUG] Screen::getContents() finish.
[2026-07-02 14:50:48] [DEBUG] Screen::updateAreaD() finish.
[2026-07-02 14:50:48] [DEBUG] Screen::updateAreaE() [iframe起動版] path: \Develop\Views\AreaE\Area_E_clear.view start...
[2026-07-02 14:50:48] [DEBUG] Screen::getContents() start...
[2026-07-02 14:50:48] [DEBUG] Screen::getContents() finish.
[2026-07-02 14:50:48] [DEBUG] Screen::updateAreaE() finish.
[2026-07-02 14:50:48] [DEBUG] DBDefinitionController::initialAction() end.
[2026-07-02 14:50:48] [DEBUG] Screen::areaView() start...
[2026-07-02 14:50:48] [DEBUG] Screen::areaView() finish.
[2026-07-02 14:50:53] [DEBUG] --- wwProject System Start ---
[2026-07-02 14:50:53] [DEBUG] Router::Router() /jemini/wwProjectV1.33/Develop/Console/ServerBridgeAction/
[2026-07-02 14:50:53] [DEBUG] Attempting to load: \Develop\Controllers\ConsoleController::ServerBridgeAction
[2026-07-02 14:50:53] [DEBUG] Router: Executing \Develop\Controllers\ConsoleController->ServerBridgeAction
[2026-07-02 14:50:53] [DEBUG] ConsoleController::ServerBridge() start...
[2026-07-02 14:50:53] [DEBUG] ConsoleController::ServerBridge() \Develop\Controllers\PartsDefinitionController::newPartsAction()
[2026-07-02 14:50:53] [DEBUG] PartsDefinitionController::newPartsAction() start...
[2026-07-02 14:50:53] [DEBUG] PartsDefinitionModel::getTableStructure() start... Project ID: PRJ-D45FEF
[2026-07-02 14:50:53] [DEBUG] Screen::updateAreaE() [iframe起動版] path: \Develop\Views\AreaE\PartsDefinition\RegistParts.view start...
[2026-07-02 14:50:53] [DEBUG] Screen::getContents() start...
[2026-07-02 14:50:53] [DEBUG] Screen::getContents() finish.
[2026-07-02 14:50:53] [DEBUG] Screen::updateAreaE() finish.
[2026-07-02 14:50:53] [DEBUG] PartsDefinitionController::newPartsAction() end.
[2026-07-02 14:50:53] [DEBUG] Screen::areaView() start...
[2026-07-02 14:50:53] [DEBUG] Screen::areaView() finish.
[2026-07-02 14:51:12] [DEBUG] --- wwProject System Start ---
[2026-07-02 14:51:12] [DEBUG] Router::Router() /jemini/wwProjectV1.33/Develop/Console/ServerBridgeAction/
[2026-07-02 14:51:12] [DEBUG] Attempting to load: \Develop\Controllers\ConsoleController::ServerBridgeAction
[2026-07-02 14:51:12] [DEBUG] Router: Executing \Develop\Controllers\ConsoleController->ServerBridgeAction
[2026-07-02 14:51:12] [DEBUG] ConsoleController::ServerBridge() start...
[2026-07-02 14:51:12] [DEBUG] ConsoleController::ServerBridge() \Develop\Controllers\PartsDefinitionController::getColumnsAction()
[2026-07-02 14:51:12] [DEBUG] PartsDefinitionController::getColumnsAction() start...
[2026-07-02 14:51:12] [DEBUG] PartsDefinitionModel::getColumnsByTableId() start... Input: developers
[2026-07-02 14:51:12] [DEBUG] 逆引き成功: 物理名 developers -> table_id : 6
[2026-07-02 14:51:12] [DEBUG] PartsDefinitionModel::getColumnsByTableId() finish. 件数: 9
[2026-07-02 14:51:12] [DEBUG] PartsDefinitionModel::getTableStructure() start... Project ID: PRJ-D45FEF
[2026-07-02 14:51:12] [DEBUG] Screen::updateAreaE() [iframe起動版] path: \Develop\Views\AreaE\PartsDefinition\RegistParts.view start...
[2026-07-02 14:51:12] [DEBUG] Screen::getContents() start...
[2026-07-02 14:51:12] [DEBUG] Screen::getContents() finish.
[2026-07-02 14:51:12] [DEBUG] Screen::updateAreaE() finish.
[2026-07-02 14:51:12] [DEBUG] PartsDefinitionController::getColumnsAction() end.
[2026-07-02 14:51:12] [DEBUG] Screen::areaView() start...
[2026-07-02 14:51:12] [DEBUG] Screen::areaView() finish.
[2026-07-02 14:51:40] [DEBUG] --- wwProject System Start ---
[2026-07-02 14:51:40] [DEBUG] Router::Router() /jemini/wwProjectV1.33/Develop/Console/ServerBridgeAction/
[2026-07-02 14:51:40] [DEBUG] Attempting to load: \Develop\Controllers\ConsoleController::ServerBridgeAction
[2026-07-02 14:51:40] [DEBUG] Router: Executing \Develop\Controllers\ConsoleController->ServerBridgeAction
[2026-07-02 14:51:40] [DEBUG] ConsoleController::ServerBridge() start...
[2026-07-02 14:51:40] [DEBUG] ConsoleController::ServerBridge() \Develop\Controllers\PartsDefinitionController::saveAction()
[2026-07-02 14:51:40] [DEBUG] PartsDefinitionController::saveAction() start...
[2026-07-02 14:51:40] [DEBUG] PartsDefinitionModel::saveParts() start... Project ID: PRJ-D45FEF, Parts ID: 
[2026-07-02 14:51:40] [DEBUG] PartsDefinitionModel::saveParts() 保存するchecked_columns_jsonの値: [id,user_name,login_id,xyz]
[2026-07-02 14:51:40] [DEBUG] PartsDefinitionModel::saveParts() INSERTを実行します。
[2026-07-02 14:51:40] [ERROR] ❌ PartsDefinitionModel::saveParts() でエラーが発生しました: SQLSTATE[23000]: Integrity constraint violation: 1048 Column 'input_rows' cannot be null
[2026-07-02 14:51:40] [ERROR] ConsoleController::ServerBridge Fatal: SQLSTATE[23000]: Integrity constraint violation: 1048 Column 'input_rows' cannot be null
[2026-07-02 14:53:37] [DEBUG] --- wwProject System Start ---
[2026-07-02 14:53:37] [DEBUG] Router::Router() /jemini/wwProjectV1.33/Develop/Console/ServerBridgeAction/
[2026-07-02 14:53:37] [DEBUG] Attempting to load: \Develop\Controllers\ConsoleController::ServerBridgeAction
[2026-07-02 14:53:37] [DEBUG] Router: Executing \Develop\Controllers\ConsoleController->ServerBridgeAction
[2026-07-02 14:53:37] [DEBUG] ConsoleController::ServerBridge() start...
[2026-07-02 14:53:37] [DEBUG] ConsoleController::ServerBridge() \Develop\Controllers\PartsDefinitionController::newPartsAction()
[2026-07-02 14:53:37] [DEBUG] PartsDefinitionController::newPartsAction() start...
[2026-07-02 14:53:37] [DEBUG] PartsDefinitionModel::getTableStructure() start... Project ID: PRJ-D45FEF
[2026-07-02 14:53:37] [DEBUG] Screen::updateAreaE() [iframe起動版] path: \Develop\Views\AreaE\PartsDefinition\RegistParts.view start...
[2026-07-02 14:53:37] [DEBUG] Screen::getContents() start...
[2026-07-02 14:53:37] [DEBUG] Screen::getContents() finish.
[2026-07-02 14:53:37] [DEBUG] Screen::updateAreaE() finish.
[2026-07-02 14:53:37] [DEBUG] PartsDefinitionController::newPartsAction() end.
[2026-07-02 14:53:37] [DEBUG] Screen::areaView() start...
[2026-07-02 14:53:37] [DEBUG] Screen::areaView() finish.
[2026-07-02 14:53:40] [DEBUG] --- wwProject System Start ---
[2026-07-02 14:53:40] [DEBUG] Router::Router() /jemini/wwProjectV1.33/Develop/
[2026-07-02 14:53:40] [DEBUG] Attempting to load: \Develop\Controllers\LoginController::initialAction
[2026-07-02 14:53:40] [DEBUG] Router: Executing \Develop\Controllers\LoginController->initialAction
[2026-07-02 14:53:40] [DEBUG] Login::initialAction() start...
[2026-07-02 14:53:40] [DEBUG] Login::initialAction() errorMessage : 
[2026-07-02 14:53:40] [DEBUG] Screen::view() path: \Develop\Views\Login\Login.view start...
[2026-07-02 14:53:40] [DEBUG] Screen::getContents() start...
[2026-07-02 14:53:40] [DEBUG] Screen::getContents() finish.
[2026-07-02 14:53:40] [DEBUG] Screen::view() path: \Develop\Views\Login\Login.view finish.
[2026-07-02 14:53:40] [DEBUG] Login::initialAction() finish.
[2026-07-02 14:53:42] [DEBUG] --- wwProject System Start ---
[2026-07-02 14:53:42] [DEBUG] Router::Router() /jemini/wwProjectV1.33/Develop/Login/authentication/
[2026-07-02 14:53:42] [DEBUG] Attempting to load: \Develop\Controllers\LoginController::authenticationAction
[2026-07-02 14:53:42] [DEBUG] Router: Executing \Develop\Controllers\LoginController->authenticationAction
[2026-07-02 14:53:42] [DEBUG] Login::AuthenticationAction() start...
[2026-07-02 14:53:42] [DEBUG] Login OK - x
[2026-07-02 14:53:42] [DEBUG] Session::start()
[2026-07-02 14:53:42] [DEBUG] Redirect to Console::initialAction()
[2026-07-02 14:53:42] [DEBUG] --- wwProject System Start ---
[2026-07-02 14:53:42] [DEBUG] Router::Router() /jemini/wwProjectV1.33/Develop/Console/initial/
[2026-07-02 14:53:42] [DEBUG] Attempting to load: \Develop\Controllers\ConsoleController::initialAction
[2026-07-02 14:53:42] [DEBUG] Router: Executing \Develop\Controllers\ConsoleController->initialAction
[2026-07-02 14:53:42] [DEBUG] Console::initialAction() start...
[2026-07-02 14:53:42] [DEBUG] Screen::view() path: \Develop\Views\Console\Console.view start...
[2026-07-02 14:53:42] [DEBUG] Screen::getContents() start...
[2026-07-02 14:53:42] [DEBUG] Screen::getContents() finish.
[2026-07-02 14:53:42] [DEBUG] Screen::view() path: \Develop\Views\Console\Console.view finish.
[2026-07-02 14:53:42] [DEBUG] ConsoleController::initialAction() finish.
[2026-07-02 14:53:42] [DEBUG] --- wwProject System Start ---
[2026-07-02 14:53:42] [DEBUG] Router::Router() /jemini/wwProjectV1.33/Develop/Console/ServerBridgeAction/
[2026-07-02 14:53:42] [DEBUG] Attempting to load: \Develop\Controllers\ConsoleController::ServerBridgeAction
[2026-07-02 14:53:42] [DEBUG] Router: Executing \Develop\Controllers\ConsoleController->ServerBridgeAction
[2026-07-02 14:53:42] [DEBUG] ConsoleController::ServerBridge() start...
[2026-07-02 14:53:42] [DEBUG] ConsoleController::ServerBridge() \Develop\Controllers\ConsoleController::areaInitialAction()
[2026-07-02 14:53:42] [DEBUG] ConsoleController::AreaInitialAction() start...
[2026-07-02 14:53:42] [DEBUG] Screen::updateAreaA() path: \Develop\Views\AreaA\Area_A.view start...
[2026-07-02 14:53:42] [DEBUG] Screen::areaView() sending JSON: ["areas"]
[2026-07-02 14:53:42] [DEBUG] Screen::getContents() start...
[2026-07-02 14:53:42] [DEBUG] Screen::getContents() finish.
[2026-07-02 14:53:42] [DEBUG] Screen::updateAreaA() finish.
[2026-07-02 14:53:42] [DEBUG] Screen::updateAreaB() path: \Develop\Views\AreaB\Area_B.view start...
[2026-07-02 14:53:42] [DEBUG] Screen::getContents() start...
[2026-07-02 14:53:42] [DEBUG] Screen::getContents() finish.
[2026-07-02 14:53:42] [DEBUG] Screen::updateAreaB() finish.
[2026-07-02 14:53:42] [DEBUG] Screen::updateAreaD() path: \Develop\Views\AreaD\Area_D_clear.view start...
[2026-07-02 14:53:42] [DEBUG] Screen::getContents() start...
[2026-07-02 14:53:42] [DEBUG] Screen::getContents() finish.
[2026-07-02 14:53:42] [DEBUG] Screen::updateAreaD() finish.
[2026-07-02 14:53:42] [DEBUG] Screen::updateAreaE() [iframe起動版] path: \Develop\Views\AreaE\Area_E_clear.view start...
[2026-07-02 14:53:42] [DEBUG] Screen::getContents() start...
[2026-07-02 14:53:42] [DEBUG] Screen::getContents() finish.
[2026-07-02 14:53:42] [DEBUG] Screen::updateAreaE() finish.
[2026-07-02 14:53:42] [DEBUG] Screen::updateAreaF() path: \Develop\Views\AreaF\Area_F.view start...
[2026-07-02 14:53:42] [DEBUG] Screen::getContents() start...
[2026-07-02 14:53:42] [DEBUG] Screen::getContents() finish.
[2026-07-02 14:53:42] [DEBUG] Screen::updateAreaF() finish.
[2026-07-02 14:53:42] [DEBUG] ProjectController::startProjectNabi() start...
[2026-07-02 14:53:42] [DEBUG] ProjectController::getProjectListHtml() start...
[2026-07-02 14:53:42] [DEBUG] ProjectModel::getProjectList() start...
[2026-07-02 14:53:42] [DEBUG] ProjectModel::getProjectList() finish.
[2026-07-02 14:53:42] [DEBUG] CodeMasterModel：：getCodesByGroup() start...
[2026-07-02 14:53:42] [DEBUG] CodeMasterModel：：getCodesByGroup() finish.
[2026-07-02 14:53:42] [DEBUG] ProjectController::getNaviFooterHtml() start...
[2026-07-02 14:53:42] [DEBUG] ProjectController::getNaviFooterHtml() finish.
[2026-07-02 14:53:42] [DEBUG] ProjectController::startProjectNabi() finish.
[2026-07-02 14:53:42] [DEBUG] Screen::updateAreaC() \Develop\Views\AreaC\Area_C.view start...
[2026-07-02 14:53:42] [DEBUG] Screen::getContents() start...
[2026-07-02 14:53:42] [DEBUG] Screen::getContents() finish.
[2026-07-02 14:53:42] [DEBUG] Screen::updateAreaC() finish.
[2026-07-02 14:53:42] [DEBUG] ConsoleController::AreaInitialAction() finish.
[2026-07-02 14:53:42] [DEBUG] Screen::areaView() start...
[2026-07-02 14:53:42] [DEBUG] Screen::areaView() finish.
[2026-07-02 14:53:44] [DEBUG] --- wwProject System Start ---
[2026-07-02 14:53:44] [DEBUG] Router::Router() /jemini/wwProjectV1.33/Develop/Console/ServerBridgeAction/
[2026-07-02 14:53:44] [DEBUG] Attempting to load: \Develop\Controllers\ConsoleController::ServerBridgeAction
[2026-07-02 14:53:44] [DEBUG] Router: Executing \Develop\Controllers\ConsoleController->ServerBridgeAction
[2026-07-02 14:53:44] [DEBUG] ConsoleController::ServerBridge() start...
[2026-07-02 14:53:44] [DEBUG] ConsoleController::ServerBridge() \Develop\Controllers\ProjectController::projectSelectAction()
[2026-07-02 14:53:44] [DEBUG] ProjectController::projectSelectAction() start...
[2026-07-02 14:53:44] [DEBUG] ProjectController::projectSelectAction() ☆★☆　SampleProject１
[2026-07-02 14:53:44] [DEBUG] Screen::updateAreaB() path: \Develop\Views\AreaB\Area_B.view start...
[2026-07-02 14:53:44] [DEBUG] Screen::getContents() start...
[2026-07-02 14:53:44] [DEBUG] Screen::getContents() finish.
[2026-07-02 14:53:44] [DEBUG] Screen::updateAreaB() finish.
[2026-07-02 14:53:44] [DEBUG] ProjectController::projectSelectAction() PRJ-D45FEF : PRJ-D45FEF
[2026-07-02 14:53:44] [DEBUG] ProjectController::getProjectListHtml() start...
[2026-07-02 14:53:44] [DEBUG] ProjectModel::getProjectList() start...
[2026-07-02 14:53:44] [DEBUG] ProjectModel::getProjectList() finish.
[2026-07-02 14:53:44] [DEBUG] CodeMasterModel：：getCodesByGroup() start...
[2026-07-02 14:53:44] [DEBUG] CodeMasterModel：：getCodesByGroup() finish.
[2026-07-02 14:53:44] [DEBUG] ProjectController::getNaviFooterHtml() start...
[2026-07-02 14:53:44] [DEBUG] ProjectController::getNaviFooterHtml() finish.
[2026-07-02 14:53:44] [DEBUG] Screen::updateAreaC() \Develop\Views\AreaC\Area_C.view start...
[2026-07-02 14:53:44] [DEBUG] Screen::getContents() start...
[2026-07-02 14:53:44] [DEBUG] Screen::getContents() finish.
[2026-07-02 14:53:44] [DEBUG] Screen::updateAreaC() finish.
[2026-07-02 14:53:44] [DEBUG] Screen::updateAreaD() path: \Develop\Views\AreaD\Area_D_clear.view start...
[2026-07-02 14:53:44] [DEBUG] Screen::getContents() start...
[2026-07-02 14:53:44] [DEBUG] Screen::getContents() finish.
[2026-07-02 14:53:44] [DEBUG] Screen::updateAreaD() finish.
[2026-07-02 14:53:44] [DEBUG] Screen::updateAreaE() [iframe起動版] path: \Develop\Views\AreaE\Area_E_clear.view start...
[2026-07-02 14:53:44] [DEBUG] Screen::getContents() start...
[2026-07-02 14:53:44] [DEBUG] Screen::getContents() finish.
[2026-07-02 14:53:44] [DEBUG] Screen::updateAreaE() finish.
[2026-07-02 14:53:44] [DEBUG] ProjectController::projectSelectAction() finish.
[2026-07-02 14:53:44] [DEBUG] Screen::areaView() start...
[2026-07-02 14:53:44] [DEBUG] Screen::areaView() finish.
[2026-07-02 14:53:45] [DEBUG] --- wwProject System Start ---
[2026-07-02 14:53:45] [DEBUG] Router::Router() /jemini/wwProjectV1.33/Develop/Console/ServerBridgeAction/
[2026-07-02 14:53:45] [DEBUG] Attempting to load: \Develop\Controllers\ConsoleController::ServerBridgeAction
[2026-07-02 14:53:45] [DEBUG] Router: Executing \Develop\Controllers\ConsoleController->ServerBridgeAction
[2026-07-02 14:53:45] [DEBUG] ConsoleController::ServerBridge() start...
[2026-07-02 14:53:45] [DEBUG] ConsoleController::ServerBridge() \Develop\Controllers\PartsDefinitionController::InitialAction()
[2026-07-02 14:53:45] [DEBUG] DBDefinitionController::initialAction() start...
[2026-07-02 14:53:45] [DEBUG] PartsDefinitionController::initialAction() projectId : PRJ-D45FEF
[2026-07-02 14:53:45] [DEBUG] PartsDefinitionModel::getAllPartsList() start... Project ID: PRJ-D45FEF
[2026-07-02 14:53:45] [DEBUG] Screen::updateAreaD() path: \Develop\Views\AreaD\PartsDefinition\PartsDefinitionList.view start...
[2026-07-02 14:53:45] [DEBUG] Screen::getContents() start...
[2026-07-02 14:53:45] [DEBUG] Screen::getContents() finish.
[2026-07-02 14:53:45] [DEBUG] Screen::updateAreaD() finish.
[2026-07-02 14:53:45] [DEBUG] Screen::updateAreaE() [iframe起動版] path: \Develop\Views\AreaE\Area_E_clear.view start...
[2026-07-02 14:53:45] [DEBUG] Screen::getContents() start...
[2026-07-02 14:53:45] [DEBUG] Screen::getContents() finish.
[2026-07-02 14:53:45] [DEBUG] Screen::updateAreaE() finish.
[2026-07-02 14:53:45] [DEBUG] DBDefinitionController::initialAction() end.
[2026-07-02 14:53:45] [DEBUG] Screen::areaView() start...
[2026-07-02 14:53:45] [DEBUG] Screen::areaView() finish.
[2026-07-02 14:53:47] [DEBUG] --- wwProject System Start ---
[2026-07-02 14:53:47] [DEBUG] Router::Router() /jemini/wwProjectV1.33/Develop/Console/ServerBridgeAction/
[2026-07-02 14:53:47] [DEBUG] Attempting to load: \Develop\Controllers\ConsoleController::ServerBridgeAction
[2026-07-02 14:53:47] [DEBUG] Router: Executing \Develop\Controllers\ConsoleController->ServerBridgeAction
[2026-07-02 14:53:47] [DEBUG] ConsoleController::ServerBridge() start...
[2026-07-02 14:53:47] [DEBUG] ConsoleController::ServerBridge() \Develop\Controllers\PartsDefinitionController::newPartsAction()
[2026-07-02 14:53:47] [DEBUG] PartsDefinitionController::newPartsAction() start...
[2026-07-02 14:53:47] [DEBUG] PartsDefinitionModel::getTableStructure() start... Project ID: PRJ-D45FEF
[2026-07-02 14:53:47] [DEBUG] Screen::updateAreaE() [iframe起動版] path: \Develop\Views\AreaE\PartsDefinition\RegistParts.view start...
[2026-07-02 14:53:47] [DEBUG] Screen::getContents() start...
[2026-07-02 14:53:47] [DEBUG] Screen::getContents() finish.
[2026-07-02 14:53:47] [DEBUG] Screen::updateAreaE() finish.
[2026-07-02 14:53:47] [DEBUG] PartsDefinitionController::newPartsAction() end.
[2026-07-02 14:53:47] [DEBUG] Screen::areaView() start...
[2026-07-02 14:53:47] [DEBUG] Screen::areaView() finish.
[2026-07-02 14:54:01] [DEBUG] --- wwProject System Start ---
[2026-07-02 14:54:01] [DEBUG] Router::Router() /jemini/wwProjectV1.33/Develop/Console/ServerBridgeAction/
[2026-07-02 14:54:01] [DEBUG] Attempting to load: \Develop\Controllers\ConsoleController::ServerBridgeAction
[2026-07-02 14:54:01] [DEBUG] Router: Executing \Develop\Controllers\ConsoleController->ServerBridgeAction
[2026-07-02 14:54:01] [DEBUG] ConsoleController::ServerBridge() start...
[2026-07-02 14:54:01] [DEBUG] ConsoleController::ServerBridge() \Develop\Controllers\PartsDefinitionController::getColumnsAction()
[2026-07-02 14:54:01] [DEBUG] PartsDefinitionController::getColumnsAction() start...
[2026-07-02 14:54:01] [DEBUG] PartsDefinitionModel::getColumnsByTableId() start... Input: developers
[2026-07-02 14:54:01] [DEBUG] 逆引き成功: 物理名 developers -> table_id : 6
[2026-07-02 14:54:01] [DEBUG] PartsDefinitionModel::getColumnsByTableId() finish. 件数: 9
[2026-07-02 14:54:01] [DEBUG] PartsDefinitionModel::getTableStructure() start... Project ID: PRJ-D45FEF
[2026-07-02 14:54:01] [DEBUG] Screen::updateAreaE() [iframe起動版] path: \Develop\Views\AreaE\PartsDefinition\RegistParts.view start...
[2026-07-02 14:54:01] [DEBUG] Screen::getContents() start...
[2026-07-02 14:54:01] [DEBUG] Screen::getContents() finish.
[2026-07-02 14:54:01] [DEBUG] Screen::updateAreaE() finish.
[2026-07-02 14:54:01] [DEBUG] PartsDefinitionController::getColumnsAction() end.
[2026-07-02 14:54:01] [DEBUG] Screen::areaView() start...
[2026-07-02 14:54:01] [DEBUG] Screen::areaView() finish.
[2026-07-02 14:54:29] [DEBUG] --- wwProject System Start ---
[2026-07-02 14:54:29] [DEBUG] Router::Router() /jemini/wwProjectV1.33/Develop/Console/ServerBridgeAction/
[2026-07-02 14:54:29] [DEBUG] Attempting to load: \Develop\Controllers\ConsoleController::ServerBridgeAction
[2026-07-02 14:54:29] [DEBUG] Router: Executing \Develop\Controllers\ConsoleController->ServerBridgeAction
[2026-07-02 14:54:29] [DEBUG] ConsoleController::ServerBridge() start...
[2026-07-02 14:54:29] [DEBUG] ConsoleController::ServerBridge() \Develop\Controllers\PartsDefinitionController::saveAction()
[2026-07-02 14:54:29] [DEBUG] PartsDefinitionController::saveAction() start...
[2026-07-02 14:54:29] [DEBUG] PartsDefinitionModel::saveParts() start... Project ID: PRJ-D45FEF, Parts ID: 
[2026-07-02 14:54:29] [DEBUG] PartsDefinitionModel::saveParts() 保存するchecked_columns_jsonの値: [id,user_name,login_id,xyz]
[2026-07-02 14:54:29] [DEBUG] PartsDefinitionModel::saveParts() INSERTを実行します。
[2026-07-02 14:54:29] [ERROR] ❌ PartsDefinitionModel::saveParts() でエラーが発生しました: SQLSTATE[23000]: Integrity constraint violation: 1048 Column 'input_rows' cannot be null
[2026-07-02 14:54:29] [ERROR] ConsoleController::ServerBridge Fatal: SQLSTATE[23000]: Integrity constraint violation: 1048 Column 'input_rows' cannot be null
[2026-07-02 15:09:37] [DEBUG] --- wwProject System Start ---
[2026-07-02 15:09:37] [DEBUG] Router::Router() /jemini/wwProjectV1.33/Develop/Console/ServerBridgeAction/
[2026-07-02 15:09:37] [DEBUG] Attempting to load: \Develop\Controllers\ConsoleController::ServerBridgeAction
[2026-07-02 15:09:37] [DEBUG] Router: Executing \Develop\Controllers\ConsoleController->ServerBridgeAction
[2026-07-02 15:09:37] [DEBUG] ConsoleController::ServerBridge() start...
[2026-07-02 15:09:37] [DEBUG] ConsoleController::ServerBridge() \Develop\Controllers\PartsDefinitionController::editPartsAction()
[2026-07-02 15:09:37] [DEBUG] PartsDefinitionController::editPartsAction() start...
[2026-07-02 15:09:38] [DEBUG] PartsDefinitionModel::getAllPartsList() start... Project ID: PRJ-D45FEF
[2026-07-02 15:09:38] [DEBUG] PartsDefinitionModel::getColumnsByTableId() start... Input: developers
[2026-07-02 15:09:38] [DEBUG] 逆引き成功: 物理名 developers -> table_id : 6
[2026-07-02 15:09:38] [DEBUG] PartsDefinitionModel::getColumnsByTableId() finish. 件数: 9
[2026-07-02 15:09:38] [DEBUG] PartsDefinitionModel::getTableStructure() start... Project ID: PRJ-D45FEF
[2026-07-02 15:09:38] [DEBUG] Screen::updateAreaE() [iframe起動版] path: \Develop\Views\AreaE\PartsDefinition\RegistParts.view start...
[2026-07-02 15:09:38] [DEBUG] Screen::getContents() start...
[2026-07-02 15:09:38] [DEBUG] Screen::getContents() finish.
[2026-07-02 15:09:38] [DEBUG] Screen::updateAreaE() finish.
[2026-07-02 15:09:38] [DEBUG] PartsDefinitionController::editPartsAction() end.
[2026-07-02 15:09:38] [DEBUG] Screen::areaView() start...
[2026-07-02 15:09:38] [DEBUG] Screen::areaView() finish.
[2026-07-02 15:09:39] [DEBUG] --- wwProject System Start ---
[2026-07-02 15:09:39] [DEBUG] Router::Router() /jemini/wwProjectV1.33/Develop/Console/ServerBridgeAction/
[2026-07-02 15:09:39] [DEBUG] Attempting to load: \Develop\Controllers\ConsoleController::ServerBridgeAction
[2026-07-02 15:09:39] [DEBUG] Router: Executing \Develop\Controllers\ConsoleController->ServerBridgeAction
[2026-07-02 15:09:39] [DEBUG] ConsoleController::ServerBridge() start...
[2026-07-02 15:09:39] [DEBUG] ConsoleController::ServerBridge() \Develop\Controllers\PartsDefinitionController::editPartsAction()
[2026-07-02 15:09:39] [DEBUG] PartsDefinitionController::editPartsAction() start...
[2026-07-02 15:09:39] [DEBUG] PartsDefinitionModel::getAllPartsList() start... Project ID: PRJ-D45FEF
[2026-07-02 15:09:39] [DEBUG] PartsDefinitionModel::getColumnsByTableId() start... Input: developers
[2026-07-02 15:09:39] [DEBUG] 逆引き成功: 物理名 developers -> table_id : 6
[2026-07-02 15:09:39] [DEBUG] PartsDefinitionModel::getColumnsByTableId() finish. 件数: 9
[2026-07-02 15:09:39] [DEBUG] PartsDefinitionModel::getTableStructure() start... Project ID: PRJ-D45FEF
[2026-07-02 15:09:39] [DEBUG] Screen::updateAreaE() [iframe起動版] path: \Develop\Views\AreaE\PartsDefinition\RegistParts.view start...
[2026-07-02 15:09:39] [DEBUG] Screen::getContents() start...
[2026-07-02 15:09:39] [DEBUG] Screen::getContents() finish.
[2026-07-02 15:09:39] [DEBUG] Screen::updateAreaE() finish.
[2026-07-02 15:09:39] [DEBUG] PartsDefinitionController::editPartsAction() end.
[2026-07-02 15:09:39] [DEBUG] Screen::areaView() start...
[2026-07-02 15:09:39] [DEBUG] Screen::areaView() finish.
[2026-07-02 15:09:40] [DEBUG] --- wwProject System Start ---
[2026-07-02 15:09:40] [DEBUG] Router::Router() /jemini/wwProjectV1.33/Develop/Console/ServerBridgeAction/
[2026-07-02 15:09:40] [DEBUG] Attempting to load: \Develop\Controllers\ConsoleController::ServerBridgeAction
[2026-07-02 15:09:40] [DEBUG] Router: Executing \Develop\Controllers\ConsoleController->ServerBridgeAction
[2026-07-02 15:09:40] [DEBUG] ConsoleController::ServerBridge() start...
[2026-07-02 15:09:40] [DEBUG] ConsoleController::ServerBridge() \Develop\Controllers\PartsDefinitionController::editPartsAction()
[2026-07-02 15:09:40] [DEBUG] PartsDefinitionController::editPartsAction() start...
[2026-07-02 15:09:40] [DEBUG] PartsDefinitionModel::getAllPartsList() start... Project ID: PRJ-D45FEF
[2026-07-02 15:09:40] [DEBUG] PartsDefinitionModel::getColumnsByTableId() start... Input: developers
[2026-07-02 15:09:40] [DEBUG] 逆引き成功: 物理名 developers -> table_id : 6
[2026-07-02 15:09:40] [DEBUG] PartsDefinitionModel::getColumnsByTableId() finish. 件数: 9
[2026-07-02 15:09:40] [DEBUG] PartsDefinitionModel::getTableStructure() start... Project ID: PRJ-D45FEF
[2026-07-02 15:09:40] [DEBUG] Screen::updateAreaE() [iframe起動版] path: \Develop\Views\AreaE\PartsDefinition\RegistParts.view start...
[2026-07-02 15:09:40] [DEBUG] Screen::getContents() start...
[2026-07-02 15:09:40] [DEBUG] Screen::getContents() finish.
[2026-07-02 15:09:40] [DEBUG] Screen::updateAreaE() finish.
[2026-07-02 15:09:40] [DEBUG] PartsDefinitionController::editPartsAction() end.
[2026-07-02 15:09:40] [DEBUG] Screen::areaView() start...
[2026-07-02 15:09:40] [DEBUG] Screen::areaView() finish.
[2026-07-02 15:09:41] [DEBUG] --- wwProject System Start ---
[2026-07-02 15:09:41] [DEBUG] Router::Router() /jemini/wwProjectV1.33/Develop/Console/ServerBridgeAction/
[2026-07-02 15:09:41] [DEBUG] Attempting to load: \Develop\Controllers\ConsoleController::ServerBridgeAction
[2026-07-02 15:09:41] [DEBUG] Router: Executing \Develop\Controllers\ConsoleController->ServerBridgeAction
[2026-07-02 15:09:41] [DEBUG] ConsoleController::ServerBridge() start...
[2026-07-02 15:09:41] [DEBUG] ConsoleController::ServerBridge() \Develop\Controllers\PartsDefinitionController::editPartsAction()
[2026-07-02 15:09:41] [DEBUG] PartsDefinitionController::editPartsAction() start...
[2026-07-02 15:09:41] [DEBUG] PartsDefinitionModel::getAllPartsList() start... Project ID: PRJ-D45FEF
[2026-07-02 15:09:41] [DEBUG] PartsDefinitionModel::getColumnsByTableId() start... Input: developers
[2026-07-02 15:09:41] [DEBUG] 逆引き成功: 物理名 developers -> table_id : 6
[2026-07-02 15:09:41] [DEBUG] PartsDefinitionModel::getColumnsByTableId() finish. 件数: 9
[2026-07-02 15:09:41] [DEBUG] PartsDefinitionModel::getTableStructure() start... Project ID: PRJ-D45FEF
[2026-07-02 15:09:41] [DEBUG] Screen::updateAreaE() [iframe起動版] path: \Develop\Views\AreaE\PartsDefinition\RegistParts.view start...
[2026-07-02 15:09:41] [DEBUG] Screen::getContents() start...
[2026-07-02 15:09:41] [DEBUG] Screen::getContents() finish.
[2026-07-02 15:09:41] [DEBUG] Screen::updateAreaE() finish.
[2026-07-02 15:09:41] [DEBUG] PartsDefinitionController::editPartsAction() end.
[2026-07-02 15:09:41] [DEBUG] Screen::areaView() start...
[2026-07-02 15:09:41] [DEBUG] Screen::areaView() finish.
[2026-07-02 15:11:47] [DEBUG] --- wwProject System Start ---
[2026-07-02 15:11:47] [DEBUG] Router::Router() /jemini/wwProjectV1.33/Develop/
[2026-07-02 15:11:47] [DEBUG] Attempting to load: \Develop\Controllers\LoginController::initialAction
[2026-07-02 15:11:47] [DEBUG] Router: Executing \Develop\Controllers\LoginController->initialAction
[2026-07-02 15:11:47] [DEBUG] Login::initialAction() start...
[2026-07-02 15:11:47] [DEBUG] Login::initialAction() errorMessage : 
[2026-07-02 15:11:47] [DEBUG] Screen::view() path: \Develop\Views\Login\Login.view start...
[2026-07-02 15:11:47] [DEBUG] Screen::getContents() start...
[2026-07-02 15:11:47] [DEBUG] Screen::getContents() finish.
[2026-07-02 15:11:47] [DEBUG] Screen::view() path: \Develop\Views\Login\Login.view finish.
[2026-07-02 15:11:47] [DEBUG] Login::initialAction() finish.
