[2026-07-16 11:28:06] [DEBUG] --- wwProject System Start ---
[2026-07-16 11:28:06] [DEBUG] Router::Router() /jemini/wwProjectV1.37/Develop/Console/initial/
[2026-07-16 11:28:06] [DEBUG] Attempting to load: \Develop\Controllers\ConsoleController::initialAction
[2026-07-16 11:28:06] [DEBUG] Router: Executing \Develop\Controllers\ConsoleController->initialAction
[2026-07-16 11:28:06] [DEBUG] Console::initialAction() start...
[2026-07-16 11:28:06] [DEBUG] Screen::view() path: \Develop\Views\Console\Console.view start...
[2026-07-16 11:28:06] [DEBUG] Screen::getContents() start...
[2026-07-16 11:28:06] [DEBUG] Screen::getContents() finish.
[2026-07-16 11:28:06] [DEBUG] Screen::view() path: \Develop\Views\Console\Console.view finish.
[2026-07-16 11:28:06] [DEBUG] ConsoleController::initialAction() finish.
[2026-07-16 11:28:06] [DEBUG] --- wwProject System Start ---
[2026-07-16 11:28:06] [DEBUG] Router::Router() /jemini/wwProjectV1.37/Develop/Console/ServerBridgeAction/
[2026-07-16 11:28:06] [DEBUG] Attempting to load: \Develop\Controllers\ConsoleController::ServerBridgeAction
[2026-07-16 11:28:06] [DEBUG] Router: Executing \Develop\Controllers\ConsoleController->ServerBridgeAction
[2026-07-16 11:28:06] [DEBUG] ConsoleController::ServerBridge() start...
[2026-07-16 11:28:06] [DEBUG] ConsoleController::ServerBridge() \Develop\Controllers\ConsoleController::areaInitialAction()
[2026-07-16 11:28:06] [DEBUG] ConsoleController::AreaInitialAction() start...
[2026-07-16 11:28:06] [DEBUG] Screen::updateAreaA() path: \Develop\Views\AreaA\Area_A.view start...
[2026-07-16 11:28:06] [DEBUG] Screen::areaView() sending JSON: ["areas"]
[2026-07-16 11:28:06] [DEBUG] Screen::getContents() start...
[2026-07-16 11:28:06] [DEBUG] Screen::getContents() finish.
[2026-07-16 11:28:06] [DEBUG] Screen::updateAreaA() finish.
[2026-07-16 11:28:06] [DEBUG] Screen::updateAreaB() path: \Develop\Views\AreaB\Area_B.view start...
[2026-07-16 11:28:06] [DEBUG] Screen::getContents() start...
[2026-07-16 11:28:06] [DEBUG] Screen::getContents() finish.
[2026-07-16 11:28:06] [DEBUG] Screen::updateAreaB() finish.
[2026-07-16 11:28:06] [DEBUG] Screen::updateAreaD() path: \Develop\Views\AreaD\Area_D_clear.view start...
[2026-07-16 11:28:06] [DEBUG] Screen::getContents() start...
[2026-07-16 11:28:06] [DEBUG] Screen::getContents() finish.
[2026-07-16 11:28:06] [DEBUG] Screen::updateAreaD() finish.
[2026-07-16 11:28:06] [DEBUG] Screen::updateAreaE() [iframe起動版] path: \Develop\Views\AreaE\Area_E_clear.view start...
[2026-07-16 11:28:06] [DEBUG] Screen::getContents() start...
[2026-07-16 11:28:06] [DEBUG] Screen::getContents() finish.
[2026-07-16 11:28:06] [DEBUG] Screen::updateAreaE() finish.
[2026-07-16 11:28:06] [DEBUG] Screen::updateAreaF() path: \Develop\Views\AreaF\Area_F.view start...
[2026-07-16 11:28:06] [DEBUG] Screen::getContents() start...
[2026-07-16 11:28:06] [DEBUG] Screen::getContents() finish.
[2026-07-16 11:28:06] [DEBUG] Screen::updateAreaF() finish.
[2026-07-16 11:28:06] [DEBUG] ProjectController::startProjectNabi() start...
[2026-07-16 11:28:06] [DEBUG] ProjectController::getProjectListHtml() start...
[2026-07-16 11:28:06] [DEBUG] ProjectModel::getProjectList() start...
[2026-07-16 11:28:06] [DEBUG] ProjectModel::getProjectList() finish.
[2026-07-16 11:28:06] [DEBUG] CodeMasterModel：：getCodesByGroup() start...
[2026-07-16 11:28:06] [DEBUG] CodeMasterModel：：getCodesByGroup() finish.
[2026-07-16 11:28:06] [DEBUG] ProjectController::getNaviFooterHtml() start...
[2026-07-16 11:28:06] [DEBUG] ProjectController::getNaviFooterHtml() finish.
[2026-07-16 11:28:06] [DEBUG] ProjectController::startProjectNabi() finish.
[2026-07-16 11:28:06] [DEBUG] Screen::updateAreaC() \Develop\Views\AreaC\Area_C.view start...
[2026-07-16 11:28:06] [DEBUG] Screen::getContents() start...
[2026-07-16 11:28:06] [DEBUG] Screen::getContents() finish.
[2026-07-16 11:28:06] [DEBUG] Screen::updateAreaC() finish.
[2026-07-16 11:28:06] [DEBUG] ConsoleController::AreaInitialAction() finish.
[2026-07-16 11:28:06] [DEBUG] Screen::areaView() start...
[2026-07-16 11:28:06] [DEBUG] Screen::areaView() finish.
[2026-07-16 11:28:10] [DEBUG] --- wwProject System Start ---
[2026-07-16 11:28:10] [DEBUG] Router::Router() /jemini/wwProjectV1.37/Develop/Console/ServerBridgeAction/
[2026-07-16 11:28:10] [DEBUG] Attempting to load: \Develop\Controllers\ConsoleController::ServerBridgeAction
[2026-07-16 11:28:10] [DEBUG] Router: Executing \Develop\Controllers\ConsoleController->ServerBridgeAction
[2026-07-16 11:28:10] [DEBUG] ConsoleController::ServerBridge() start...
[2026-07-16 11:28:10] [DEBUG] ConsoleController::ServerBridge() \Develop\Controllers\PartsDefinitionController::InitialAction()
[2026-07-16 11:28:10] [DEBUG] DBDefinitionController::initialAction() start...
[2026-07-16 11:28:10] [DEBUG] PartsDefinitionController::initialAction() projectId : PRJ-D45FEF
[2026-07-16 11:28:10] [DEBUG] PartsDefinitionModel::getAllPartsList() start... Project ID: PRJ-D45FEF
[2026-07-16 11:28:10] [DEBUG] Screen::updateAreaD() path: \Develop\Views\AreaD\PartsDefinition\PartsDefinitionList.view start...
[2026-07-16 11:28:10] [DEBUG] Screen::getContents() start...
[2026-07-16 11:28:10] [DEBUG] Screen::getContents() finish.
[2026-07-16 11:28:10] [DEBUG] Screen::updateAreaD() finish.
[2026-07-16 11:28:10] [DEBUG] Screen::updateAreaE() [iframe起動版] path: \Develop\Views\AreaE\Area_E_clear.view start...
[2026-07-16 11:28:10] [DEBUG] Screen::getContents() start...
[2026-07-16 11:28:10] [DEBUG] Screen::getContents() finish.
[2026-07-16 11:28:10] [DEBUG] Screen::updateAreaE() finish.
[2026-07-16 11:28:10] [DEBUG] DBDefinitionController::initialAction() end.
[2026-07-16 11:28:10] [DEBUG] Screen::areaView() start...
[2026-07-16 11:28:10] [DEBUG] Screen::areaView() finish.
[2026-07-16 11:28:14] [DEBUG] --- wwProject System Start ---
[2026-07-16 11:28:14] [DEBUG] Router::Router() /jemini/wwProjectV1.37/Develop/Console/ServerBridgeAction/
[2026-07-16 11:28:14] [DEBUG] Attempting to load: \Develop\Controllers\ConsoleController::ServerBridgeAction
[2026-07-16 11:28:14] [DEBUG] Router: Executing \Develop\Controllers\ConsoleController->ServerBridgeAction
[2026-07-16 11:28:14] [DEBUG] ConsoleController::ServerBridge() start...
[2026-07-16 11:28:14] [DEBUG] ConsoleController::ServerBridge() \Develop\Controllers\PartsDefinitionController::editPartsAction()
[2026-07-16 11:28:14] [DEBUG] PartsDefinitionController::editPartsAction() start...
[2026-07-16 11:28:14] [DEBUG] PartsDefinitionModel::getAllPartsList() start... Project ID: PRJ-D45FEF
[2026-07-16 11:28:14] [DEBUG] PartsDefinitionModel::getColumnsByTableId() start... Input: newDevelopers
[2026-07-16 11:28:14] [DEBUG] 逆引き成功: 物理名 newDevelopers -> table_id : 12
[2026-07-16 11:28:14] [DEBUG] PartsDefinitionModel::getColumnsByTableId() finish. 件数: 9
[2026-07-16 11:28:14] [DEBUG] PartsDefinitionModel::getTableStructure() start... Project ID: PRJ-D45FEF
[2026-07-16 11:28:14] [DEBUG] Screen::updateAreaE() [iframe起動版] path: \Develop\Views\AreaE\PartsDefinition\RegistParts.view start...
[2026-07-16 11:28:14] [DEBUG] Screen::getContents() start...
[2026-07-16 11:28:14] [DEBUG] Screen::getContents() finish.
[2026-07-16 11:28:14] [DEBUG] Screen::updateAreaE() finish.
[2026-07-16 11:28:14] [DEBUG] PartsDefinitionController::editPartsAction() end.
[2026-07-16 11:28:14] [DEBUG] Screen::areaView() start...
[2026-07-16 11:28:14] [DEBUG] Screen::areaView() finish.
[2026-07-16 11:28:19] [DEBUG] --- wwProject System Start ---
[2026-07-16 11:28:19] [DEBUG] Router::Router() /jemini/wwProjectV1.37/Develop/Console/ServerBridgeAction/
[2026-07-16 11:28:19] [DEBUG] Attempting to load: \Develop\Controllers\ConsoleController::ServerBridgeAction
[2026-07-16 11:28:19] [DEBUG] Router: Executing \Develop\Controllers\ConsoleController->ServerBridgeAction
[2026-07-16 11:28:19] [DEBUG] ConsoleController::ServerBridge() start...
[2026-07-16 11:28:19] [DEBUG] ConsoleController::ServerBridge() \Develop\Controllers\PartsDefinitionController::editPartsAction()
[2026-07-16 11:28:19] [DEBUG] PartsDefinitionController::editPartsAction() start...
[2026-07-16 11:28:19] [DEBUG] PartsDefinitionModel::getAllPartsList() start... Project ID: PRJ-D45FEF
[2026-07-16 11:28:19] [DEBUG] PartsDefinitionModel::getColumnsByTableId() start... Input: newDevelopers
[2026-07-16 11:28:19] [DEBUG] 逆引き成功: 物理名 newDevelopers -> table_id : 12
[2026-07-16 11:28:19] [DEBUG] PartsDefinitionModel::getColumnsByTableId() finish. 件数: 9
[2026-07-16 11:28:19] [DEBUG] PartsDefinitionModel::getTableStructure() start... Project ID: PRJ-D45FEF
[2026-07-16 11:28:19] [DEBUG] Screen::updateAreaE() [iframe起動版] path: \Develop\Views\AreaE\PartsDefinition\RegistParts.view start...
[2026-07-16 11:28:19] [DEBUG] Screen::getContents() start...
[2026-07-16 11:28:19] [DEBUG] Screen::getContents() finish.
[2026-07-16 11:28:19] [DEBUG] Screen::updateAreaE() finish.
[2026-07-16 11:28:19] [DEBUG] PartsDefinitionController::editPartsAction() end.
[2026-07-16 11:28:19] [DEBUG] Screen::areaView() start...
[2026-07-16 11:28:19] [DEBUG] Screen::areaView() finish.
[2026-07-16 11:28:23] [DEBUG] --- wwProject System Start ---
[2026-07-16 11:28:23] [DEBUG] Router::Router() /jemini/wwProjectV1.37/Develop/Console/ServerBridgeAction/
[2026-07-16 11:28:23] [DEBUG] Attempting to load: \Develop\Controllers\ConsoleController::ServerBridgeAction
[2026-07-16 11:28:23] [DEBUG] Router: Executing \Develop\Controllers\ConsoleController->ServerBridgeAction
[2026-07-16 11:28:23] [DEBUG] ConsoleController::ServerBridge() start...
[2026-07-16 11:28:23] [DEBUG] ConsoleController::ServerBridge() \Develop\Controllers\PartsDefinitionController::editPartsAction()
[2026-07-16 11:28:23] [DEBUG] PartsDefinitionController::editPartsAction() start...
[2026-07-16 11:28:23] [DEBUG] PartsDefinitionModel::getAllPartsList() start... Project ID: PRJ-D45FEF
[2026-07-16 11:28:23] [DEBUG] PartsDefinitionModel::getColumnsByTableId() start... Input: developers
[2026-07-16 11:28:23] [DEBUG] 逆引き成功: 物理名 developers -> table_id : 14
[2026-07-16 11:28:23] [DEBUG] PartsDefinitionModel::getColumnsByTableId() finish. 件数: 9
[2026-07-16 11:28:23] [DEBUG] PartsDefinitionModel::getTableStructure() start... Project ID: PRJ-D45FEF
[2026-07-16 11:28:23] [DEBUG] Screen::updateAreaE() [iframe起動版] path: \Develop\Views\AreaE\PartsDefinition\RegistParts.view start...
[2026-07-16 11:28:23] [DEBUG] Screen::getContents() start...
[2026-07-16 11:28:23] [DEBUG] Screen::getContents() finish.
[2026-07-16 11:28:23] [DEBUG] Screen::updateAreaE() finish.
[2026-07-16 11:28:23] [DEBUG] PartsDefinitionController::editPartsAction() end.
[2026-07-16 11:28:23] [DEBUG] Screen::areaView() start...
[2026-07-16 11:28:23] [DEBUG] Screen::areaView() finish.
[2026-07-16 11:28:53] [DEBUG] --- wwProject System Start ---
[2026-07-16 11:28:53] [DEBUG] Router::Router() /jemini/wwProjectV1.37/Develop/Console/ServerBridgeAction/
[2026-07-16 11:28:53] [DEBUG] Attempting to load: \Develop\Controllers\ConsoleController::ServerBridgeAction
[2026-07-16 11:28:53] [DEBUG] Router: Executing \Develop\Controllers\ConsoleController->ServerBridgeAction
[2026-07-16 11:28:53] [DEBUG] ConsoleController::ServerBridge() start...
[2026-07-16 11:28:53] [DEBUG] ConsoleController::ServerBridge() \Develop\Controllers\PartsDefinitionController::saveAction()
[2026-07-16 11:28:53] [DEBUG] PartsDefinitionController::saveAction() start...
[2026-07-16 11:28:53] [DEBUG] PartsDefinitionModel::saveParts() start... Project ID: PRJ-D45FEF, Parts ID: 3
[2026-07-16 11:28:53] [DEBUG] PartsDefinitionModel::saveParts() 保存するchecked_columns_jsonの値: [id,user_name,login_id,xyz]
[2026-07-16 11:28:53] [DEBUG] PartsDefinitionModel::saveParts() contents : 
[2026-07-16 11:28:53] [DEBUG] PartsDefinitionModel::saveParts() style_condition : 
[2026-07-16 11:28:53] [DEBUG] PartsDefinitionModel::saveParts() style_column : 
[2026-07-16 11:28:53] [DEBUG] PartsDefinitionModel::saveParts() UPDATE m_screenparts SET
                            parts_name = :parts_name,
                            parts_description = :parts_description,
                            parts_type = :parts_type,
                            table_name = :table_name,
                            display_label = :display_label,
                            preview_title = :preview_title,
                            column_filter = :column_filter,
                            input_rows = :input_rows,
                            checked_columns_json = :checked_columns_json,
                            input_style = :input_style,
                            contents = :contents,
                            style_condition = :style_condition,
                            style_column = :style_column
                        WHERE
                            project_id = :project_id AND parts_id = :parts_id
[2026-07-16 11:28:53] [DEBUG] PartsDefinitionModel::saveParts() UPDATEを実行します。Parts ID: 3
[2026-07-16 11:28:53] [DEBUG] PartsDefinitionModel::getAllPartsList() start... Project ID: PRJ-D45FEF
[2026-07-16 11:28:53] [DEBUG] Screen::updateAreaD() path: \Develop\Views\AreaD\PartsDefinition\PartsDefinitionList.view start...
[2026-07-16 11:28:53] [DEBUG] Screen::getContents() start...
[2026-07-16 11:28:53] [DEBUG] Screen::getContents() finish.
[2026-07-16 11:28:53] [DEBUG] Screen::updateAreaD() finish.
[2026-07-16 11:28:53] [DEBUG] Screen::updateAreaE() [iframe起動版] path: \Develop\Views\AreaE\Area_E_clear.view start...
[2026-07-16 11:28:53] [DEBUG] Screen::getContents() start...
[2026-07-16 11:28:53] [DEBUG] Screen::getContents() finish.
[2026-07-16 11:28:53] [DEBUG] Screen::updateAreaE() finish.
[2026-07-16 11:28:53] [DEBUG] PartsDefinitionController::saveAction() end.
[2026-07-16 11:28:53] [DEBUG] Screen::areaView() start...
[2026-07-16 11:28:53] [DEBUG] Screen::areaView() finish.
[2026-07-16 11:28:57] [DEBUG] --- wwProject System Start ---
[2026-07-16 11:28:57] [DEBUG] Router::Router() /jemini/wwProjectV1.37/Develop/Console/ServerBridgeAction/
[2026-07-16 11:28:57] [DEBUG] Attempting to load: \Develop\Controllers\ConsoleController::ServerBridgeAction
[2026-07-16 11:28:57] [DEBUG] Router: Executing \Develop\Controllers\ConsoleController->ServerBridgeAction
[2026-07-16 11:28:57] [DEBUG] ConsoleController::ServerBridge() start...
[2026-07-16 11:28:57] [DEBUG] ConsoleController::ServerBridge() \Develop\Controllers\PartsDefinitionController::editPartsAction()
[2026-07-16 11:28:57] [DEBUG] PartsDefinitionController::editPartsAction() start...
[2026-07-16 11:28:57] [DEBUG] PartsDefinitionModel::getAllPartsList() start... Project ID: PRJ-D45FEF
[2026-07-16 11:28:57] [DEBUG] PartsDefinitionModel::getColumnsByTableId() start... Input: newDevelopers
[2026-07-16 11:28:57] [DEBUG] 逆引き成功: 物理名 newDevelopers -> table_id : 12
[2026-07-16 11:28:57] [DEBUG] PartsDefinitionModel::getColumnsByTableId() finish. 件数: 9
[2026-07-16 11:28:57] [DEBUG] PartsDefinitionModel::getTableStructure() start... Project ID: PRJ-D45FEF
[2026-07-16 11:28:57] [DEBUG] Screen::updateAreaE() [iframe起動版] path: \Develop\Views\AreaE\PartsDefinition\RegistParts.view start...
[2026-07-16 11:28:57] [DEBUG] Screen::getContents() start...
[2026-07-16 11:28:57] [DEBUG] Screen::getContents() finish.
[2026-07-16 11:28:57] [DEBUG] Screen::updateAreaE() finish.
[2026-07-16 11:28:57] [DEBUG] PartsDefinitionController::editPartsAction() end.
[2026-07-16 11:28:57] [DEBUG] Screen::areaView() start...
[2026-07-16 11:28:57] [DEBUG] Screen::areaView() finish.
[2026-07-16 11:29:14] [DEBUG] --- wwProject System Start ---
[2026-07-16 11:29:14] [DEBUG] Router::Router() /jemini/wwProjectV1.37/Develop/Console/ServerBridgeAction/
[2026-07-16 11:29:14] [DEBUG] Attempting to load: \Develop\Controllers\ConsoleController::ServerBridgeAction
[2026-07-16 11:29:14] [DEBUG] Router: Executing \Develop\Controllers\ConsoleController->ServerBridgeAction
[2026-07-16 11:29:14] [DEBUG] ConsoleController::ServerBridge() start...
[2026-07-16 11:29:14] [DEBUG] ConsoleController::ServerBridge() \Develop\Controllers\PartsDefinitionController::saveAction()
[2026-07-16 11:29:14] [DEBUG] PartsDefinitionController::saveAction() start...
[2026-07-16 11:29:14] [DEBUG] PartsDefinitionModel::saveParts() start... Project ID: PRJ-D45FEF, Parts ID: 4
[2026-07-16 11:29:14] [DEBUG] PartsDefinitionModel::saveParts() 保存するchecked_columns_jsonの値: [id,user_name,login_id,xyz]
[2026-07-16 11:29:14] [DEBUG] PartsDefinitionModel::saveParts() contents : 
[2026-07-16 11:29:14] [DEBUG] PartsDefinitionModel::saveParts() style_condition : 
[2026-07-16 11:29:14] [DEBUG] PartsDefinitionModel::saveParts() style_column : 
[2026-07-16 11:29:14] [DEBUG] PartsDefinitionModel::saveParts() UPDATE m_screenparts SET
                            parts_name = :parts_name,
                            parts_description = :parts_description,
                            parts_type = :parts_type,
                            table_name = :table_name,
                            display_label = :display_label,
                            preview_title = :preview_title,
                            column_filter = :column_filter,
                            input_rows = :input_rows,
                            checked_columns_json = :checked_columns_json,
                            input_style = :input_style,
                            contents = :contents,
                            style_condition = :style_condition,
                            style_column = :style_column
                        WHERE
                            project_id = :project_id AND parts_id = :parts_id
[2026-07-16 11:29:14] [DEBUG] PartsDefinitionModel::saveParts() UPDATEを実行します。Parts ID: 4
[2026-07-16 11:29:14] [DEBUG] PartsDefinitionModel::getAllPartsList() start... Project ID: PRJ-D45FEF
[2026-07-16 11:29:14] [DEBUG] Screen::updateAreaD() path: \Develop\Views\AreaD\PartsDefinition\PartsDefinitionList.view start...
[2026-07-16 11:29:14] [DEBUG] Screen::getContents() start...
[2026-07-16 11:29:14] [DEBUG] Screen::getContents() finish.
[2026-07-16 11:29:14] [DEBUG] Screen::updateAreaD() finish.
[2026-07-16 11:29:14] [DEBUG] Screen::updateAreaE() [iframe起動版] path: \Develop\Views\AreaE\Area_E_clear.view start...
[2026-07-16 11:29:14] [DEBUG] Screen::getContents() start...
[2026-07-16 11:29:14] [DEBUG] Screen::getContents() finish.
[2026-07-16 11:29:14] [DEBUG] Screen::updateAreaE() finish.
[2026-07-16 11:29:14] [DEBUG] PartsDefinitionController::saveAction() end.
[2026-07-16 11:29:14] [DEBUG] Screen::areaView() start...
[2026-07-16 11:29:14] [DEBUG] Screen::areaView() finish.
[2026-07-16 18:29:47] [DEBUG] --- wwProject System Start ---
[2026-07-16 18:29:47] [DEBUG] Router::Router() /jemini/wwProjectV1.37/develop/
[2026-07-16 18:29:47] [DEBUG] Attempting to load: \Develop\Controllers\LoginController::initialAction
[2026-07-16 18:29:47] [DEBUG] Router: Executing \Develop\Controllers\LoginController->initialAction
[2026-07-16 18:29:47] [DEBUG] Login::initialAction() start...
[2026-07-16 18:29:47] [DEBUG] Login::initialAction() errorMessage : 
[2026-07-16 18:29:47] [DEBUG] Screen::view() path: \Develop\Views\Login\Login.view start...
[2026-07-16 18:29:47] [DEBUG] Screen::getContents() start...
[2026-07-16 18:29:47] [DEBUG] Screen::getContents() finish.
[2026-07-16 18:29:47] [DEBUG] Screen::view() path: \Develop\Views\Login\Login.view finish.
[2026-07-16 18:29:47] [DEBUG] Login::initialAction() finish.
[2026-07-16 18:29:52] [DEBUG] --- wwProject System Start ---
[2026-07-16 18:29:52] [DEBUG] Router::Router() /jemini/wwProjectV1.37/Develop/Login/authentication/
[2026-07-16 18:29:52] [DEBUG] Attempting to load: \Develop\Controllers\LoginController::authenticationAction
[2026-07-16 18:29:52] [DEBUG] Router: Executing \Develop\Controllers\LoginController->authenticationAction
[2026-07-16 18:29:52] [DEBUG] Login::AuthenticationAction() start...
[2026-07-16 18:29:52] [DEBUG] Login NG - ✗
[2026-07-16 18:29:52] [DEBUG] Screen::view() path: \Develop\Views\Login\Login.view start...
[2026-07-16 18:29:52] [DEBUG] Screen::getContents() start...
[2026-07-16 18:29:52] [DEBUG] Screen::getContents() finish.
[2026-07-16 18:29:52] [DEBUG] Screen::view() path: \Develop\Views\Login\Login.view finish.
[2026-07-16 18:29:52] [DEBUG] Login::AuthenticationAction() finish with error.
[2026-07-16 18:29:56] [DEBUG] --- wwProject System Start ---
[2026-07-16 18:29:56] [DEBUG] Router::Router() /jemini/wwProjectV1.37/Develop/Login/authentication/
[2026-07-16 18:29:56] [DEBUG] Attempting to load: \Develop\Controllers\LoginController::authenticationAction
[2026-07-16 18:29:56] [DEBUG] Router: Executing \Develop\Controllers\LoginController->authenticationAction
[2026-07-16 18:29:56] [DEBUG] Login::AuthenticationAction() start...
[2026-07-16 18:29:56] [DEBUG] Login OK - x
[2026-07-16 18:29:56] [DEBUG] Session::start()
[2026-07-16 18:29:56] [DEBUG] Redirect to Console::initialAction()
[2026-07-16 18:29:56] [DEBUG] --- wwProject System Start ---
[2026-07-16 18:29:56] [DEBUG] Router::Router() /jemini/wwProjectV1.37/Develop/Console/initial/
[2026-07-16 18:29:56] [DEBUG] Attempting to load: \Develop\Controllers\ConsoleController::initialAction
[2026-07-16 18:29:56] [DEBUG] Router: Executing \Develop\Controllers\ConsoleController->initialAction
[2026-07-16 18:29:56] [DEBUG] Console::initialAction() start...
[2026-07-16 18:29:56] [DEBUG] Screen::view() path: \Develop\Views\Console\Console.view start...
[2026-07-16 18:29:56] [DEBUG] Screen::getContents() start...
[2026-07-16 18:29:56] [DEBUG] Screen::getContents() finish.
[2026-07-16 18:29:56] [DEBUG] Screen::view() path: \Develop\Views\Console\Console.view finish.
[2026-07-16 18:29:56] [DEBUG] ConsoleController::initialAction() finish.
[2026-07-16 18:29:56] [DEBUG] --- wwProject System Start ---
[2026-07-16 18:29:56] [DEBUG] Router::Router() /jemini/wwProjectV1.37/Develop/Console/ServerBridgeAction/
[2026-07-16 18:29:56] [DEBUG] Attempting to load: \Develop\Controllers\ConsoleController::ServerBridgeAction
[2026-07-16 18:29:56] [DEBUG] Router: Executing \Develop\Controllers\ConsoleController->ServerBridgeAction
[2026-07-16 18:29:56] [DEBUG] ConsoleController::ServerBridge() start...
[2026-07-16 18:29:56] [DEBUG] ConsoleController::ServerBridge() \Develop\Controllers\ConsoleController::areaInitialAction()
[2026-07-16 18:29:56] [DEBUG] ConsoleController::AreaInitialAction() start...
[2026-07-16 18:29:56] [DEBUG] Screen::updateAreaA() path: \Develop\Views\AreaA\Area_A.view start...
[2026-07-16 18:29:56] [DEBUG] Screen::areaView() sending JSON: ["areas"]
[2026-07-16 18:29:56] [DEBUG] Screen::getContents() start...
[2026-07-16 18:29:56] [DEBUG] Screen::getContents() finish.
[2026-07-16 18:29:56] [DEBUG] Screen::updateAreaA() finish.
[2026-07-16 18:29:56] [DEBUG] Screen::updateAreaB() path: \Develop\Views\AreaB\Area_B.view start...
[2026-07-16 18:29:56] [DEBUG] Screen::getContents() start...
[2026-07-16 18:29:56] [DEBUG] Screen::getContents() finish.
[2026-07-16 18:29:56] [DEBUG] Screen::updateAreaB() finish.
[2026-07-16 18:29:56] [DEBUG] Screen::updateAreaD() path: \Develop\Views\AreaD\Area_D_clear.view start...
[2026-07-16 18:29:56] [DEBUG] Screen::getContents() start...
[2026-07-16 18:29:56] [DEBUG] Screen::getContents() finish.
[2026-07-16 18:29:56] [DEBUG] Screen::updateAreaD() finish.
[2026-07-16 18:29:56] [DEBUG] Screen::updateAreaE() [iframe起動版] path: \Develop\Views\AreaE\Area_E_clear.view start...
[2026-07-16 18:29:56] [DEBUG] Screen::getContents() start...
[2026-07-16 18:29:56] [DEBUG] Screen::getContents() finish.
[2026-07-16 18:29:56] [DEBUG] Screen::updateAreaE() finish.
[2026-07-16 18:29:56] [DEBUG] Screen::updateAreaF() path: \Develop\Views\AreaF\Area_F.view start...
[2026-07-16 18:29:56] [DEBUG] Screen::getContents() start...
[2026-07-16 18:29:56] [DEBUG] Screen::getContents() finish.
[2026-07-16 18:29:56] [DEBUG] Screen::updateAreaF() finish.
[2026-07-16 18:29:56] [DEBUG] ProjectController::startProjectNabi() start...
[2026-07-16 18:29:57] [DEBUG] ProjectController::getProjectListHtml() start...
[2026-07-16 18:29:57] [DEBUG] ProjectModel::getProjectList() start...
[2026-07-16 18:29:57] [DEBUG] ProjectModel::getProjectList() finish.
[2026-07-16 18:29:57] [DEBUG] CodeMasterModel：：getCodesByGroup() start...
[2026-07-16 18:29:57] [DEBUG] CodeMasterModel：：getCodesByGroup() finish.
[2026-07-16 18:29:57] [DEBUG] ProjectController::getNaviFooterHtml() start...
[2026-07-16 18:29:57] [DEBUG] ProjectController::getNaviFooterHtml() finish.
[2026-07-16 18:29:57] [DEBUG] ProjectController::startProjectNabi() finish.
[2026-07-16 18:29:57] [DEBUG] Screen::updateAreaC() \Develop\Views\AreaC\Area_C.view start...
[2026-07-16 18:29:57] [DEBUG] Screen::getContents() start...
[2026-07-16 18:29:57] [DEBUG] Screen::getContents() finish.
[2026-07-16 18:29:57] [DEBUG] Screen::updateAreaC() finish.
[2026-07-16 18:29:57] [DEBUG] ConsoleController::AreaInitialAction() finish.
[2026-07-16 18:29:57] [DEBUG] Screen::areaView() start...
[2026-07-16 18:29:57] [DEBUG] Screen::areaView() finish.
[2026-07-16 18:29:58] [DEBUG] --- wwProject System Start ---
[2026-07-16 18:29:58] [DEBUG] Router::Router() /jemini/wwProjectV1.37/Develop/Console/ServerBridgeAction/
[2026-07-16 18:29:58] [DEBUG] Attempting to load: \Develop\Controllers\ConsoleController::ServerBridgeAction
[2026-07-16 18:29:58] [DEBUG] Router: Executing \Develop\Controllers\ConsoleController->ServerBridgeAction
[2026-07-16 18:29:58] [DEBUG] ConsoleController::ServerBridge() start...
[2026-07-16 18:29:58] [DEBUG] ConsoleController::ServerBridge() \Develop\Controllers\ProjectController::projectSelectAction()
[2026-07-16 18:29:58] [DEBUG] ProjectController::projectSelectAction() start...
[2026-07-16 18:29:58] [DEBUG] ProjectController::projectSelectAction() ☆★☆　SampleProject１
[2026-07-16 18:29:58] [DEBUG] Screen::updateAreaB() path: \Develop\Views\AreaB\Area_B.view start...
[2026-07-16 18:29:58] [DEBUG] Screen::getContents() start...
[2026-07-16 18:29:58] [DEBUG] Screen::getContents() finish.
[2026-07-16 18:29:58] [DEBUG] Screen::updateAreaB() finish.
[2026-07-16 18:29:58] [DEBUG] ProjectController::projectSelectAction() PRJ-D45FEF : PRJ-D45FEF
[2026-07-16 18:29:58] [DEBUG] ProjectController::getProjectListHtml() start...
[2026-07-16 18:29:58] [DEBUG] ProjectModel::getProjectList() start...
[2026-07-16 18:29:58] [DEBUG] ProjectModel::getProjectList() finish.
[2026-07-16 18:29:58] [DEBUG] CodeMasterModel：：getCodesByGroup() start...
[2026-07-16 18:29:58] [DEBUG] CodeMasterModel：：getCodesByGroup() finish.
[2026-07-16 18:29:58] [DEBUG] ProjectController::getNaviFooterHtml() start...
[2026-07-16 18:29:58] [DEBUG] ProjectController::getNaviFooterHtml() finish.
[2026-07-16 18:29:58] [DEBUG] Screen::updateAreaC() \Develop\Views\AreaC\Area_C.view start...
[2026-07-16 18:29:58] [DEBUG] Screen::getContents() start...
[2026-07-16 18:29:58] [DEBUG] Screen::getContents() finish.
[2026-07-16 18:29:58] [DEBUG] Screen::updateAreaC() finish.
[2026-07-16 18:29:58] [DEBUG] Screen::updateAreaD() path: \Develop\Views\AreaD\Area_D_clear.view start...
[2026-07-16 18:29:58] [DEBUG] Screen::getContents() start...
[2026-07-16 18:29:58] [DEBUG] Screen::getContents() finish.
[2026-07-16 18:29:58] [DEBUG] Screen::updateAreaD() finish.
[2026-07-16 18:29:58] [DEBUG] Screen::updateAreaE() [iframe起動版] path: \Develop\Views\AreaE\Area_E_clear.view start...
[2026-07-16 18:29:58] [DEBUG] Screen::getContents() start...
[2026-07-16 18:29:58] [DEBUG] Screen::getContents() finish.
[2026-07-16 18:29:58] [DEBUG] Screen::updateAreaE() finish.
[2026-07-16 18:29:58] [DEBUG] ProjectController::projectSelectAction() finish.
[2026-07-16 18:29:58] [DEBUG] Screen::areaView() start...
[2026-07-16 18:29:58] [DEBUG] Screen::areaView() finish.
[2026-07-16 18:29:59] [DEBUG] --- wwProject System Start ---
[2026-07-16 18:29:59] [DEBUG] Router::Router() /jemini/wwProjectV1.37/Develop/Console/ServerBridgeAction/
[2026-07-16 18:29:59] [DEBUG] Attempting to load: \Develop\Controllers\ConsoleController::ServerBridgeAction
[2026-07-16 18:29:59] [DEBUG] Router: Executing \Develop\Controllers\ConsoleController->ServerBridgeAction
[2026-07-16 18:29:59] [DEBUG] ConsoleController::ServerBridge() start...
[2026-07-16 18:29:59] [DEBUG] ConsoleController::ServerBridge() \Develop\Controllers\PartsDefinitionController::InitialAction()
[2026-07-16 18:29:59] [DEBUG] DBDefinitionController::initialAction() start...
[2026-07-16 18:29:59] [DEBUG] PartsDefinitionController::initialAction() projectId : PRJ-D45FEF
[2026-07-16 18:29:59] [DEBUG] PartsDefinitionModel::getAllPartsList() start... Project ID: PRJ-D45FEF
[2026-07-16 18:29:59] [DEBUG] Screen::updateAreaD() path: \Develop\Views\AreaD\PartsDefinition\PartsDefinitionList.view start...
[2026-07-16 18:29:59] [DEBUG] Screen::getContents() start...
[2026-07-16 18:29:59] [DEBUG] Screen::getContents() finish.
[2026-07-16 18:29:59] [DEBUG] Screen::updateAreaD() finish.
[2026-07-16 18:29:59] [DEBUG] Screen::updateAreaE() [iframe起動版] path: \Develop\Views\AreaE\Area_E_clear.view start...
[2026-07-16 18:29:59] [DEBUG] Screen::getContents() start...
[2026-07-16 18:29:59] [DEBUG] Screen::getContents() finish.
[2026-07-16 18:29:59] [DEBUG] Screen::updateAreaE() finish.
[2026-07-16 18:29:59] [DEBUG] DBDefinitionController::initialAction() end.
[2026-07-16 18:29:59] [DEBUG] Screen::areaView() start...
[2026-07-16 18:29:59] [DEBUG] Screen::areaView() finish.
[2026-07-16 18:30:03] [DEBUG] --- wwProject System Start ---
[2026-07-16 18:30:03] [DEBUG] Router::Router() /jemini/wwProjectV1.37/Develop/Console/ServerBridgeAction/
[2026-07-16 18:30:03] [DEBUG] Attempting to load: \Develop\Controllers\ConsoleController::ServerBridgeAction
[2026-07-16 18:30:03] [DEBUG] Router: Executing \Develop\Controllers\ConsoleController->ServerBridgeAction
[2026-07-16 18:30:03] [DEBUG] ConsoleController::ServerBridge() start...
[2026-07-16 18:30:03] [DEBUG] ConsoleController::ServerBridge() \Develop\Controllers\PartsDefinitionController::editPartsAction()
[2026-07-16 18:30:03] [DEBUG] PartsDefinitionController::editPartsAction() start...
[2026-07-16 18:30:03] [DEBUG] PartsDefinitionModel::getAllPartsList() start... Project ID: PRJ-D45FEF
[2026-07-16 18:30:03] [DEBUG] PartsDefinitionModel::getTableStructure() start... Project ID: PRJ-D45FEF
[2026-07-16 18:30:03] [DEBUG] Screen::updateAreaE() [iframe起動版] path: \Develop\Views\AreaE\PartsDefinition\RegistParts.view start...
[2026-07-16 18:30:03] [DEBUG] Screen::getContents() start...
[2026-07-16 18:30:03] [DEBUG] Screen::getContents() finish.
[2026-07-16 18:30:04] [DEBUG] Screen::updateAreaE() finish.
[2026-07-16 18:30:04] [DEBUG] PartsDefinitionController::editPartsAction() end.
[2026-07-16 18:30:04] [DEBUG] Screen::areaView() start...
[2026-07-16 18:30:04] [DEBUG] Screen::areaView() finish.
[2026-07-16 18:30:29] [DEBUG] --- wwProject System Start ---
[2026-07-16 18:30:29] [DEBUG] Router::Router() /jemini/wwProjectV1.37/Develop/Console/ServerBridgeAction/
[2026-07-16 18:30:29] [DEBUG] Attempting to load: \Develop\Controllers\ConsoleController::ServerBridgeAction
[2026-07-16 18:30:29] [DEBUG] Router: Executing \Develop\Controllers\ConsoleController->ServerBridgeAction
[2026-07-16 18:30:29] [DEBUG] ConsoleController::ServerBridge() start...
[2026-07-16 18:30:29] [DEBUG] ConsoleController::ServerBridge() \Develop\Controllers\PartsDefinitionController::editPartsAction()
[2026-07-16 18:30:29] [DEBUG] PartsDefinitionController::editPartsAction() start...
[2026-07-16 18:30:29] [DEBUG] PartsDefinitionModel::getAllPartsList() start... Project ID: PRJ-D45FEF
[2026-07-16 18:30:29] [DEBUG] PartsDefinitionModel::getColumnsByTableId() start... Input: newDevelopers
[2026-07-16 18:30:29] [DEBUG] 逆引き成功: 物理名 newDevelopers -> table_id : 12
[2026-07-16 18:30:29] [DEBUG] PartsDefinitionModel::getColumnsByTableId() finish. 件数: 9
[2026-07-16 18:30:29] [DEBUG] PartsDefinitionModel::getTableStructure() start... Project ID: PRJ-D45FEF
[2026-07-16 18:30:29] [DEBUG] Screen::updateAreaE() [iframe起動版] path: \Develop\Views\AreaE\PartsDefinition\RegistParts.view start...
[2026-07-16 18:30:29] [DEBUG] Screen::getContents() start...
[2026-07-16 18:30:29] [DEBUG] Screen::getContents() finish.
[2026-07-16 18:30:29] [DEBUG] Screen::updateAreaE() finish.
[2026-07-16 18:30:29] [DEBUG] PartsDefinitionController::editPartsAction() end.
[2026-07-16 18:30:29] [DEBUG] Screen::areaView() start...
[2026-07-16 18:30:29] [DEBUG] Screen::areaView() finish.
[2026-07-16 18:30:45] [DEBUG] --- wwProject System Start ---
[2026-07-16 18:30:45] [DEBUG] Router::Router() /jemini/wwProjectV1.37/Develop/Console/ServerBridgeAction/
[2026-07-16 18:30:45] [DEBUG] Attempting to load: \Develop\Controllers\ConsoleController::ServerBridgeAction
[2026-07-16 18:30:45] [DEBUG] Router: Executing \Develop\Controllers\ConsoleController->ServerBridgeAction
[2026-07-16 18:30:45] [DEBUG] ConsoleController::ServerBridge() start...
[2026-07-16 18:30:45] [DEBUG] ConsoleController::ServerBridge() \Develop\Controllers\PartsDefinitionController::saveAction()
[2026-07-16 18:30:45] [DEBUG] PartsDefinitionController::saveAction() start...
[2026-07-16 18:30:45] [DEBUG] PartsDefinitionModel::saveParts() start... Project ID: PRJ-D45FEF, Parts ID: 1
[2026-07-16 18:30:45] [DEBUG] PartsDefinitionModel::saveParts() 保存するchecked_columns_jsonの値: [user_name,login_id,password]
[2026-07-16 18:30:45] [DEBUG] PartsDefinitionModel::saveParts() contents : 
[2026-07-16 18:30:45] [DEBUG] PartsDefinitionModel::saveParts() style_condition : 
[2026-07-16 18:30:45] [DEBUG] PartsDefinitionModel::saveParts() style_column : 
[2026-07-16 18:30:45] [DEBUG] PartsDefinitionModel::saveParts() UPDATE m_screenparts SET
                            parts_name = :parts_name,
                            parts_description = :parts_description,
                            parts_type = :parts_type,
                            table_name = :table_name,
                            display_label = :display_label,
                            preview_title = :preview_title,
                            column_filter = :column_filter,
                            input_rows = :input_rows,
                            checked_columns_json = :checked_columns_json,
                            input_style = :input_style,
                            contents = :contents,
                            style_condition = :style_condition,
                            style_column = :style_column
                        WHERE
                            project_id = :project_id AND parts_id = :parts_id
[2026-07-16 18:30:45] [DEBUG] PartsDefinitionModel::saveParts() UPDATEを実行します。Parts ID: 1
[2026-07-16 18:30:45] [DEBUG] PartsDefinitionModel::getAllPartsList() start... Project ID: PRJ-D45FEF
[2026-07-16 18:30:45] [DEBUG] Screen::updateAreaD() path: \Develop\Views\AreaD\PartsDefinition\PartsDefinitionList.view start...
[2026-07-16 18:30:45] [DEBUG] Screen::getContents() start...
[2026-07-16 18:30:45] [DEBUG] Screen::getContents() finish.
[2026-07-16 18:30:45] [DEBUG] Screen::updateAreaD() finish.
[2026-07-16 18:30:45] [DEBUG] Screen::updateAreaE() [iframe起動版] path: \Develop\Views\AreaE\Area_E_clear.view start...
[2026-07-16 18:30:45] [DEBUG] Screen::getContents() start...
[2026-07-16 18:30:45] [DEBUG] Screen::getContents() finish.
[2026-07-16 18:30:45] [DEBUG] Screen::updateAreaE() finish.
[2026-07-16 18:30:45] [DEBUG] PartsDefinitionController::saveAction() end.
[2026-07-16 18:30:45] [DEBUG] Screen::areaView() start...
[2026-07-16 18:30:45] [DEBUG] Screen::areaView() finish.
[2026-07-16 18:30:47] [DEBUG] --- wwProject System Start ---
[2026-07-16 18:30:47] [DEBUG] Router::Router() /jemini/wwProjectV1.37/Develop/Console/ServerBridgeAction/
[2026-07-16 18:30:47] [DEBUG] Attempting to load: \Develop\Controllers\ConsoleController::ServerBridgeAction
[2026-07-16 18:30:47] [DEBUG] Router: Executing \Develop\Controllers\ConsoleController->ServerBridgeAction
[2026-07-16 18:30:47] [DEBUG] ConsoleController::ServerBridge() start...
[2026-07-16 18:30:47] [DEBUG] ConsoleController::ServerBridge() \Develop\Controllers\PartsDefinitionController::editPartsAction()
[2026-07-16 18:30:47] [DEBUG] PartsDefinitionController::editPartsAction() start...
[2026-07-16 18:30:47] [DEBUG] PartsDefinitionModel::getAllPartsList() start... Project ID: PRJ-D45FEF
[2026-07-16 18:30:47] [DEBUG] PartsDefinitionModel::getColumnsByTableId() start... Input: newDevelopers
[2026-07-16 18:30:47] [DEBUG] 逆引き成功: 物理名 newDevelopers -> table_id : 12
[2026-07-16 18:30:47] [DEBUG] PartsDefinitionModel::getColumnsByTableId() finish. 件数: 9
[2026-07-16 18:30:47] [DEBUG] PartsDefinitionModel::getTableStructure() start... Project ID: PRJ-D45FEF
[2026-07-16 18:30:47] [DEBUG] Screen::updateAreaE() [iframe起動版] path: \Develop\Views\AreaE\PartsDefinition\RegistParts.view start...
[2026-07-16 18:30:47] [DEBUG] Screen::getContents() start...
[2026-07-16 18:30:47] [DEBUG] Screen::getContents() finish.
[2026-07-16 18:30:47] [DEBUG] Screen::updateAreaE() finish.
[2026-07-16 18:30:47] [DEBUG] PartsDefinitionController::editPartsAction() end.
[2026-07-16 18:30:47] [DEBUG] Screen::areaView() start...
[2026-07-16 18:30:47] [DEBUG] Screen::areaView() finish.
[2026-07-16 18:30:49] [DEBUG] --- wwProject System Start ---
[2026-07-16 18:30:49] [DEBUG] Router::Router() /jemini/wwProjectV1.37/Develop/Console/ServerBridgeAction/
[2026-07-16 18:30:49] [DEBUG] Attempting to load: \Develop\Controllers\ConsoleController::ServerBridgeAction
[2026-07-16 18:30:49] [DEBUG] Router: Executing \Develop\Controllers\ConsoleController->ServerBridgeAction
[2026-07-16 18:30:49] [DEBUG] ConsoleController::ServerBridge() start...
[2026-07-16 18:30:49] [DEBUG] ConsoleController::ServerBridge() \Develop\Controllers\PartsDefinitionController::editPartsAction()
[2026-07-16 18:30:49] [DEBUG] PartsDefinitionController::editPartsAction() start...
[2026-07-16 18:30:49] [DEBUG] PartsDefinitionModel::getAllPartsList() start... Project ID: PRJ-D45FEF
[2026-07-16 18:30:49] [DEBUG] PartsDefinitionModel::getColumnsByTableId() start... Input: newDevelopers
[2026-07-16 18:30:49] [DEBUG] 逆引き成功: 物理名 newDevelopers -> table_id : 12
[2026-07-16 18:30:49] [DEBUG] PartsDefinitionModel::getColumnsByTableId() finish. 件数: 9
[2026-07-16 18:30:49] [DEBUG] PartsDefinitionModel::getTableStructure() start... Project ID: PRJ-D45FEF
[2026-07-16 18:30:49] [DEBUG] Screen::updateAreaE() [iframe起動版] path: \Develop\Views\AreaE\PartsDefinition\RegistParts.view start...
[2026-07-16 18:30:49] [DEBUG] Screen::getContents() start...
[2026-07-16 18:30:49] [DEBUG] Screen::getContents() finish.
[2026-07-16 18:30:49] [DEBUG] Screen::updateAreaE() finish.
[2026-07-16 18:30:49] [DEBUG] PartsDefinitionController::editPartsAction() end.
[2026-07-16 18:30:49] [DEBUG] Screen::areaView() start...
[2026-07-16 18:30:49] [DEBUG] Screen::areaView() finish.
[2026-07-16 18:30:57] [DEBUG] --- wwProject System Start ---
[2026-07-16 18:30:57] [DEBUG] Router::Router() /jemini/wwProjectV1.37/Develop/Console/ServerBridgeAction/
[2026-07-16 18:30:57] [DEBUG] Attempting to load: \Develop\Controllers\ConsoleController::ServerBridgeAction
[2026-07-16 18:30:57] [DEBUG] Router: Executing \Develop\Controllers\ConsoleController->ServerBridgeAction
[2026-07-16 18:30:57] [DEBUG] ConsoleController::ServerBridge() start...
[2026-07-16 18:30:57] [DEBUG] ConsoleController::ServerBridge() \Develop\Controllers\PartsDefinitionController::saveAction()
[2026-07-16 18:30:57] [DEBUG] PartsDefinitionController::saveAction() start...
[2026-07-16 18:30:57] [DEBUG] PartsDefinitionModel::saveParts() start... Project ID: PRJ-D45FEF, Parts ID: 2
[2026-07-16 18:30:57] [DEBUG] PartsDefinitionModel::saveParts() 保存するchecked_columns_jsonの値: [user_name,login_id,password]
[2026-07-16 18:30:57] [DEBUG] PartsDefinitionModel::saveParts() contents : 
[2026-07-16 18:30:57] [DEBUG] PartsDefinitionModel::saveParts() style_condition : 
[2026-07-16 18:30:57] [DEBUG] PartsDefinitionModel::saveParts() style_column : 
[2026-07-16 18:30:57] [DEBUG] PartsDefinitionModel::saveParts() UPDATE m_screenparts SET
                            parts_name = :parts_name,
                            parts_description = :parts_description,
                            parts_type = :parts_type,
                            table_name = :table_name,
                            display_label = :display_label,
                            preview_title = :preview_title,
                            column_filter = :column_filter,
                            input_rows = :input_rows,
                            checked_columns_json = :checked_columns_json,
                            input_style = :input_style,
                            contents = :contents,
                            style_condition = :style_condition,
                            style_column = :style_column
                        WHERE
                            project_id = :project_id AND parts_id = :parts_id
[2026-07-16 18:30:57] [DEBUG] PartsDefinitionModel::saveParts() UPDATEを実行します。Parts ID: 2
[2026-07-16 18:30:57] [DEBUG] PartsDefinitionModel::getAllPartsList() start... Project ID: PRJ-D45FEF
[2026-07-16 18:30:57] [DEBUG] Screen::updateAreaD() path: \Develop\Views\AreaD\PartsDefinition\PartsDefinitionList.view start...
[2026-07-16 18:30:57] [DEBUG] Screen::getContents() start...
[2026-07-16 18:30:57] [DEBUG] Screen::getContents() finish.
[2026-07-16 18:30:57] [DEBUG] Screen::updateAreaD() finish.
[2026-07-16 18:30:57] [DEBUG] Screen::updateAreaE() [iframe起動版] path: \Develop\Views\AreaE\Area_E_clear.view start...
[2026-07-16 18:30:57] [DEBUG] Screen::getContents() start...
[2026-07-16 18:30:57] [DEBUG] Screen::getContents() finish.
[2026-07-16 18:30:57] [DEBUG] Screen::updateAreaE() finish.
[2026-07-16 18:30:57] [DEBUG] PartsDefinitionController::saveAction() end.
[2026-07-16 18:30:57] [DEBUG] Screen::areaView() start...
[2026-07-16 18:30:57] [DEBUG] Screen::areaView() finish.
[2026-07-16 18:30:58] [DEBUG] --- wwProject System Start ---
[2026-07-16 18:30:58] [DEBUG] Router::Router() /jemini/wwProjectV1.37/Develop/Console/ServerBridgeAction/
[2026-07-16 18:30:58] [DEBUG] Attempting to load: \Develop\Controllers\ConsoleController::ServerBridgeAction
[2026-07-16 18:30:58] [DEBUG] Router: Executing \Develop\Controllers\ConsoleController->ServerBridgeAction
[2026-07-16 18:30:58] [DEBUG] ConsoleController::ServerBridge() start...
[2026-07-16 18:30:58] [DEBUG] ConsoleController::ServerBridge() \Develop\Controllers\PartsDefinitionController::editPartsAction()
[2026-07-16 18:30:58] [DEBUG] PartsDefinitionController::editPartsAction() start...
[2026-07-16 18:30:58] [DEBUG] PartsDefinitionModel::getAllPartsList() start... Project ID: PRJ-D45FEF
[2026-07-16 18:30:58] [DEBUG] PartsDefinitionModel::getColumnsByTableId() start... Input: newDevelopers
[2026-07-16 18:30:58] [DEBUG] 逆引き成功: 物理名 newDevelopers -> table_id : 12
[2026-07-16 18:30:58] [DEBUG] PartsDefinitionModel::getColumnsByTableId() finish. 件数: 9
[2026-07-16 18:30:58] [DEBUG] PartsDefinitionModel::getTableStructure() start... Project ID: PRJ-D45FEF
[2026-07-16 18:30:58] [DEBUG] Screen::updateAreaE() [iframe起動版] path: \Develop\Views\AreaE\PartsDefinition\RegistParts.view start...
[2026-07-16 18:30:58] [DEBUG] Screen::getContents() start...
[2026-07-16 18:30:58] [DEBUG] Screen::getContents() finish.
[2026-07-16 18:30:58] [DEBUG] Screen::updateAreaE() finish.
[2026-07-16 18:30:58] [DEBUG] PartsDefinitionController::editPartsAction() end.
[2026-07-16 18:30:58] [DEBUG] Screen::areaView() start...
[2026-07-16 18:30:58] [DEBUG] Screen::areaView() finish.
[2026-07-16 18:31:01] [DEBUG] --- wwProject System Start ---
[2026-07-16 18:31:01] [DEBUG] Router::Router() /jemini/wwProjectV1.37/Develop/Console/ServerBridgeAction/
[2026-07-16 18:31:01] [DEBUG] Attempting to load: \Develop\Controllers\ConsoleController::ServerBridgeAction
[2026-07-16 18:31:01] [DEBUG] Router: Executing \Develop\Controllers\ConsoleController->ServerBridgeAction
[2026-07-16 18:31:01] [DEBUG] ConsoleController::ServerBridge() start...
[2026-07-16 18:31:01] [DEBUG] ConsoleController::ServerBridge() \Develop\Controllers\PartsDefinitionController::editPartsAction()
[2026-07-16 18:31:01] [DEBUG] PartsDefinitionController::editPartsAction() start...
[2026-07-16 18:31:01] [DEBUG] PartsDefinitionModel::getAllPartsList() start... Project ID: PRJ-D45FEF
[2026-07-16 18:31:01] [DEBUG] PartsDefinitionModel::getTableStructure() start... Project ID: PRJ-D45FEF
[2026-07-16 18:31:01] [DEBUG] Screen::updateAreaE() [iframe起動版] path: \Develop\Views\AreaE\PartsDefinition\RegistParts.view start...
[2026-07-16 18:31:01] [DEBUG] Screen::getContents() start...
[2026-07-16 18:31:01] [DEBUG] Screen::getContents() finish.
[2026-07-16 18:31:01] [DEBUG] Screen::updateAreaE() finish.
[2026-07-16 18:31:01] [DEBUG] PartsDefinitionController::editPartsAction() end.
[2026-07-16 18:31:01] [DEBUG] Screen::areaView() start...
[2026-07-16 18:31:01] [DEBUG] Screen::areaView() finish.
[2026-07-16 20:57:19] [DEBUG] --- wwProject System Start ---
[2026-07-16 20:57:20] [DEBUG] Router::Router() /jemini/wwProjectV1.37/Develop/Console/ServerBridgeAction/
[2026-07-16 20:57:20] [DEBUG] Attempting to load: \Develop\Controllers\ConsoleController::ServerBridgeAction
[2026-07-16 20:57:20] [DEBUG] Router: Executing \Develop\Controllers\ConsoleController->ServerBridgeAction
[2026-07-16 20:57:20] [DEBUG] ConsoleController::ServerBridge() start...
[2026-07-16 20:57:20] [DEBUG] ConsoleController::ServerBridge() \Develop\Controllers\PartsDefinitionController::InitialAction()
[2026-07-16 20:57:20] [DEBUG] DBDefinitionController::initialAction() start...
[2026-07-16 20:57:20] [DEBUG] PartsDefinitionController::initialAction() projectId : PRJ-D45FEF
[2026-07-16 20:57:20] [DEBUG] PartsDefinitionModel::getAllPartsList() start... Project ID: PRJ-D45FEF
[2026-07-16 20:57:20] [DEBUG] Screen::updateAreaD() path: \Develop\Views\AreaD\PartsDefinition\PartsDefinitionList.view start...
[2026-07-16 20:57:20] [DEBUG] Screen::getContents() start...
[2026-07-16 20:57:20] [DEBUG] Screen::getContents() finish.
[2026-07-16 20:57:20] [DEBUG] Screen::updateAreaD() finish.
[2026-07-16 20:57:20] [DEBUG] Screen::updateAreaE() [iframe起動版] path: \Develop\Views\AreaE\Area_E_clear.view start...
[2026-07-16 20:57:20] [DEBUG] Screen::getContents() start...
[2026-07-16 20:57:20] [DEBUG] Screen::getContents() finish.
[2026-07-16 20:57:20] [DEBUG] Screen::updateAreaE() finish.
[2026-07-16 20:57:20] [DEBUG] DBDefinitionController::initialAction() end.
[2026-07-16 20:57:20] [DEBUG] Screen::areaView() start...
[2026-07-16 20:57:20] [DEBUG] Screen::areaView() finish.
[2026-07-16 20:57:21] [DEBUG] --- wwProject System Start ---
[2026-07-16 20:57:21] [DEBUG] Router::Router() /jemini/wwProjectV1.37/Develop/Console/ServerBridgeAction/
[2026-07-16 20:57:21] [DEBUG] Attempting to load: \Develop\Controllers\ConsoleController::ServerBridgeAction
[2026-07-16 20:57:21] [DEBUG] Router: Executing \Develop\Controllers\ConsoleController->ServerBridgeAction
[2026-07-16 20:57:21] [DEBUG] ConsoleController::ServerBridge() start...
[2026-07-16 20:57:21] [DEBUG] ConsoleController::ServerBridge() \Develop\Controllers\PartsDefinitionController::InitialAction()
[2026-07-16 20:57:21] [DEBUG] DBDefinitionController::initialAction() start...
[2026-07-16 20:57:21] [DEBUG] PartsDefinitionController::initialAction() projectId : PRJ-D45FEF
[2026-07-16 20:57:21] [DEBUG] PartsDefinitionModel::getAllPartsList() start... Project ID: PRJ-D45FEF
[2026-07-16 20:57:21] [DEBUG] Screen::updateAreaD() path: \Develop\Views\AreaD\PartsDefinition\PartsDefinitionList.view start...
[2026-07-16 20:57:21] [DEBUG] Screen::getContents() start...
[2026-07-16 20:57:21] [DEBUG] Screen::getContents() finish.
[2026-07-16 20:57:21] [DEBUG] Screen::updateAreaD() finish.
[2026-07-16 20:57:21] [DEBUG] Screen::updateAreaE() [iframe起動版] path: \Develop\Views\AreaE\Area_E_clear.view start...
[2026-07-16 20:57:21] [DEBUG] Screen::getContents() start...
[2026-07-16 20:57:21] [DEBUG] Screen::getContents() finish.
[2026-07-16 20:57:21] [DEBUG] Screen::updateAreaE() finish.
[2026-07-16 20:57:21] [DEBUG] DBDefinitionController::initialAction() end.
[2026-07-16 20:57:21] [DEBUG] Screen::areaView() start...
[2026-07-16 20:57:21] [DEBUG] Screen::areaView() finish.
[2026-07-16 20:57:24] [DEBUG] --- wwProject System Start ---
[2026-07-16 20:57:24] [DEBUG] Router::Router() /jemini/wwProjectV1.37/Develop/Console/ServerBridgeAction/
[2026-07-16 20:57:24] [DEBUG] Attempting to load: \Develop\Controllers\ConsoleController::ServerBridgeAction
[2026-07-16 20:57:24] [DEBUG] Router: Executing \Develop\Controllers\ConsoleController->ServerBridgeAction
[2026-07-16 20:57:24] [DEBUG] ConsoleController::ServerBridge() start...
[2026-07-16 20:57:24] [DEBUG] ConsoleController::ServerBridge() \Develop\Controllers\PartsDefinitionController::editPartsAction()
[2026-07-16 20:57:24] [DEBUG] PartsDefinitionController::editPartsAction() start...
[2026-07-16 20:57:24] [DEBUG] PartsDefinitionModel::getAllPartsList() start... Project ID: PRJ-D45FEF
[2026-07-16 20:57:24] [DEBUG] PartsDefinitionModel::getColumnsByTableId() start... Input: newDevelopers
[2026-07-16 20:57:24] [DEBUG] 逆引き成功: 物理名 newDevelopers -> table_id : 12
[2026-07-16 20:57:24] [DEBUG] PartsDefinitionModel::getColumnsByTableId() finish. 件数: 9
[2026-07-16 20:57:24] [DEBUG] PartsDefinitionModel::getTableStructure() start... Project ID: PRJ-D45FEF
[2026-07-16 20:57:24] [DEBUG] Screen::updateAreaE() [iframe起動版] path: \Develop\Views\AreaE\PartsDefinition\RegistParts.view start...
[2026-07-16 20:57:24] [DEBUG] Screen::getContents() start...
[2026-07-16 20:57:24] [DEBUG] Screen::getContents() finish.
[2026-07-16 20:57:24] [DEBUG] Screen::updateAreaE() finish.
[2026-07-16 20:57:24] [DEBUG] PartsDefinitionController::editPartsAction() end.
[2026-07-16 20:57:24] [DEBUG] Screen::areaView() start...
[2026-07-16 20:57:24] [DEBUG] Screen::areaView() finish.
[2026-07-16 20:57:27] [DEBUG] --- wwProject System Start ---
[2026-07-16 20:57:27] [DEBUG] Router::Router() /jemini/wwProjectV1.37/Develop/Console/ServerBridgeAction/
[2026-07-16 20:57:27] [DEBUG] Attempting to load: \Develop\Controllers\ConsoleController::ServerBridgeAction
[2026-07-16 20:57:27] [DEBUG] Router: Executing \Develop\Controllers\ConsoleController->ServerBridgeAction
[2026-07-16 20:57:27] [DEBUG] ConsoleController::ServerBridge() start...
[2026-07-16 20:57:27] [DEBUG] ConsoleController::ServerBridge() \Develop\Controllers\PartsDefinitionController::editPartsAction()
[2026-07-16 20:57:27] [DEBUG] PartsDefinitionController::editPartsAction() start...
[2026-07-16 20:57:27] [DEBUG] PartsDefinitionModel::getAllPartsList() start... Project ID: PRJ-D45FEF
[2026-07-16 20:57:27] [DEBUG] PartsDefinitionModel::getColumnsByTableId() start... Input: newDevelopers
[2026-07-16 20:57:27] [DEBUG] 逆引き成功: 物理名 newDevelopers -> table_id : 12
[2026-07-16 20:57:27] [DEBUG] PartsDefinitionModel::getColumnsByTableId() finish. 件数: 9
[2026-07-16 20:57:27] [DEBUG] PartsDefinitionModel::getTableStructure() start... Project ID: PRJ-D45FEF
[2026-07-16 20:57:27] [DEBUG] Screen::updateAreaE() [iframe起動版] path: \Develop\Views\AreaE\PartsDefinition\RegistParts.view start...
[2026-07-16 20:57:27] [DEBUG] Screen::getContents() start...
[2026-07-16 20:57:27] [DEBUG] Screen::getContents() finish.
[2026-07-16 20:57:27] [DEBUG] Screen::updateAreaE() finish.
[2026-07-16 20:57:27] [DEBUG] PartsDefinitionController::editPartsAction() end.
[2026-07-16 20:57:27] [DEBUG] Screen::areaView() start...
[2026-07-16 20:57:27] [DEBUG] Screen::areaView() finish.
[2026-07-16 20:57:30] [DEBUG] --- wwProject System Start ---
[2026-07-16 20:57:30] [DEBUG] Router::Router() /jemini/wwProjectV1.37/Develop/Console/ServerBridgeAction/
[2026-07-16 20:57:30] [DEBUG] Attempting to load: \Develop\Controllers\ConsoleController::ServerBridgeAction
[2026-07-16 20:57:30] [DEBUG] Router: Executing \Develop\Controllers\ConsoleController->ServerBridgeAction
[2026-07-16 20:57:30] [DEBUG] ConsoleController::ServerBridge() start...
[2026-07-16 20:57:30] [DEBUG] ConsoleController::ServerBridge() \Develop\Controllers\PartsDefinitionController::editPartsAction()
[2026-07-16 20:57:30] [DEBUG] PartsDefinitionController::editPartsAction() start...
[2026-07-16 20:57:30] [DEBUG] PartsDefinitionModel::getAllPartsList() start... Project ID: PRJ-D45FEF
[2026-07-16 20:57:30] [DEBUG] PartsDefinitionModel::getTableStructure() start... Project ID: PRJ-D45FEF
[2026-07-16 20:57:30] [DEBUG] Screen::updateAreaE() [iframe起動版] path: \Develop\Views\AreaE\PartsDefinition\RegistParts.view start...
[2026-07-16 20:57:30] [DEBUG] Screen::getContents() start...
[2026-07-16 20:57:30] [DEBUG] Screen::getContents() finish.
[2026-07-16 20:57:30] [DEBUG] Screen::updateAreaE() finish.
[2026-07-16 20:57:30] [DEBUG] PartsDefinitionController::editPartsAction() end.
[2026-07-16 20:57:30] [DEBUG] Screen::areaView() start...
[2026-07-16 20:57:30] [DEBUG] Screen::areaView() finish.
[2026-07-16 20:57:32] [DEBUG] --- wwProject System Start ---
[2026-07-16 20:57:32] [DEBUG] Router::Router() /jemini/wwProjectV1.37/Develop/Console/ServerBridgeAction/
[2026-07-16 20:57:32] [DEBUG] Attempting to load: \Develop\Controllers\ConsoleController::ServerBridgeAction
[2026-07-16 20:57:32] [DEBUG] Router: Executing \Develop\Controllers\ConsoleController->ServerBridgeAction
[2026-07-16 20:57:32] [DEBUG] ConsoleController::ServerBridge() start...
[2026-07-16 20:57:32] [DEBUG] ConsoleController::ServerBridge() \Develop\Controllers\PartsDefinitionController::editPartsAction()
[2026-07-16 20:57:32] [DEBUG] PartsDefinitionController::editPartsAction() start...
[2026-07-16 20:57:32] [DEBUG] PartsDefinitionModel::getAllPartsList() start... Project ID: PRJ-D45FEF
[2026-07-16 20:57:32] [DEBUG] PartsDefinitionModel::getColumnsByTableId() start... Input: newDevelopers
[2026-07-16 20:57:32] [DEBUG] 逆引き成功: 物理名 newDevelopers -> table_id : 12
[2026-07-16 20:57:32] [DEBUG] PartsDefinitionModel::getColumnsByTableId() finish. 件数: 9
[2026-07-16 20:57:32] [DEBUG] PartsDefinitionModel::getTableStructure() start... Project ID: PRJ-D45FEF
[2026-07-16 20:57:32] [DEBUG] Screen::updateAreaE() [iframe起動版] path: \Develop\Views\AreaE\PartsDefinition\RegistParts.view start...
[2026-07-16 20:57:32] [DEBUG] Screen::getContents() start...
[2026-07-16 20:57:32] [DEBUG] Screen::getContents() finish.
[2026-07-16 20:57:32] [DEBUG] Screen::updateAreaE() finish.
[2026-07-16 20:57:32] [DEBUG] PartsDefinitionController::editPartsAction() end.
[2026-07-16 20:57:32] [DEBUG] Screen::areaView() start...
[2026-07-16 20:57:32] [DEBUG] Screen::areaView() finish.
[2026-07-16 20:57:33] [DEBUG] --- wwProject System Start ---
[2026-07-16 20:57:33] [DEBUG] Router::Router() /jemini/wwProjectV1.37/Develop/Console/ServerBridgeAction/
[2026-07-16 20:57:33] [DEBUG] Attempting to load: \Develop\Controllers\ConsoleController::ServerBridgeAction
[2026-07-16 20:57:33] [DEBUG] Router: Executing \Develop\Controllers\ConsoleController->ServerBridgeAction
[2026-07-16 20:57:33] [DEBUG] ConsoleController::ServerBridge() start...
[2026-07-16 20:57:33] [DEBUG] ConsoleController::ServerBridge() \Develop\Controllers\PartsDefinitionController::editPartsAction()
[2026-07-16 20:57:33] [DEBUG] PartsDefinitionController::editPartsAction() start...
[2026-07-16 20:57:33] [DEBUG] PartsDefinitionModel::getAllPartsList() start... Project ID: PRJ-D45FEF
[2026-07-16 20:57:33] [DEBUG] PartsDefinitionModel::getTableStructure() start... Project ID: PRJ-D45FEF
[2026-07-16 20:57:33] [DEBUG] Screen::updateAreaE() [iframe起動版] path: \Develop\Views\AreaE\PartsDefinition\RegistParts.view start...
[2026-07-16 20:57:33] [DEBUG] Screen::getContents() start...
[2026-07-16 20:57:33] [DEBUG] Screen::getContents() finish.
[2026-07-16 20:57:33] [DEBUG] Screen::updateAreaE() finish.
[2026-07-16 20:57:33] [DEBUG] PartsDefinitionController::editPartsAction() end.
[2026-07-16 20:57:33] [DEBUG] Screen::areaView() start...
[2026-07-16 20:57:33] [DEBUG] Screen::areaView() finish.
[2026-07-16 20:57:35] [DEBUG] --- wwProject System Start ---
[2026-07-16 20:57:35] [DEBUG] Router::Router() /jemini/wwProjectV1.37/Develop/Console/ServerBridgeAction/
[2026-07-16 20:57:35] [DEBUG] Attempting to load: \Develop\Controllers\ConsoleController::ServerBridgeAction
[2026-07-16 20:57:35] [DEBUG] Router: Executing \Develop\Controllers\ConsoleController->ServerBridgeAction
[2026-07-16 20:57:35] [DEBUG] ConsoleController::ServerBridge() start...
[2026-07-16 20:57:35] [DEBUG] ConsoleController::ServerBridge() \Develop\Controllers\PartsDefinitionController::editPartsAction()
[2026-07-16 20:57:35] [DEBUG] PartsDefinitionController::editPartsAction() start...
[2026-07-16 20:57:35] [DEBUG] PartsDefinitionModel::getAllPartsList() start... Project ID: PRJ-D45FEF
[2026-07-16 20:57:35] [DEBUG] PartsDefinitionModel::getTableStructure() start... Project ID: PRJ-D45FEF
[2026-07-16 20:57:35] [DEBUG] Screen::updateAreaE() [iframe起動版] path: \Develop\Views\AreaE\PartsDefinition\RegistParts.view start...
[2026-07-16 20:57:35] [DEBUG] Screen::getContents() start...
[2026-07-16 20:57:35] [DEBUG] Screen::getContents() finish.
[2026-07-16 20:57:35] [DEBUG] Screen::updateAreaE() finish.
[2026-07-16 20:57:35] [DEBUG] PartsDefinitionController::editPartsAction() end.
[2026-07-16 20:57:35] [DEBUG] Screen::areaView() start...
[2026-07-16 20:57:35] [DEBUG] Screen::areaView() finish.
[2026-07-16 20:58:01] [DEBUG] --- wwProject System Start ---
[2026-07-16 20:58:01] [DEBUG] Router::Router() /jemini/wwProjectV1.37/Develop/Console/ServerBridgeAction/
[2026-07-16 20:58:01] [DEBUG] Attempting to load: \Develop\Controllers\ConsoleController::ServerBridgeAction
[2026-07-16 20:58:01] [DEBUG] Router: Executing \Develop\Controllers\ConsoleController->ServerBridgeAction
[2026-07-16 20:58:01] [DEBUG] ConsoleController::ServerBridge() start...
[2026-07-16 20:58:01] [DEBUG] ConsoleController::ServerBridge() \Develop\Controllers\PartsDefinitionController::InitialAction()
[2026-07-16 20:58:01] [DEBUG] DBDefinitionController::initialAction() start...
[2026-07-16 20:58:01] [DEBUG] PartsDefinitionController::initialAction() projectId : PRJ-D45FEF
[2026-07-16 20:58:01] [DEBUG] PartsDefinitionModel::getAllPartsList() start... Project ID: PRJ-D45FEF
[2026-07-16 20:58:01] [DEBUG] Screen::updateAreaD() path: \Develop\Views\AreaD\PartsDefinition\PartsDefinitionList.view start...
[2026-07-16 20:58:01] [DEBUG] Screen::getContents() start...
[2026-07-16 20:58:01] [DEBUG] Screen::getContents() finish.
[2026-07-16 20:58:01] [DEBUG] Screen::updateAreaD() finish.
[2026-07-16 20:58:01] [DEBUG] Screen::updateAreaE() [iframe起動版] path: \Develop\Views\AreaE\Area_E_clear.view start...
[2026-07-16 20:58:01] [DEBUG] Screen::getContents() start...
[2026-07-16 20:58:01] [DEBUG] Screen::getContents() finish.
[2026-07-16 20:58:01] [DEBUG] Screen::updateAreaE() finish.
[2026-07-16 20:58:01] [DEBUG] DBDefinitionController::initialAction() end.
[2026-07-16 20:58:01] [DEBUG] Screen::areaView() start...
[2026-07-16 20:58:01] [DEBUG] Screen::areaView() finish.
[2026-07-16 20:58:03] [DEBUG] --- wwProject System Start ---
[2026-07-16 20:58:03] [DEBUG] Router::Router() /jemini/wwProjectV1.37/Develop/Console/ServerBridgeAction/
[2026-07-16 20:58:03] [DEBUG] Attempting to load: \Develop\Controllers\ConsoleController::ServerBridgeAction
[2026-07-16 20:58:03] [DEBUG] Router: Executing \Develop\Controllers\ConsoleController->ServerBridgeAction
[2026-07-16 20:58:03] [DEBUG] ConsoleController::ServerBridge() start...
[2026-07-16 20:58:03] [DEBUG] ConsoleController::ServerBridge() \Develop\Controllers\PartsDefinitionController::InitialAction()
[2026-07-16 20:58:03] [DEBUG] DBDefinitionController::initialAction() start...
[2026-07-16 20:58:03] [DEBUG] PartsDefinitionController::initialAction() projectId : PRJ-D45FEF
[2026-07-16 20:58:03] [DEBUG] PartsDefinitionModel::getAllPartsList() start... Project ID: PRJ-D45FEF
[2026-07-16 20:58:03] [DEBUG] Screen::updateAreaD() path: \Develop\Views\AreaD\PartsDefinition\PartsDefinitionList.view start...
[2026-07-16 20:58:03] [DEBUG] Screen::getContents() start...
[2026-07-16 20:58:03] [DEBUG] Screen::getContents() finish.
[2026-07-16 20:58:03] [DEBUG] Screen::updateAreaD() finish.
[2026-07-16 20:58:03] [DEBUG] Screen::updateAreaE() [iframe起動版] path: \Develop\Views\AreaE\Area_E_clear.view start...
[2026-07-16 20:58:03] [DEBUG] Screen::getContents() start...
[2026-07-16 20:58:03] [DEBUG] Screen::getContents() finish.
[2026-07-16 20:58:03] [DEBUG] Screen::updateAreaE() finish.
[2026-07-16 20:58:03] [DEBUG] DBDefinitionController::initialAction() end.
[2026-07-16 20:58:03] [DEBUG] Screen::areaView() start...
[2026-07-16 20:58:03] [DEBUG] Screen::areaView() finish.
[2026-07-16 20:58:12] [DEBUG] --- wwProject System Start ---
[2026-07-16 20:58:12] [DEBUG] Router::Router() /jemini/wwProjectV1.37/develop/
[2026-07-16 20:58:12] [DEBUG] Attempting to load: \Develop\Controllers\LoginController::initialAction
[2026-07-16 20:58:12] [DEBUG] Router: Executing \Develop\Controllers\LoginController->initialAction
[2026-07-16 20:58:12] [DEBUG] Login::initialAction() start...
[2026-07-16 20:58:12] [DEBUG] Login::initialAction() errorMessage : 
[2026-07-16 20:58:12] [DEBUG] Screen::view() path: \Develop\Views\Login\Login.view start...
[2026-07-16 20:58:12] [DEBUG] Screen::getContents() start...
[2026-07-16 20:58:12] [DEBUG] Screen::getContents() finish.
[2026-07-16 20:58:12] [DEBUG] Screen::view() path: \Develop\Views\Login\Login.view finish.
[2026-07-16 20:58:12] [DEBUG] Login::initialAction() finish.
