[2026-07-14 00:15:03] [DEBUG] --- wwProject System Start ---
[2026-07-14 00:15:04] [DEBUG] Router::Router() /jemini/wwProjectV1.37/Develop/Console/ServerBridgeAction/
[2026-07-14 00:15:04] [DEBUG] Attempting to load: \Develop\Controllers\ConsoleController::ServerBridgeAction
[2026-07-14 00:15:04] [DEBUG] Router: Executing \Develop\Controllers\ConsoleController->ServerBridgeAction
[2026-07-14 00:15:04] [DEBUG] ConsoleController::ServerBridge() start...
[2026-07-14 00:15:04] [DEBUG] ConsoleController::ServerBridge() \Develop\Controllers\DBDefinitionController::editTableAction()
[2026-07-14 00:15:04] [DEBUG] DBDefinitionController::editTableAction() start...
[2026-07-14 00:15:04] [DEBUG] DBDefinitionModel::getTableInfo() start... [Table: ApplicantAndParticipant]
[2026-07-14 00:15:04] [DEBUG] DBDefinitionModel::getSavedColumns() start... [TableID: 16]
[2026-07-14 00:15:04] [DEBUG] DBDefinitionModel::getTableList() start...
[2026-07-14 00:15:04] [DEBUG] DBDefinitionModel::getTableList() finish. 取得件数: 5
[2026-07-14 00:15:04] [DEBUG] DBDefinitionModel::getSavedColumns() start... [TableID: 16]
[2026-07-14 00:15:04] [DEBUG] DBDefinitionModel::getSavedColumns() start... [TableID: 13]
[2026-07-14 00:15:04] [DEBUG] DBDefinitionModel::getSavedColumns() start... [TableID: 14]
[2026-07-14 00:15:04] [DEBUG] DBDefinitionModel::getSavedColumns() start... [TableID: 12]
[2026-07-14 00:15:04] [DEBUG] DBDefinitionModel::getSavedColumns() start... [TableID: 15]
[2026-07-14 00:15:04] [DEBUG] Screen::updateAreaE() [iframe起動版] path: \Develop\Views\AreaE\DBDefinition\RegistTable.view start...
[2026-07-14 00:15:04] [DEBUG] Screen::getContents() start...
[2026-07-14 00:15:04] [DEBUG] Screen::getContents() finish.
[2026-07-14 00:15:04] [DEBUG] Screen::updateAreaE() finish.
[2026-07-14 00:15:04] [DEBUG] DBDefinitionController::editTableAction() finish.
[2026-07-14 00:15:04] [DEBUG] Screen::areaView() start...
[2026-07-14 00:15:04] [DEBUG] Screen::areaView() finish.
[2026-07-14 00:20:10] [DEBUG] --- wwProject System Start ---
[2026-07-14 00:20:10] [DEBUG] Router::Router() /jemini/wwProjectV1.37/Develop/
[2026-07-14 00:20:10] [DEBUG] Attempting to load: \Develop\Controllers\LoginController::initialAction
[2026-07-14 00:20:10] [DEBUG] Router: Executing \Develop\Controllers\LoginController->initialAction
[2026-07-14 00:20:10] [DEBUG] Login::initialAction() start...
[2026-07-14 00:20:10] [DEBUG] Login::initialAction() errorMessage : 
[2026-07-14 00:20:10] [DEBUG] Screen::view() path: \Develop\Views\Login\Login.view start...
[2026-07-14 00:20:10] [DEBUG] Screen::getContents() start...
[2026-07-14 00:20:10] [DEBUG] Screen::getContents() finish.
[2026-07-14 00:20:10] [DEBUG] Screen::view() path: \Develop\Views\Login\Login.view finish.
[2026-07-14 00:20:10] [DEBUG] Login::initialAction() finish.
[2026-07-14 00:20:13] [DEBUG] --- wwProject System Start ---
[2026-07-14 00:20:13] [DEBUG] Router::Router() /jemini/wwProjectV1.37/Develop/Login/authentication/
[2026-07-14 00:20:13] [DEBUG] Attempting to load: \Develop\Controllers\LoginController::authenticationAction
[2026-07-14 00:20:13] [DEBUG] Router: Executing \Develop\Controllers\LoginController->authenticationAction
[2026-07-14 00:20:13] [DEBUG] Login::AuthenticationAction() start...
[2026-07-14 00:20:13] [DEBUG] Login OK - x
[2026-07-14 00:20:13] [DEBUG] Session::start()
[2026-07-14 00:20:13] [DEBUG] Redirect to Console::initialAction()
[2026-07-14 00:20:13] [DEBUG] --- wwProject System Start ---
[2026-07-14 00:20:13] [DEBUG] Router::Router() /jemini/wwProjectV1.37/Develop/Console/initial/
[2026-07-14 00:20:13] [DEBUG] Attempting to load: \Develop\Controllers\ConsoleController::initialAction
[2026-07-14 00:20:13] [DEBUG] Router: Executing \Develop\Controllers\ConsoleController->initialAction
[2026-07-14 00:20:13] [DEBUG] Console::initialAction() start...
[2026-07-14 00:20:13] [DEBUG] Screen::view() path: \Develop\Views\Console\Console.view start...
[2026-07-14 00:20:13] [DEBUG] Screen::getContents() start...
[2026-07-14 00:20:13] [DEBUG] Screen::getContents() finish.
[2026-07-14 00:20:13] [DEBUG] Screen::view() path: \Develop\Views\Console\Console.view finish.
[2026-07-14 00:20:13] [DEBUG] ConsoleController::initialAction() finish.
[2026-07-14 00:20:13] [DEBUG] --- wwProject System Start ---
[2026-07-14 00:20:13] [DEBUG] Router::Router() /jemini/wwProjectV1.37/Develop/Console/ServerBridgeAction/
[2026-07-14 00:20:13] [DEBUG] Attempting to load: \Develop\Controllers\ConsoleController::ServerBridgeAction
[2026-07-14 00:20:13] [DEBUG] Router: Executing \Develop\Controllers\ConsoleController->ServerBridgeAction
[2026-07-14 00:20:13] [DEBUG] ConsoleController::ServerBridge() start...
[2026-07-14 00:20:13] [DEBUG] ConsoleController::ServerBridge() \Develop\Controllers\ConsoleController::areaInitialAction()
[2026-07-14 00:20:13] [DEBUG] ConsoleController::AreaInitialAction() start...
[2026-07-14 00:20:13] [DEBUG] Screen::updateAreaA() path: \Develop\Views\AreaA\Area_A.view start...
[2026-07-14 00:20:13] [DEBUG] Screen::areaView() sending JSON: ["areas"]
[2026-07-14 00:20:13] [DEBUG] Screen::getContents() start...
[2026-07-14 00:20:13] [DEBUG] Screen::getContents() finish.
[2026-07-14 00:20:13] [DEBUG] Screen::updateAreaA() finish.
[2026-07-14 00:20:13] [DEBUG] Screen::updateAreaB() path: \Develop\Views\AreaB\Area_B.view start...
[2026-07-14 00:20:13] [DEBUG] Screen::getContents() start...
[2026-07-14 00:20:13] [DEBUG] Screen::getContents() finish.
[2026-07-14 00:20:13] [DEBUG] Screen::updateAreaB() finish.
[2026-07-14 00:20:13] [DEBUG] Screen::updateAreaD() path: \Develop\Views\AreaD\Area_D_clear.view start...
[2026-07-14 00:20:13] [DEBUG] Screen::getContents() start...
[2026-07-14 00:20:13] [DEBUG] Screen::getContents() finish.
[2026-07-14 00:20:13] [DEBUG] Screen::updateAreaD() finish.
[2026-07-14 00:20:13] [DEBUG] Screen::updateAreaE() [iframe起動版] path: \Develop\Views\AreaE\Area_E_clear.view start...
[2026-07-14 00:20:13] [DEBUG] Screen::getContents() start...
[2026-07-14 00:20:13] [DEBUG] Screen::getContents() finish.
[2026-07-14 00:20:13] [DEBUG] Screen::updateAreaE() finish.
[2026-07-14 00:20:13] [DEBUG] Screen::updateAreaF() path: \Develop\Views\AreaF\Area_F.view start...
[2026-07-14 00:20:13] [DEBUG] Screen::getContents() start...
[2026-07-14 00:20:13] [DEBUG] Screen::getContents() finish.
[2026-07-14 00:20:13] [DEBUG] Screen::updateAreaF() finish.
[2026-07-14 00:20:13] [DEBUG] ProjectController::startProjectNabi() start...
[2026-07-14 00:20:13] [DEBUG] ProjectController::getProjectListHtml() start...
[2026-07-14 00:20:13] [DEBUG] ProjectModel::getProjectList() start...
[2026-07-14 00:20:13] [DEBUG] ProjectModel::getProjectList() finish.
[2026-07-14 00:20:13] [DEBUG] CodeMasterModel：：getCodesByGroup() start...
[2026-07-14 00:20:13] [DEBUG] CodeMasterModel：：getCodesByGroup() finish.
[2026-07-14 00:20:13] [DEBUG] ProjectController::getNaviFooterHtml() start...
[2026-07-14 00:20:13] [DEBUG] ProjectController::getNaviFooterHtml() finish.
[2026-07-14 00:20:13] [DEBUG] ProjectController::startProjectNabi() finish.
[2026-07-14 00:20:13] [DEBUG] Screen::updateAreaC() \Develop\Views\AreaC\Area_C.view start...
[2026-07-14 00:20:13] [DEBUG] Screen::getContents() start...
[2026-07-14 00:20:13] [DEBUG] Screen::getContents() finish.
[2026-07-14 00:20:13] [DEBUG] Screen::updateAreaC() finish.
[2026-07-14 00:20:13] [DEBUG] ConsoleController::AreaInitialAction() finish.
[2026-07-14 00:20:13] [DEBUG] Screen::areaView() start...
[2026-07-14 00:20:13] [DEBUG] Screen::areaView() finish.
[2026-07-14 00:20:15] [DEBUG] --- wwProject System Start ---
[2026-07-14 00:20:15] [DEBUG] Router::Router() /jemini/wwProjectV1.37/Develop/Console/ServerBridgeAction/
[2026-07-14 00:20:15] [DEBUG] Attempting to load: \Develop\Controllers\ConsoleController::ServerBridgeAction
[2026-07-14 00:20:15] [DEBUG] Router: Executing \Develop\Controllers\ConsoleController->ServerBridgeAction
[2026-07-14 00:20:15] [DEBUG] ConsoleController::ServerBridge() start...
[2026-07-14 00:20:15] [DEBUG] ConsoleController::ServerBridge() \Develop\Controllers\ProjectController::projectSelectAction()
[2026-07-14 00:20:15] [DEBUG] ProjectController::projectSelectAction() start...
[2026-07-14 00:20:15] [DEBUG] ProjectController::projectSelectAction() ☆★☆　SampleProject１
[2026-07-14 00:20:15] [DEBUG] Screen::updateAreaB() path: \Develop\Views\AreaB\Area_B.view start...
[2026-07-14 00:20:15] [DEBUG] Screen::getContents() start...
[2026-07-14 00:20:15] [DEBUG] Screen::getContents() finish.
[2026-07-14 00:20:15] [DEBUG] Screen::updateAreaB() finish.
[2026-07-14 00:20:15] [DEBUG] ProjectController::projectSelectAction() PRJ-D45FEF : PRJ-D45FEF
[2026-07-14 00:20:15] [DEBUG] ProjectController::getProjectListHtml() start...
[2026-07-14 00:20:15] [DEBUG] ProjectModel::getProjectList() start...
[2026-07-14 00:20:15] [DEBUG] ProjectModel::getProjectList() finish.
[2026-07-14 00:20:15] [DEBUG] CodeMasterModel：：getCodesByGroup() start...
[2026-07-14 00:20:15] [DEBUG] CodeMasterModel：：getCodesByGroup() finish.
[2026-07-14 00:20:15] [DEBUG] ProjectController::getNaviFooterHtml() start...
[2026-07-14 00:20:15] [DEBUG] ProjectController::getNaviFooterHtml() finish.
[2026-07-14 00:20:15] [DEBUG] Screen::updateAreaC() \Develop\Views\AreaC\Area_C.view start...
[2026-07-14 00:20:15] [DEBUG] Screen::getContents() start...
[2026-07-14 00:20:15] [DEBUG] Screen::getContents() finish.
[2026-07-14 00:20:15] [DEBUG] Screen::updateAreaC() finish.
[2026-07-14 00:20:15] [DEBUG] Screen::updateAreaD() path: \Develop\Views\AreaD\Area_D_clear.view start...
[2026-07-14 00:20:15] [DEBUG] Screen::getContents() start...
[2026-07-14 00:20:15] [DEBUG] Screen::getContents() finish.
[2026-07-14 00:20:15] [DEBUG] Screen::updateAreaD() finish.
[2026-07-14 00:20:15] [DEBUG] Screen::updateAreaE() [iframe起動版] path: \Develop\Views\AreaE\Area_E_clear.view start...
[2026-07-14 00:20:15] [DEBUG] Screen::getContents() start...
[2026-07-14 00:20:15] [DEBUG] Screen::getContents() finish.
[2026-07-14 00:20:15] [DEBUG] Screen::updateAreaE() finish.
[2026-07-14 00:20:15] [DEBUG] ProjectController::projectSelectAction() finish.
[2026-07-14 00:20:15] [DEBUG] Screen::areaView() start...
[2026-07-14 00:20:15] [DEBUG] Screen::areaView() finish.
[2026-07-14 00:20:16] [DEBUG] --- wwProject System Start ---
[2026-07-14 00:20:16] [DEBUG] Router::Router() /jemini/wwProjectV1.37/Develop/Console/ServerBridgeAction/
[2026-07-14 00:20:16] [DEBUG] Attempting to load: \Develop\Controllers\ConsoleController::ServerBridgeAction
[2026-07-14 00:20:16] [DEBUG] Router: Executing \Develop\Controllers\ConsoleController->ServerBridgeAction
[2026-07-14 00:20:16] [DEBUG] ConsoleController::ServerBridge() start...
[2026-07-14 00:20:16] [DEBUG] ConsoleController::ServerBridge() \Develop\Controllers\DBDefinitionController::initialAction()
[2026-07-14 00:20:16] [DEBUG] DBDefinitionController::initialAction() start...
[2026-07-14 00:20:16] [DEBUG] DBDefinitionModel::getTableList() start...
[2026-07-14 00:20:16] [DEBUG] DBDefinitionModel::getTableList() finish. 取得件数: 5
[2026-07-14 00:20:16] [DEBUG] Screen::updateAreaD() path: \Develop\Views\AreaD\DBDefinition\DBDefinitionList.view start...
[2026-07-14 00:20:16] [DEBUG] Screen::getContents() start...
[2026-07-14 00:20:16] [DEBUG] Screen::getContents() finish.
[2026-07-14 00:20:16] [DEBUG] Screen::updateAreaD() finish.
[2026-07-14 00:20:16] [DEBUG] Screen::updateAreaE() [iframe起動版] path: \Develop\Views\AreaE\Area_E_clear.view start...
[2026-07-14 00:20:16] [DEBUG] Screen::getContents() start...
[2026-07-14 00:20:16] [DEBUG] Screen::getContents() finish.
[2026-07-14 00:20:16] [DEBUG] Screen::updateAreaE() finish.
[2026-07-14 00:20:16] [DEBUG] DBDefinitionController::initialAction() end.
[2026-07-14 00:20:16] [DEBUG] Screen::areaView() start...
[2026-07-14 00:20:16] [DEBUG] Screen::areaView() finish.
[2026-07-14 00:20:18] [DEBUG] --- wwProject System Start ---
[2026-07-14 00:20:18] [DEBUG] Router::Router() /jemini/wwProjectV1.37/Develop/Console/ServerBridgeAction/
[2026-07-14 00:20:18] [DEBUG] Attempting to load: \Develop\Controllers\ConsoleController::ServerBridgeAction
[2026-07-14 00:20:18] [DEBUG] Router: Executing \Develop\Controllers\ConsoleController->ServerBridgeAction
[2026-07-14 00:20:18] [DEBUG] ConsoleController::ServerBridge() start...
[2026-07-14 00:20:18] [DEBUG] ConsoleController::ServerBridge() \Develop\Controllers\DBDefinitionController::editTableAction()
[2026-07-14 00:20:18] [DEBUG] DBDefinitionController::editTableAction() start...
[2026-07-14 00:20:18] [DEBUG] DBDefinitionModel::getTableInfo() start... [Table: ApplicantAndParticipant]
[2026-07-14 00:20:18] [DEBUG] DBDefinitionModel::getSavedColumns() start... [TableID: 16]
[2026-07-14 00:20:18] [DEBUG] DBDefinitionModel::getTableList() start...
[2026-07-14 00:20:18] [DEBUG] DBDefinitionModel::getTableList() finish. 取得件数: 5
[2026-07-14 00:20:18] [DEBUG] DBDefinitionModel::getSavedColumns() start... [TableID: 16]
[2026-07-14 00:20:18] [DEBUG] DBDefinitionModel::getSavedColumns() start... [TableID: 13]
[2026-07-14 00:20:18] [DEBUG] DBDefinitionModel::getSavedColumns() start... [TableID: 14]
[2026-07-14 00:20:18] [DEBUG] DBDefinitionModel::getSavedColumns() start... [TableID: 12]
[2026-07-14 00:20:18] [DEBUG] DBDefinitionModel::getSavedColumns() start... [TableID: 15]
[2026-07-14 00:20:18] [DEBUG] Screen::updateAreaE() [iframe起動版] path: \Develop\Views\AreaE\DBDefinition\RegistTable.view start...
[2026-07-14 00:20:18] [DEBUG] Screen::getContents() start...
[2026-07-14 00:20:18] [DEBUG] Screen::getContents() finish.
[2026-07-14 00:20:18] [DEBUG] Screen::updateAreaE() finish.
[2026-07-14 00:20:18] [DEBUG] DBDefinitionController::editTableAction() finish.
[2026-07-14 00:20:18] [DEBUG] Screen::areaView() start...
[2026-07-14 00:20:18] [DEBUG] Screen::areaView() finish.
[2026-07-14 00:20:29] [DEBUG] --- wwProject System Start ---
[2026-07-14 00:20:29] [DEBUG] Router::Router() /jemini/wwProjectV1.37/Develop/Console/ServerBridgeAction/
[2026-07-14 00:20:29] [DEBUG] Attempting to load: \Develop\Controllers\ConsoleController::ServerBridgeAction
[2026-07-14 00:20:29] [DEBUG] Router: Executing \Develop\Controllers\ConsoleController->ServerBridgeAction
[2026-07-14 00:20:29] [DEBUG] ConsoleController::ServerBridge() start...
[2026-07-14 00:20:29] [DEBUG] ConsoleController::ServerBridge() \Develop\Controllers\DBDefinitionController::registerAction()
[2026-07-14 00:20:29] [DEBUG] DBDefinitionController::registerAction() start...
[2026-07-14 00:20:29] [DEBUG] DBDefinitionModel::registerTableAndColumns() start...
[2026-07-14 00:20:29] [DEBUG] DBDefinitionModel::registerTableAndColumns() 11
[2026-07-14 00:20:29] [DEBUG] DBDefinitionModel::registerTableAndColumns() 12
[2026-07-14 00:20:29] [DEBUG] DBDefinitionModel::registerTableAndColumns() 13 (Updated table_id: 16)
[2026-07-14 00:20:29] [DEBUG] DBDefinitionModel::registerTableAndColumns() 21
[2026-07-14 00:20:29] [DEBUG] DBDefinitionModel::registerTableAndColumns() 22
[2026-07-14 00:20:29] [DEBUG] DBDefinitionModel::registerTableAndColumns() 23
[2026-07-14 00:20:29] [DEBUG] DBDefinitionModel::registerTableAndColumns() 24
[2026-07-14 00:20:29] [DEBUG] DBDefinitionModel::registerTableAndColumns() 25
[2026-07-14 00:20:29] [DEBUG] DBDefinitionModel::registerTableAndColumns() 26
[2026-07-14 00:20:29] [DEBUG] DBDefinitionModel::registerTableAndColumns() 27
[2026-07-14 00:20:29] [DEBUG] DBDefinitionModel::registerTableAndColumns() commit success.
[2026-07-14 00:20:29] [DEBUG] DBDefinitionController::initialAction() start...
[2026-07-14 00:20:29] [DEBUG] DBDefinitionModel::getTableList() start...
[2026-07-14 00:20:29] [DEBUG] DBDefinitionModel::getTableList() finish. 取得件数: 5
[2026-07-14 00:20:29] [DEBUG] Screen::updateAreaD() path: \Develop\Views\AreaD\DBDefinition\DBDefinitionList.view start...
[2026-07-14 00:20:29] [DEBUG] Screen::getContents() start...
[2026-07-14 00:20:29] [DEBUG] Screen::getContents() finish.
[2026-07-14 00:20:29] [DEBUG] Screen::updateAreaD() finish.
[2026-07-14 00:20:29] [DEBUG] Screen::updateAreaE() [iframe起動版] path: \Develop\Views\AreaE\Area_E_clear.view start...
[2026-07-14 00:20:29] [DEBUG] Screen::getContents() start...
[2026-07-14 00:20:29] [DEBUG] Screen::getContents() finish.
[2026-07-14 00:20:29] [DEBUG] Screen::updateAreaE() finish.
[2026-07-14 00:20:29] [DEBUG] DBDefinitionController::initialAction() end.
[2026-07-14 00:20:29] [DEBUG] Screen::areaView() start...
[2026-07-14 00:20:29] [DEBUG] Screen::areaView() finish.
[2026-07-14 07:54:37] [DEBUG] --- wwProject System Start ---
[2026-07-14 07:54:37] [DEBUG] Router::Router() /jemini/wwProjectV1.37/Develop/
[2026-07-14 07:54:37] [DEBUG] Attempting to load: \Develop\Controllers\LoginController::initialAction
[2026-07-14 07:54:37] [DEBUG] Router: Executing \Develop\Controllers\LoginController->initialAction
[2026-07-14 07:54:37] [DEBUG] Login::initialAction() start...
[2026-07-14 07:54:37] [DEBUG] Login::initialAction() errorMessage : 
[2026-07-14 07:54:37] [DEBUG] Screen::view() path: \Develop\Views\Login\Login.view start...
[2026-07-14 07:54:37] [DEBUG] Screen::getContents() start...
[2026-07-14 07:54:37] [DEBUG] Screen::getContents() finish.
[2026-07-14 07:54:37] [DEBUG] Screen::view() path: \Develop\Views\Login\Login.view finish.
[2026-07-14 07:54:37] [DEBUG] Login::initialAction() finish.
