[2026-07-12 07:47:31] [DEBUG] --- wwProject System Start ---
[2026-07-12 07:47:31] [DEBUG] Router::Router() /jemini/wwProjectV1.37/develop/
[2026-07-12 07:47:31] [DEBUG] Attempting to load: \Develop\Controllers\LoginController::initialAction
[2026-07-12 07:47:31] [DEBUG] Router: Executing \Develop\Controllers\LoginController->initialAction
[2026-07-12 07:47:31] [DEBUG] Login::initialAction() start...
[2026-07-12 07:47:31] [DEBUG] Login::initialAction() errorMessage : 
[2026-07-12 07:47:31] [DEBUG] Screen::view() path: \Develop\Views\Login\Login.view start...
[2026-07-12 07:47:31] [DEBUG] Screen::getContents() start...
[2026-07-12 07:47:31] [DEBUG] Screen::getContents() finish.
[2026-07-12 07:47:31] [DEBUG] Screen::view() path: \Develop\Views\Login\Login.view finish.
[2026-07-12 07:47:31] [DEBUG] Login::initialAction() finish.
[2026-07-12 07:47:40] [DEBUG] --- wwProject System Start ---
[2026-07-12 07:47:40] [DEBUG] Router::Router() /jemini/wwProjectV1.37/Develop/Login/authentication/
[2026-07-12 07:47:40] [DEBUG] Attempting to load: \Develop\Controllers\LoginController::authenticationAction
[2026-07-12 07:47:40] [DEBUG] Router: Executing \Develop\Controllers\LoginController->authenticationAction
[2026-07-12 07:47:40] [DEBUG] Login::AuthenticationAction() start...
[2026-07-12 07:47:40] [DEBUG] Login OK - x
[2026-07-12 07:47:40] [DEBUG] Session::start()
[2026-07-12 07:47:40] [DEBUG] Redirect to Console::initialAction()
[2026-07-12 07:47:40] [DEBUG] --- wwProject System Start ---
[2026-07-12 07:47:40] [DEBUG] Router::Router() /jemini/wwProjectV1.37/Develop/Console/initial/
[2026-07-12 07:47:40] [DEBUG] Attempting to load: \Develop\Controllers\ConsoleController::initialAction
[2026-07-12 07:47:40] [DEBUG] Router: Executing \Develop\Controllers\ConsoleController->initialAction
[2026-07-12 07:47:40] [DEBUG] Console::initialAction() start...
[2026-07-12 07:47:40] [DEBUG] Screen::view() path: \Develop\Views\Console\Console.view start...
[2026-07-12 07:47:40] [DEBUG] Screen::getContents() start...
[2026-07-12 07:47:41] [DEBUG] Screen::getContents() finish.
[2026-07-12 07:47:41] [DEBUG] Screen::view() path: \Develop\Views\Console\Console.view finish.
[2026-07-12 07:47:41] [DEBUG] ConsoleController::initialAction() finish.
[2026-07-12 07:47:41] [DEBUG] --- wwProject System Start ---
[2026-07-12 07:47:41] [DEBUG] Router::Router() /jemini/wwProjectV1.37/Develop/Console/ServerBridgeAction/
[2026-07-12 07:47:41] [DEBUG] Attempting to load: \Develop\Controllers\ConsoleController::ServerBridgeAction
[2026-07-12 07:47:41] [DEBUG] Router: Executing \Develop\Controllers\ConsoleController->ServerBridgeAction
[2026-07-12 07:47:41] [DEBUG] ConsoleController::ServerBridge() start...
[2026-07-12 07:47:41] [DEBUG] ConsoleController::ServerBridge() \Develop\Controllers\ConsoleController::areaInitialAction()
[2026-07-12 07:47:41] [DEBUG] ConsoleController::AreaInitialAction() start...
[2026-07-12 07:47:41] [DEBUG] Screen::updateAreaA() path: \Develop\Views\AreaA\Area_A.view start...
[2026-07-12 07:47:41] [DEBUG] Screen::areaView() sending JSON: ["areas"]
[2026-07-12 07:47:41] [DEBUG] Screen::getContents() start...
[2026-07-12 07:47:41] [DEBUG] Screen::getContents() finish.
[2026-07-12 07:47:41] [DEBUG] Screen::updateAreaA() finish.
[2026-07-12 07:47:41] [DEBUG] Screen::updateAreaB() path: \Develop\Views\AreaB\Area_B.view start...
[2026-07-12 07:47:41] [DEBUG] Screen::getContents() start...
[2026-07-12 07:47:41] [DEBUG] Screen::getContents() finish.
[2026-07-12 07:47:41] [DEBUG] Screen::updateAreaB() finish.
[2026-07-12 07:47:41] [DEBUG] Screen::updateAreaD() path: \Develop\Views\AreaD\Area_D_clear.view start...
[2026-07-12 07:47:41] [DEBUG] Screen::getContents() start...
[2026-07-12 07:47:41] [DEBUG] Screen::getContents() finish.
[2026-07-12 07:47:41] [DEBUG] Screen::updateAreaD() finish.
[2026-07-12 07:47:41] [DEBUG] Screen::updateAreaE() [iframe起動版] path: \Develop\Views\AreaE\Area_E_clear.view start...
[2026-07-12 07:47:41] [DEBUG] Screen::getContents() start...
[2026-07-12 07:47:41] [DEBUG] Screen::getContents() finish.
[2026-07-12 07:47:41] [DEBUG] Screen::updateAreaE() finish.
[2026-07-12 07:47:41] [DEBUG] Screen::updateAreaF() path: \Develop\Views\AreaF\Area_F.view start...
[2026-07-12 07:47:41] [DEBUG] Screen::getContents() start...
[2026-07-12 07:47:41] [DEBUG] Screen::getContents() finish.
[2026-07-12 07:47:41] [DEBUG] Screen::updateAreaF() finish.
[2026-07-12 07:47:41] [DEBUG] ProjectController::startProjectNabi() start...
[2026-07-12 07:47:41] [DEBUG] ProjectController::getProjectListHtml() start...
[2026-07-12 07:47:41] [DEBUG] ProjectModel::getProjectList() start...
[2026-07-12 07:47:41] [DEBUG] ProjectModel::getProjectList() finish.
[2026-07-12 07:47:41] [DEBUG] CodeMasterModel：：getCodesByGroup() start...
[2026-07-12 07:47:41] [DEBUG] CodeMasterModel：：getCodesByGroup() finish.
[2026-07-12 07:47:41] [DEBUG] ProjectController::getNaviFooterHtml() start...
[2026-07-12 07:47:41] [DEBUG] ProjectController::getNaviFooterHtml() finish.
[2026-07-12 07:47:41] [DEBUG] ProjectController::startProjectNabi() finish.
[2026-07-12 07:47:41] [DEBUG] Screen::updateAreaC() \Develop\Views\AreaC\Area_C.view start...
[2026-07-12 07:47:41] [DEBUG] Screen::getContents() start...
[2026-07-12 07:47:41] [DEBUG] Screen::getContents() finish.
[2026-07-12 07:47:41] [DEBUG] Screen::updateAreaC() finish.
[2026-07-12 07:47:41] [DEBUG] ConsoleController::AreaInitialAction() finish.
[2026-07-12 07:47:41] [DEBUG] Screen::areaView() start...
[2026-07-12 07:47:41] [DEBUG] Screen::areaView() finish.
[2026-07-12 07:47:42] [DEBUG] --- wwProject System Start ---
[2026-07-12 07:47:42] [DEBUG] Router::Router() /jemini/wwProjectV1.37/Develop/Console/ServerBridgeAction/
[2026-07-12 07:47:42] [DEBUG] Attempting to load: \Develop\Controllers\ConsoleController::ServerBridgeAction
[2026-07-12 07:47:42] [DEBUG] Router: Executing \Develop\Controllers\ConsoleController->ServerBridgeAction
[2026-07-12 07:47:42] [DEBUG] ConsoleController::ServerBridge() start...
[2026-07-12 07:47:42] [DEBUG] ConsoleController::ServerBridge() \Develop\Controllers\ProjectController::projectSelectAction()
[2026-07-12 07:47:42] [DEBUG] ProjectController::projectSelectAction() start...
[2026-07-12 07:47:42] [DEBUG] ProjectController::projectSelectAction() ☆★☆　SampleProject１
[2026-07-12 07:47:42] [DEBUG] Screen::updateAreaB() path: \Develop\Views\AreaB\Area_B.view start...
[2026-07-12 07:47:42] [DEBUG] Screen::getContents() start...
[2026-07-12 07:47:42] [DEBUG] Screen::getContents() finish.
[2026-07-12 07:47:42] [DEBUG] Screen::updateAreaB() finish.
[2026-07-12 07:47:42] [DEBUG] ProjectController::projectSelectAction() PRJ-D45FEF : PRJ-D45FEF
[2026-07-12 07:47:43] [DEBUG] ProjectController::getProjectListHtml() start...
[2026-07-12 07:47:43] [DEBUG] ProjectModel::getProjectList() start...
[2026-07-12 07:47:43] [DEBUG] ProjectModel::getProjectList() finish.
[2026-07-12 07:47:43] [DEBUG] CodeMasterModel：：getCodesByGroup() start...
[2026-07-12 07:47:43] [DEBUG] CodeMasterModel：：getCodesByGroup() finish.
[2026-07-12 07:47:43] [DEBUG] ProjectController::getNaviFooterHtml() start...
[2026-07-12 07:47:43] [DEBUG] ProjectController::getNaviFooterHtml() finish.
[2026-07-12 07:47:43] [DEBUG] Screen::updateAreaC() \Develop\Views\AreaC\Area_C.view start...
[2026-07-12 07:47:43] [DEBUG] Screen::getContents() start...
[2026-07-12 07:47:43] [DEBUG] Screen::getContents() finish.
[2026-07-12 07:47:43] [DEBUG] Screen::updateAreaC() finish.
[2026-07-12 07:47:43] [DEBUG] Screen::updateAreaD() path: \Develop\Views\AreaD\Area_D_clear.view start...
[2026-07-12 07:47:43] [DEBUG] Screen::getContents() start...
[2026-07-12 07:47:43] [DEBUG] Screen::getContents() finish.
[2026-07-12 07:47:43] [DEBUG] Screen::updateAreaD() finish.
[2026-07-12 07:47:43] [DEBUG] Screen::updateAreaE() [iframe起動版] path: \Develop\Views\AreaE\Area_E_clear.view start...
[2026-07-12 07:47:43] [DEBUG] Screen::getContents() start...
[2026-07-12 07:47:43] [DEBUG] Screen::getContents() finish.
[2026-07-12 07:47:43] [DEBUG] Screen::updateAreaE() finish.
[2026-07-12 07:47:43] [DEBUG] ProjectController::projectSelectAction() finish.
[2026-07-12 07:47:43] [DEBUG] Screen::areaView() start...
[2026-07-12 07:47:43] [DEBUG] Screen::areaView() finish.
[2026-07-12 07:47:44] [DEBUG] --- wwProject System Start ---
[2026-07-12 07:47:44] [DEBUG] Router::Router() /jemini/wwProjectV1.37/Develop/Console/ServerBridgeAction/
[2026-07-12 07:47:44] [DEBUG] Attempting to load: \Develop\Controllers\ConsoleController::ServerBridgeAction
[2026-07-12 07:47:44] [DEBUG] Router: Executing \Develop\Controllers\ConsoleController->ServerBridgeAction
[2026-07-12 07:47:44] [DEBUG] ConsoleController::ServerBridge() start...
[2026-07-12 07:47:44] [DEBUG] ConsoleController::ServerBridge() \Develop\Controllers\DBDefinitionController::initialAction()
[2026-07-12 07:47:44] [DEBUG] DBDefinitionController::initialAction() start...
[2026-07-12 07:47:44] [DEBUG] DBDefinitionModel::getTableList() start...
[2026-07-12 07:47:44] [DEBUG] DBDefinitionModel::getTableList() finish. 取得件数: 5
[2026-07-12 07:47:44] [DEBUG] Screen::updateAreaD() path: \Develop\Views\AreaD\DBDefinition\DBDefinitionList.view start...
[2026-07-12 07:47:44] [DEBUG] Screen::getContents() start...
[2026-07-12 07:47:44] [DEBUG] Screen::getContents() finish.
[2026-07-12 07:47:44] [DEBUG] Screen::updateAreaD() finish.
[2026-07-12 07:47:44] [DEBUG] Screen::updateAreaE() [iframe起動版] path: \Develop\Views\AreaE\Area_E_clear.view start...
[2026-07-12 07:47:44] [DEBUG] Screen::getContents() start...
[2026-07-12 07:47:44] [DEBUG] Screen::getContents() finish.
[2026-07-12 07:47:44] [DEBUG] Screen::updateAreaE() finish.
[2026-07-12 07:47:44] [DEBUG] DBDefinitionController::initialAction() end.
[2026-07-12 07:47:44] [DEBUG] Screen::areaView() start...
[2026-07-12 07:47:44] [DEBUG] Screen::areaView() finish.
[2026-07-12 07:47:45] [DEBUG] --- wwProject System Start ---
[2026-07-12 07:47:45] [DEBUG] Router::Router() /jemini/wwProjectV1.37/Develop/Console/ServerBridgeAction/
[2026-07-12 07:47:45] [DEBUG] Attempting to load: \Develop\Controllers\ConsoleController::ServerBridgeAction
[2026-07-12 07:47:45] [DEBUG] Router: Executing \Develop\Controllers\ConsoleController->ServerBridgeAction
[2026-07-12 07:47:45] [DEBUG] ConsoleController::ServerBridge() start...
[2026-07-12 07:47:45] [DEBUG] ConsoleController::ServerBridge() \Develop\Controllers\DBDefinitionController::editTableAction()
[2026-07-12 07:47:45] [DEBUG] DBDefinitionController::editTableAction() start...
[2026-07-12 07:47:45] [DEBUG] DBDefinitionModel::getTableInfo() start... [Table: ApplicantAndParticipant]
[2026-07-12 07:47:45] [DEBUG] DBDefinitionModel::getSavedColumns() start... [TableID: 16]
[2026-07-12 07:47:45] [DEBUG] DBDefinitionModel::getTableList() start...
[2026-07-12 07:47:45] [DEBUG] DBDefinitionModel::getTableList() finish. 取得件数: 5
[2026-07-12 07:47:45] [DEBUG] DBDefinitionModel::getSavedColumns() start... [TableID: 16]
[2026-07-12 07:47:45] [DEBUG] DBDefinitionModel::getSavedColumns() start... [TableID: 13]
[2026-07-12 07:47:45] [DEBUG] DBDefinitionModel::getSavedColumns() start... [TableID: 14]
[2026-07-12 07:47:45] [DEBUG] DBDefinitionModel::getSavedColumns() start... [TableID: 12]
[2026-07-12 07:47:45] [DEBUG] DBDefinitionModel::getSavedColumns() start... [TableID: 15]
[2026-07-12 07:47:45] [DEBUG] Screen::updateAreaE() [iframe起動版] path: \Develop\Views\AreaE\DBDefinition\RegistTable.view start...
[2026-07-12 07:47:45] [DEBUG] Screen::getContents() start...
[2026-07-12 07:47:46] [DEBUG] Screen::getContents() finish.
[2026-07-12 07:47:46] [DEBUG] Screen::updateAreaE() finish.
[2026-07-12 07:47:46] [DEBUG] DBDefinitionController::editTableAction() finish.
[2026-07-12 07:47:46] [DEBUG] Screen::areaView() start...
[2026-07-12 07:47:46] [DEBUG] Screen::areaView() finish.
[2026-07-12 08:08:45] [DEBUG] --- wwProject System Start ---
[2026-07-12 08:08:45] [DEBUG] Router::Router() /jemini/wwProjectV1.37/develop/
[2026-07-12 08:08:45] [DEBUG] Attempting to load: \Develop\Controllers\LoginController::initialAction
[2026-07-12 08:08:45] [DEBUG] Router: Executing \Develop\Controllers\LoginController->initialAction
[2026-07-12 08:08:45] [DEBUG] Login::initialAction() start...
[2026-07-12 08:08:45] [DEBUG] Login::initialAction() errorMessage : 
[2026-07-12 08:08:45] [DEBUG] Screen::view() path: \Develop\Views\Login\Login.view start...
[2026-07-12 08:08:45] [DEBUG] Screen::getContents() start...
[2026-07-12 08:08:45] [DEBUG] Screen::getContents() finish.
[2026-07-12 08:08:45] [DEBUG] Screen::view() path: \Develop\Views\Login\Login.view finish.
[2026-07-12 08:08:45] [DEBUG] Login::initialAction() finish.
[2026-07-12 08:08:47] [DEBUG] --- wwProject System Start ---
[2026-07-12 08:08:47] [DEBUG] Router::Router() /jemini/wwProjectV1.37/Develop/Login/authentication/
[2026-07-12 08:08:47] [DEBUG] Attempting to load: \Develop\Controllers\LoginController::authenticationAction
[2026-07-12 08:08:47] [DEBUG] Router: Executing \Develop\Controllers\LoginController->authenticationAction
[2026-07-12 08:08:47] [DEBUG] Login::AuthenticationAction() start...
[2026-07-12 08:08:47] [DEBUG] Login OK - x
[2026-07-12 08:08:47] [DEBUG] Session::start()
[2026-07-12 08:08:47] [DEBUG] Redirect to Console::initialAction()
[2026-07-12 08:08:47] [DEBUG] --- wwProject System Start ---
[2026-07-12 08:08:47] [DEBUG] Router::Router() /jemini/wwProjectV1.37/Develop/Console/initial/
[2026-07-12 08:08:47] [DEBUG] Attempting to load: \Develop\Controllers\ConsoleController::initialAction
[2026-07-12 08:08:47] [DEBUG] Router: Executing \Develop\Controllers\ConsoleController->initialAction
[2026-07-12 08:08:47] [DEBUG] Console::initialAction() start...
[2026-07-12 08:08:47] [DEBUG] Screen::view() path: \Develop\Views\Console\Console.view start...
[2026-07-12 08:08:47] [DEBUG] Screen::getContents() start...
[2026-07-12 08:08:47] [DEBUG] Screen::getContents() finish.
[2026-07-12 08:08:47] [DEBUG] Screen::view() path: \Develop\Views\Console\Console.view finish.
[2026-07-12 08:08:47] [DEBUG] ConsoleController::initialAction() finish.
[2026-07-12 08:08:47] [DEBUG] --- wwProject System Start ---
[2026-07-12 08:08:47] [DEBUG] Router::Router() /jemini/wwProjectV1.37/Develop/Console/ServerBridgeAction/
[2026-07-12 08:08:47] [DEBUG] Attempting to load: \Develop\Controllers\ConsoleController::ServerBridgeAction
[2026-07-12 08:08:47] [DEBUG] Router: Executing \Develop\Controllers\ConsoleController->ServerBridgeAction
[2026-07-12 08:08:47] [DEBUG] ConsoleController::ServerBridge() start...
[2026-07-12 08:08:47] [DEBUG] ConsoleController::ServerBridge() \Develop\Controllers\ConsoleController::areaInitialAction()
[2026-07-12 08:08:47] [DEBUG] ConsoleController::AreaInitialAction() start...
[2026-07-12 08:08:47] [DEBUG] Screen::updateAreaA() path: \Develop\Views\AreaA\Area_A.view start...
[2026-07-12 08:08:47] [DEBUG] Screen::areaView() sending JSON: ["areas"]
[2026-07-12 08:08:47] [DEBUG] Screen::getContents() start...
[2026-07-12 08:08:47] [DEBUG] Screen::getContents() finish.
[2026-07-12 08:08:47] [DEBUG] Screen::updateAreaA() finish.
[2026-07-12 08:08:47] [DEBUG] Screen::updateAreaB() path: \Develop\Views\AreaB\Area_B.view start...
[2026-07-12 08:08:47] [DEBUG] Screen::getContents() start...
[2026-07-12 08:08:47] [DEBUG] Screen::getContents() finish.
[2026-07-12 08:08:47] [DEBUG] Screen::updateAreaB() finish.
[2026-07-12 08:08:47] [DEBUG] Screen::updateAreaD() path: \Develop\Views\AreaD\Area_D_clear.view start...
[2026-07-12 08:08:47] [DEBUG] Screen::getContents() start...
[2026-07-12 08:08:47] [DEBUG] Screen::getContents() finish.
[2026-07-12 08:08:47] [DEBUG] Screen::updateAreaD() finish.
[2026-07-12 08:08:47] [DEBUG] Screen::updateAreaE() [iframe起動版] path: \Develop\Views\AreaE\Area_E_clear.view start...
[2026-07-12 08:08:47] [DEBUG] Screen::getContents() start...
[2026-07-12 08:08:47] [DEBUG] Screen::getContents() finish.
[2026-07-12 08:08:47] [DEBUG] Screen::updateAreaE() finish.
[2026-07-12 08:08:47] [DEBUG] Screen::updateAreaF() path: \Develop\Views\AreaF\Area_F.view start...
[2026-07-12 08:08:47] [DEBUG] Screen::getContents() start...
[2026-07-12 08:08:47] [DEBUG] Screen::getContents() finish.
[2026-07-12 08:08:47] [DEBUG] Screen::updateAreaF() finish.
[2026-07-12 08:08:47] [DEBUG] ProjectController::startProjectNabi() start...
[2026-07-12 08:08:47] [DEBUG] ProjectController::getProjectListHtml() start...
[2026-07-12 08:08:47] [DEBUG] ProjectModel::getProjectList() start...
[2026-07-12 08:08:47] [DEBUG] ProjectModel::getProjectList() finish.
[2026-07-12 08:08:47] [DEBUG] CodeMasterModel：：getCodesByGroup() start...
[2026-07-12 08:08:47] [DEBUG] CodeMasterModel：：getCodesByGroup() finish.
[2026-07-12 08:08:47] [DEBUG] ProjectController::getNaviFooterHtml() start...
[2026-07-12 08:08:47] [DEBUG] ProjectController::getNaviFooterHtml() finish.
[2026-07-12 08:08:47] [DEBUG] ProjectController::startProjectNabi() finish.
[2026-07-12 08:08:47] [DEBUG] Screen::updateAreaC() \Develop\Views\AreaC\Area_C.view start...
[2026-07-12 08:08:47] [DEBUG] Screen::getContents() start...
[2026-07-12 08:08:47] [DEBUG] Screen::getContents() finish.
[2026-07-12 08:08:47] [DEBUG] Screen::updateAreaC() finish.
[2026-07-12 08:08:47] [DEBUG] ConsoleController::AreaInitialAction() finish.
[2026-07-12 08:08:47] [DEBUG] Screen::areaView() start...
[2026-07-12 08:08:47] [DEBUG] Screen::areaView() finish.
[2026-07-12 08:08:48] [DEBUG] --- wwProject System Start ---
[2026-07-12 08:08:48] [DEBUG] Router::Router() /jemini/wwProjectV1.37/Develop/Console/ServerBridgeAction/
[2026-07-12 08:08:48] [DEBUG] Attempting to load: \Develop\Controllers\ConsoleController::ServerBridgeAction
[2026-07-12 08:08:48] [DEBUG] Router: Executing \Develop\Controllers\ConsoleController->ServerBridgeAction
[2026-07-12 08:08:48] [DEBUG] ConsoleController::ServerBridge() start...
[2026-07-12 08:08:48] [DEBUG] ConsoleController::ServerBridge() \Develop\Controllers\ProjectController::projectSelectAction()
[2026-07-12 08:08:48] [DEBUG] ProjectController::projectSelectAction() start...
[2026-07-12 08:08:48] [DEBUG] ProjectController::projectSelectAction() ☆★☆　SampleProject１
[2026-07-12 08:08:49] [DEBUG] Screen::updateAreaB() path: \Develop\Views\AreaB\Area_B.view start...
[2026-07-12 08:08:49] [DEBUG] Screen::getContents() start...
[2026-07-12 08:08:49] [DEBUG] Screen::getContents() finish.
[2026-07-12 08:08:49] [DEBUG] Screen::updateAreaB() finish.
[2026-07-12 08:08:49] [DEBUG] ProjectController::projectSelectAction() PRJ-D45FEF : PRJ-D45FEF
[2026-07-12 08:08:49] [DEBUG] ProjectController::getProjectListHtml() start...
[2026-07-12 08:08:49] [DEBUG] ProjectModel::getProjectList() start...
[2026-07-12 08:08:49] [DEBUG] ProjectModel::getProjectList() finish.
[2026-07-12 08:08:49] [DEBUG] CodeMasterModel：：getCodesByGroup() start...
[2026-07-12 08:08:49] [DEBUG] CodeMasterModel：：getCodesByGroup() finish.
[2026-07-12 08:08:49] [DEBUG] ProjectController::getNaviFooterHtml() start...
[2026-07-12 08:08:49] [DEBUG] ProjectController::getNaviFooterHtml() finish.
[2026-07-12 08:08:49] [DEBUG] Screen::updateAreaC() \Develop\Views\AreaC\Area_C.view start...
[2026-07-12 08:08:49] [DEBUG] Screen::getContents() start...
[2026-07-12 08:08:49] [DEBUG] Screen::getContents() finish.
[2026-07-12 08:08:49] [DEBUG] Screen::updateAreaC() finish.
[2026-07-12 08:08:49] [DEBUG] Screen::updateAreaD() path: \Develop\Views\AreaD\Area_D_clear.view start...
[2026-07-12 08:08:49] [DEBUG] Screen::getContents() start...
[2026-07-12 08:08:49] [DEBUG] Screen::getContents() finish.
[2026-07-12 08:08:49] [DEBUG] Screen::updateAreaD() finish.
[2026-07-12 08:08:49] [DEBUG] Screen::updateAreaE() [iframe起動版] path: \Develop\Views\AreaE\Area_E_clear.view start...
[2026-07-12 08:08:49] [DEBUG] Screen::getContents() start...
[2026-07-12 08:08:49] [DEBUG] Screen::getContents() finish.
[2026-07-12 08:08:49] [DEBUG] Screen::updateAreaE() finish.
[2026-07-12 08:08:49] [DEBUG] ProjectController::projectSelectAction() finish.
[2026-07-12 08:08:49] [DEBUG] Screen::areaView() start...
[2026-07-12 08:08:49] [DEBUG] Screen::areaView() finish.
[2026-07-12 08:08:50] [DEBUG] --- wwProject System Start ---
[2026-07-12 08:08:50] [DEBUG] Router::Router() /jemini/wwProjectV1.37/Develop/Console/ServerBridgeAction/
[2026-07-12 08:08:50] [DEBUG] Attempting to load: \Develop\Controllers\ConsoleController::ServerBridgeAction
[2026-07-12 08:08:50] [DEBUG] Router: Executing \Develop\Controllers\ConsoleController->ServerBridgeAction
[2026-07-12 08:08:50] [DEBUG] ConsoleController::ServerBridge() start...
[2026-07-12 08:08:50] [DEBUG] ConsoleController::ServerBridge() \Develop\Controllers\DBDefinitionController::initialAction()
[2026-07-12 08:08:50] [DEBUG] DBDefinitionController::initialAction() start...
[2026-07-12 08:08:50] [DEBUG] DBDefinitionModel::getTableList() start...
[2026-07-12 08:08:50] [DEBUG] DBDefinitionModel::getTableList() finish. 取得件数: 5
[2026-07-12 08:08:50] [DEBUG] Screen::updateAreaD() path: \Develop\Views\AreaD\DBDefinition\DBDefinitionList.view start...
[2026-07-12 08:08:50] [DEBUG] Screen::getContents() start...
[2026-07-12 08:08:50] [DEBUG] Screen::getContents() finish.
[2026-07-12 08:08:50] [DEBUG] Screen::updateAreaD() finish.
[2026-07-12 08:08:50] [DEBUG] Screen::updateAreaE() [iframe起動版] path: \Develop\Views\AreaE\Area_E_clear.view start...
[2026-07-12 08:08:50] [DEBUG] Screen::getContents() start...
[2026-07-12 08:08:50] [DEBUG] Screen::getContents() finish.
[2026-07-12 08:08:50] [DEBUG] Screen::updateAreaE() finish.
[2026-07-12 08:08:50] [DEBUG] DBDefinitionController::initialAction() end.
[2026-07-12 08:08:50] [DEBUG] Screen::areaView() start...
[2026-07-12 08:08:50] [DEBUG] Screen::areaView() finish.
[2026-07-12 08:08:52] [DEBUG] --- wwProject System Start ---
[2026-07-12 08:08:52] [DEBUG] Router::Router() /jemini/wwProjectV1.37/Develop/Console/ServerBridgeAction/
[2026-07-12 08:08:52] [DEBUG] Attempting to load: \Develop\Controllers\ConsoleController::ServerBridgeAction
[2026-07-12 08:08:52] [DEBUG] Router: Executing \Develop\Controllers\ConsoleController->ServerBridgeAction
[2026-07-12 08:08:52] [DEBUG] ConsoleController::ServerBridge() start...
[2026-07-12 08:08:52] [DEBUG] ConsoleController::ServerBridge() \Develop\Controllers\DBDefinitionController::newTableAction()
[2026-07-12 08:08:52] [DEBUG] DBDefinitionController::newTableAction() start...
[2026-07-12 08:08:52] [DEBUG] DBDefinitionModel::getTableList() start...
[2026-07-12 08:08:52] [DEBUG] DBDefinitionModel::getTableList() finish. 取得件数: 5
[2026-07-12 08:08:52] [DEBUG] DBDefinitionModel::getSavedColumns() start... [TableID: 16]
[2026-07-12 08:08:52] [DEBUG] DBDefinitionModel::getSavedColumns() start... [TableID: 13]
[2026-07-12 08:08:52] [DEBUG] DBDefinitionModel::getSavedColumns() start... [TableID: 14]
[2026-07-12 08:08:52] [DEBUG] DBDefinitionModel::getSavedColumns() start... [TableID: 12]
[2026-07-12 08:08:52] [DEBUG] DBDefinitionModel::getSavedColumns() start... [TableID: 15]
[2026-07-12 08:08:52] [DEBUG] Screen::updateAreaE() [iframe起動版] path: \Develop\Views\AreaE\DBDefinition\RegistTable.view start...
[2026-07-12 08:08:52] [DEBUG] Screen::getContents() start...
[2026-07-12 08:08:52] [DEBUG] Screen::getContents() finish.
[2026-07-12 08:08:52] [DEBUG] Screen::updateAreaE() finish.
[2026-07-12 08:08:52] [DEBUG] DBDefinitionController::newTableAction() end.
[2026-07-12 08:08:52] [DEBUG] Screen::areaView() start...
[2026-07-12 08:08:52] [DEBUG] Screen::areaView() finish.
[2026-07-12 08:08:55] [DEBUG] --- wwProject System Start ---
[2026-07-12 08:08:55] [DEBUG] Router::Router() /jemini/wwProjectV1.37/Develop/Console/ServerBridgeAction/
[2026-07-12 08:08:55] [DEBUG] Attempting to load: \Develop\Controllers\ConsoleController::ServerBridgeAction
[2026-07-12 08:08:55] [DEBUG] Router: Executing \Develop\Controllers\ConsoleController->ServerBridgeAction
[2026-07-12 08:08:55] [DEBUG] ConsoleController::ServerBridge() start...
[2026-07-12 08:08:55] [DEBUG] ConsoleController::ServerBridge() \Develop\Controllers\DBDefinitionController::editTableAction()
[2026-07-12 08:08:55] [DEBUG] DBDefinitionController::editTableAction() start...
[2026-07-12 08:08:55] [DEBUG] DBDefinitionModel::getTableInfo() start... [Table: ApplicantAndParticipant]
[2026-07-12 08:08:55] [DEBUG] DBDefinitionModel::getSavedColumns() start... [TableID: 16]
[2026-07-12 08:08:55] [DEBUG] DBDefinitionModel::getTableList() start...
[2026-07-12 08:08:55] [DEBUG] DBDefinitionModel::getTableList() finish. 取得件数: 5
[2026-07-12 08:08:55] [DEBUG] DBDefinitionModel::getSavedColumns() start... [TableID: 16]
[2026-07-12 08:08:55] [DEBUG] DBDefinitionModel::getSavedColumns() start... [TableID: 13]
[2026-07-12 08:08:55] [DEBUG] DBDefinitionModel::getSavedColumns() start... [TableID: 14]
[2026-07-12 08:08:55] [DEBUG] DBDefinitionModel::getSavedColumns() start... [TableID: 12]
[2026-07-12 08:08:55] [DEBUG] DBDefinitionModel::getSavedColumns() start... [TableID: 15]
[2026-07-12 08:08:55] [DEBUG] Screen::updateAreaE() [iframe起動版] path: \Develop\Views\AreaE\DBDefinition\RegistTable.view start...
[2026-07-12 08:08:55] [DEBUG] Screen::getContents() start...
[2026-07-12 08:08:55] [DEBUG] Screen::getContents() finish.
[2026-07-12 08:08:55] [DEBUG] Screen::updateAreaE() finish.
[2026-07-12 08:08:55] [DEBUG] DBDefinitionController::editTableAction() finish.
[2026-07-12 08:08:55] [DEBUG] Screen::areaView() start...
[2026-07-12 08:08:55] [DEBUG] Screen::areaView() finish.
[2026-07-12 08:27:02] [DEBUG] --- wwProject System Start ---
[2026-07-12 08:27:02] [DEBUG] Router::Router() /jemini/wwProjectV1.37/Develop/Console/ServerBridgeAction/
[2026-07-12 08:27:02] [DEBUG] Attempting to load: \Develop\Controllers\ConsoleController::ServerBridgeAction
[2026-07-12 08:27:02] [DEBUG] Router: Executing \Develop\Controllers\ConsoleController->ServerBridgeAction
[2026-07-12 08:27:02] [DEBUG] ConsoleController::ServerBridge() start...
[2026-07-12 08:27:02] [DEBUG] ConsoleController::ServerBridge() \Develop\Controllers\DBDefinitionController::newTableAction()
[2026-07-12 08:27:02] [DEBUG] DBDefinitionController::newTableAction() start...
[2026-07-12 08:27:02] [DEBUG] DBDefinitionModel::getTableList() start...
[2026-07-12 08:27:02] [DEBUG] DBDefinitionModel::getTableList() finish. 取得件数: 5
[2026-07-12 08:27:02] [DEBUG] DBDefinitionModel::getSavedColumns() start... [TableID: 16]
[2026-07-12 08:27:02] [DEBUG] DBDefinitionModel::getSavedColumns() start... [TableID: 13]
[2026-07-12 08:27:02] [DEBUG] DBDefinitionModel::getSavedColumns() start... [TableID: 14]
[2026-07-12 08:27:02] [DEBUG] DBDefinitionModel::getSavedColumns() start... [TableID: 12]
[2026-07-12 08:27:02] [DEBUG] DBDefinitionModel::getSavedColumns() start... [TableID: 15]
[2026-07-12 08:27:02] [DEBUG] Screen::updateAreaE() [iframe起動版] path: \Develop\Views\AreaE\DBDefinition\RegistTable.view start...
[2026-07-12 08:27:02] [DEBUG] Screen::getContents() start...
[2026-07-12 08:27:03] [DEBUG] Screen::getContents() finish.
[2026-07-12 08:27:03] [DEBUG] Screen::updateAreaE() finish.
[2026-07-12 08:27:03] [DEBUG] DBDefinitionController::newTableAction() end.
[2026-07-12 08:27:03] [DEBUG] Screen::areaView() start...
[2026-07-12 08:27:03] [DEBUG] Screen::areaView() finish.
[2026-07-12 08:28:12] [DEBUG] --- wwProject System Start ---
[2026-07-12 08:28:12] [DEBUG] Router::Router() /jemini/wwProjectV1.37/Develop/Console/ServerBridgeAction/
[2026-07-12 08:28:12] [DEBUG] Attempting to load: \Develop\Controllers\ConsoleController::ServerBridgeAction
[2026-07-12 08:28:12] [DEBUG] Router: Executing \Develop\Controllers\ConsoleController->ServerBridgeAction
[2026-07-12 08:28:12] [DEBUG] ConsoleController::ServerBridge() start...
[2026-07-12 08:28:12] [DEBUG] ConsoleController::ServerBridge() \Develop\Controllers\DBDefinitionController::initialAction()
[2026-07-12 08:28:12] [DEBUG] DBDefinitionController::initialAction() start...
[2026-07-12 08:28:12] [DEBUG] DBDefinitionModel::getTableList() start...
[2026-07-12 08:28:12] [DEBUG] DBDefinitionModel::getTableList() finish. 取得件数: 5
[2026-07-12 08:28:12] [DEBUG] Screen::updateAreaD() path: \Develop\Views\AreaD\DBDefinition\DBDefinitionList.view start...
[2026-07-12 08:28:12] [DEBUG] Screen::getContents() start...
[2026-07-12 08:28:12] [DEBUG] Screen::getContents() finish.
[2026-07-12 08:28:12] [DEBUG] Screen::updateAreaD() finish.
[2026-07-12 08:28:12] [DEBUG] Screen::updateAreaE() [iframe起動版] path: \Develop\Views\AreaE\Area_E_clear.view start...
[2026-07-12 08:28:12] [DEBUG] Screen::getContents() start...
[2026-07-12 08:28:12] [DEBUG] Screen::getContents() finish.
[2026-07-12 08:28:12] [DEBUG] Screen::updateAreaE() finish.
[2026-07-12 08:28:12] [DEBUG] DBDefinitionController::initialAction() end.
[2026-07-12 08:28:12] [DEBUG] Screen::areaView() start...
[2026-07-12 08:28:12] [DEBUG] Screen::areaView() finish.
[2026-07-12 08:28:14] [DEBUG] --- wwProject System Start ---
[2026-07-12 08:28:14] [DEBUG] Router::Router() /jemini/wwProjectV1.37/Develop/Console/ServerBridgeAction/
[2026-07-12 08:28:14] [DEBUG] Attempting to load: \Develop\Controllers\ConsoleController::ServerBridgeAction
[2026-07-12 08:28:14] [DEBUG] Router: Executing \Develop\Controllers\ConsoleController->ServerBridgeAction
[2026-07-12 08:28:14] [DEBUG] ConsoleController::ServerBridge() start...
[2026-07-12 08:28:14] [DEBUG] ConsoleController::ServerBridge() \Develop\Controllers\DBDefinitionController::newTableAction()
[2026-07-12 08:28:14] [DEBUG] DBDefinitionController::newTableAction() start...
[2026-07-12 08:28:14] [DEBUG] DBDefinitionModel::getTableList() start...
[2026-07-12 08:28:14] [DEBUG] DBDefinitionModel::getTableList() finish. 取得件数: 5
[2026-07-12 08:28:14] [DEBUG] DBDefinitionModel::getSavedColumns() start... [TableID: 16]
[2026-07-12 08:28:14] [DEBUG] DBDefinitionModel::getSavedColumns() start... [TableID: 13]
[2026-07-12 08:28:14] [DEBUG] DBDefinitionModel::getSavedColumns() start... [TableID: 14]
[2026-07-12 08:28:14] [DEBUG] DBDefinitionModel::getSavedColumns() start... [TableID: 12]
[2026-07-12 08:28:14] [DEBUG] DBDefinitionModel::getSavedColumns() start... [TableID: 15]
[2026-07-12 08:28:14] [DEBUG] Screen::updateAreaE() [iframe起動版] path: \Develop\Views\AreaE\DBDefinition\RegistTable.view start...
[2026-07-12 08:28:14] [DEBUG] Screen::getContents() start...
[2026-07-12 08:28:15] [DEBUG] Screen::getContents() finish.
[2026-07-12 08:28:15] [DEBUG] Screen::updateAreaE() finish.
[2026-07-12 08:28:15] [DEBUG] DBDefinitionController::newTableAction() end.
[2026-07-12 08:28:15] [DEBUG] Screen::areaView() start...
[2026-07-12 08:28:15] [DEBUG] Screen::areaView() finish.
[2026-07-12 08:28:34] [DEBUG] --- wwProject System Start ---
[2026-07-12 08:28:34] [DEBUG] Router::Router() /jemini/wwProjectV1.37/Develop/Console/ServerBridgeAction/
[2026-07-12 08:28:34] [DEBUG] Attempting to load: \Develop\Controllers\ConsoleController::ServerBridgeAction
[2026-07-12 08:28:34] [DEBUG] Router: Executing \Develop\Controllers\ConsoleController->ServerBridgeAction
[2026-07-12 08:28:34] [DEBUG] ConsoleController::ServerBridge() start...
[2026-07-12 08:28:34] [DEBUG] ConsoleController::ServerBridge() \Develop\Controllers\DBDefinitionController::editTableAction()
[2026-07-12 08:28:34] [DEBUG] DBDefinitionController::editTableAction() start...
[2026-07-12 08:28:34] [DEBUG] DBDefinitionModel::getTableInfo() start... [Table: participantmaster]
[2026-07-12 08:28:34] [DEBUG] DBDefinitionModel::getSavedColumns() start... [TableID: 15]
[2026-07-12 08:28:34] [DEBUG] DBDefinitionModel::getTableList() start...
[2026-07-12 08:28:34] [DEBUG] DBDefinitionModel::getTableList() finish. 取得件数: 5
[2026-07-12 08:28:34] [DEBUG] DBDefinitionModel::getSavedColumns() start... [TableID: 16]
[2026-07-12 08:28:34] [DEBUG] DBDefinitionModel::getSavedColumns() start... [TableID: 13]
[2026-07-12 08:28:34] [DEBUG] DBDefinitionModel::getSavedColumns() start... [TableID: 14]
[2026-07-12 08:28:34] [DEBUG] DBDefinitionModel::getSavedColumns() start... [TableID: 12]
[2026-07-12 08:28:34] [DEBUG] DBDefinitionModel::getSavedColumns() start... [TableID: 15]
[2026-07-12 08:28:34] [DEBUG] Screen::updateAreaE() [iframe起動版] path: \Develop\Views\AreaE\DBDefinition\RegistTable.view start...
[2026-07-12 08:28:34] [DEBUG] Screen::getContents() start...
[2026-07-12 08:28:34] [DEBUG] Screen::getContents() finish.
[2026-07-12 08:28:34] [DEBUG] Screen::updateAreaE() finish.
[2026-07-12 08:28:34] [DEBUG] DBDefinitionController::editTableAction() finish.
[2026-07-12 08:28:34] [DEBUG] Screen::areaView() start...
[2026-07-12 08:28:34] [DEBUG] Screen::areaView() finish.
[2026-07-12 08:28:41] [DEBUG] --- wwProject System Start ---
[2026-07-12 08:28:41] [DEBUG] Router::Router() /jemini/wwProjectV1.37/Develop/Console/ServerBridgeAction/
[2026-07-12 08:28:41] [DEBUG] Attempting to load: \Develop\Controllers\ConsoleController::ServerBridgeAction
[2026-07-12 08:28:41] [DEBUG] Router: Executing \Develop\Controllers\ConsoleController->ServerBridgeAction
[2026-07-12 08:28:41] [DEBUG] ConsoleController::ServerBridge() start...
[2026-07-12 08:28:41] [DEBUG] ConsoleController::ServerBridge() \Develop\Controllers\DBDefinitionController::newTableAction()
[2026-07-12 08:28:41] [DEBUG] DBDefinitionController::newTableAction() start...
[2026-07-12 08:28:41] [DEBUG] DBDefinitionModel::getTableList() start...
[2026-07-12 08:28:41] [DEBUG] DBDefinitionModel::getTableList() finish. 取得件数: 5
[2026-07-12 08:28:41] [DEBUG] DBDefinitionModel::getSavedColumns() start... [TableID: 16]
[2026-07-12 08:28:41] [DEBUG] DBDefinitionModel::getSavedColumns() start... [TableID: 13]
[2026-07-12 08:28:41] [DEBUG] DBDefinitionModel::getSavedColumns() start... [TableID: 14]
[2026-07-12 08:28:41] [DEBUG] DBDefinitionModel::getSavedColumns() start... [TableID: 12]
[2026-07-12 08:28:41] [DEBUG] DBDefinitionModel::getSavedColumns() start... [TableID: 15]
[2026-07-12 08:28:41] [DEBUG] Screen::updateAreaE() [iframe起動版] path: \Develop\Views\AreaE\DBDefinition\RegistTable.view start...
[2026-07-12 08:28:41] [DEBUG] Screen::getContents() start...
[2026-07-12 08:28:41] [DEBUG] Screen::getContents() finish.
[2026-07-12 08:28:41] [DEBUG] Screen::updateAreaE() finish.
[2026-07-12 08:28:41] [DEBUG] DBDefinitionController::newTableAction() end.
[2026-07-12 08:28:41] [DEBUG] Screen::areaView() start...
[2026-07-12 08:28:41] [DEBUG] Screen::areaView() finish.
[2026-07-12 08:29:08] [DEBUG] --- wwProject System Start ---
[2026-07-12 08:29:08] [DEBUG] Router::Router() /jemini/wwProjectV1.37/Develop/Console/ServerBridgeAction/
[2026-07-12 08:29:08] [DEBUG] Attempting to load: \Develop\Controllers\ConsoleController::ServerBridgeAction
[2026-07-12 08:29:08] [DEBUG] Router: Executing \Develop\Controllers\ConsoleController->ServerBridgeAction
[2026-07-12 08:29:08] [DEBUG] ConsoleController::ServerBridge() start...
[2026-07-12 08:29:08] [DEBUG] ConsoleController::ServerBridge() \Develop\Controllers\DBDefinitionController::editTableAction()
[2026-07-12 08:29:08] [DEBUG] DBDefinitionController::editTableAction() start...
[2026-07-12 08:29:08] [DEBUG] DBDefinitionModel::getTableInfo() start... [Table: ApplicantAndParticipant]
[2026-07-12 08:29:08] [DEBUG] DBDefinitionModel::getSavedColumns() start... [TableID: 16]
[2026-07-12 08:29:08] [DEBUG] DBDefinitionModel::getTableList() start...
[2026-07-12 08:29:08] [DEBUG] DBDefinitionModel::getTableList() finish. 取得件数: 5
[2026-07-12 08:29:08] [DEBUG] DBDefinitionModel::getSavedColumns() start... [TableID: 16]
[2026-07-12 08:29:08] [DEBUG] DBDefinitionModel::getSavedColumns() start... [TableID: 13]
[2026-07-12 08:29:08] [DEBUG] DBDefinitionModel::getSavedColumns() start... [TableID: 14]
[2026-07-12 08:29:08] [DEBUG] DBDefinitionModel::getSavedColumns() start... [TableID: 12]
[2026-07-12 08:29:08] [DEBUG] DBDefinitionModel::getSavedColumns() start... [TableID: 15]
[2026-07-12 08:29:08] [DEBUG] Screen::updateAreaE() [iframe起動版] path: \Develop\Views\AreaE\DBDefinition\RegistTable.view start...
[2026-07-12 08:29:08] [DEBUG] Screen::getContents() start...
[2026-07-12 08:29:08] [DEBUG] Screen::getContents() finish.
[2026-07-12 08:29:08] [DEBUG] Screen::updateAreaE() finish.
[2026-07-12 08:29:08] [DEBUG] DBDefinitionController::editTableAction() finish.
[2026-07-12 08:29:08] [DEBUG] Screen::areaView() start...
[2026-07-12 08:29:08] [DEBUG] Screen::areaView() finish.
[2026-07-12 08:30:27] [DEBUG] --- wwProject System Start ---
[2026-07-12 08:30:27] [DEBUG] Router::Router() /jemini/wwProjectV1.37/Develop/Console/ServerBridgeAction/
[2026-07-12 08:30:27] [DEBUG] Attempting to load: \Develop\Controllers\ConsoleController::ServerBridgeAction
[2026-07-12 08:30:27] [DEBUG] Router: Executing \Develop\Controllers\ConsoleController->ServerBridgeAction
[2026-07-12 08:30:27] [DEBUG] ConsoleController::ServerBridge() start...
[2026-07-12 08:30:27] [DEBUG] ConsoleController::ServerBridge() \Develop\Controllers\DBDefinitionController::registerAction()
[2026-07-12 08:30:27] [DEBUG] DBDefinitionController::registerAction() start...
[2026-07-12 08:30:27] [DEBUG] DBDefinitionModel::registerTableAndColumns() start...
[2026-07-12 08:30:27] [DEBUG] DBDefinitionModel::registerTableAndColumns() 11
[2026-07-12 08:30:27] [DEBUG] DBDefinitionModel::registerTableAndColumns() 12
[2026-07-12 08:30:27] [DEBUG] DBDefinitionModel::registerTableAndColumns() 13 (Updated table_id: 16)
[2026-07-12 08:30:27] [DEBUG] DBDefinitionModel::registerTableAndColumns() 21
[2026-07-12 08:30:27] [DEBUG] DBDefinitionModel::registerTableAndColumns() 22
[2026-07-12 08:30:27] [DEBUG] DBDefinitionModel::registerTableAndColumns() 23
[2026-07-12 08:30:27] [DEBUG] DBDefinitionModel::registerTableAndColumns() 24
[2026-07-12 08:30:27] [DEBUG] DBDefinitionModel::registerTableAndColumns() 25
[2026-07-12 08:30:27] [DEBUG] DBDefinitionModel::registerTableAndColumns() 26
[2026-07-12 08:30:27] [DEBUG] DBDefinitionModel::registerTableAndColumns() 27
[2026-07-12 08:30:27] [DEBUG] DBDefinitionModel::registerTableAndColumns() commit success.
[2026-07-12 08:30:27] [DEBUG] DBDefinitionController::initialAction() start...
[2026-07-12 08:30:27] [DEBUG] DBDefinitionModel::getTableList() start...
[2026-07-12 08:30:27] [DEBUG] DBDefinitionModel::getTableList() finish. 取得件数: 5
[2026-07-12 08:30:27] [DEBUG] Screen::updateAreaD() path: \Develop\Views\AreaD\DBDefinition\DBDefinitionList.view start...
[2026-07-12 08:30:27] [DEBUG] Screen::getContents() start...
[2026-07-12 08:30:27] [DEBUG] Screen::getContents() finish.
[2026-07-12 08:30:27] [DEBUG] Screen::updateAreaD() finish.
[2026-07-12 08:30:27] [DEBUG] Screen::updateAreaE() [iframe起動版] path: \Develop\Views\AreaE\Area_E_clear.view start...
[2026-07-12 08:30:27] [DEBUG] Screen::getContents() start...
[2026-07-12 08:30:27] [DEBUG] Screen::getContents() finish.
[2026-07-12 08:30:27] [DEBUG] Screen::updateAreaE() finish.
[2026-07-12 08:30:27] [DEBUG] DBDefinitionController::initialAction() end.
[2026-07-12 08:30:27] [DEBUG] Screen::areaView() start...
[2026-07-12 08:30:27] [DEBUG] Screen::areaView() finish.
[2026-07-12 08:30:28] [DEBUG] --- wwProject System Start ---
[2026-07-12 08:30:28] [DEBUG] Router::Router() /jemini/wwProjectV1.37/Develop/Console/ServerBridgeAction/
[2026-07-12 08:30:28] [DEBUG] Attempting to load: \Develop\Controllers\ConsoleController::ServerBridgeAction
[2026-07-12 08:30:28] [DEBUG] Router: Executing \Develop\Controllers\ConsoleController->ServerBridgeAction
[2026-07-12 08:30:28] [DEBUG] ConsoleController::ServerBridge() start...
[2026-07-12 08:30:28] [DEBUG] ConsoleController::ServerBridge() \Develop\Controllers\DBDefinitionController::editTableAction()
[2026-07-12 08:30:28] [DEBUG] DBDefinitionController::editTableAction() start...
[2026-07-12 08:30:28] [DEBUG] DBDefinitionModel::getTableInfo() start... [Table: ApplicantAndParticipant]
[2026-07-12 08:30:28] [DEBUG] DBDefinitionModel::getSavedColumns() start... [TableID: 16]
[2026-07-12 08:30:28] [DEBUG] DBDefinitionModel::getTableList() start...
[2026-07-12 08:30:29] [DEBUG] DBDefinitionModel::getTableList() finish. 取得件数: 5
[2026-07-12 08:30:29] [DEBUG] DBDefinitionModel::getSavedColumns() start... [TableID: 16]
[2026-07-12 08:30:29] [DEBUG] DBDefinitionModel::getSavedColumns() start... [TableID: 13]
[2026-07-12 08:30:29] [DEBUG] DBDefinitionModel::getSavedColumns() start... [TableID: 14]
[2026-07-12 08:30:29] [DEBUG] DBDefinitionModel::getSavedColumns() start... [TableID: 12]
[2026-07-12 08:30:29] [DEBUG] DBDefinitionModel::getSavedColumns() start... [TableID: 15]
[2026-07-12 08:30:29] [DEBUG] Screen::updateAreaE() [iframe起動版] path: \Develop\Views\AreaE\DBDefinition\RegistTable.view start...
[2026-07-12 08:30:29] [DEBUG] Screen::getContents() start...
[2026-07-12 08:30:29] [DEBUG] Screen::getContents() finish.
[2026-07-12 08:30:29] [DEBUG] Screen::updateAreaE() finish.
[2026-07-12 08:30:29] [DEBUG] DBDefinitionController::editTableAction() finish.
[2026-07-12 08:30:29] [DEBUG] Screen::areaView() start...
[2026-07-12 08:30:29] [DEBUG] Screen::areaView() finish.
[2026-07-12 08:47:02] [DEBUG] --- wwProject System Start ---
[2026-07-12 08:47:02] [DEBUG] Router::Router() /jemini/wwProjectV1.37/develop/
[2026-07-12 08:47:02] [DEBUG] Attempting to load: \Develop\Controllers\LoginController::initialAction
[2026-07-12 08:47:02] [DEBUG] Router: Executing \Develop\Controllers\LoginController->initialAction
[2026-07-12 08:47:02] [DEBUG] Login::initialAction() start...
[2026-07-12 08:47:02] [DEBUG] Login::initialAction() errorMessage : 
[2026-07-12 08:47:02] [DEBUG] Screen::view() path: \Develop\Views\Login\Login.view start...
[2026-07-12 08:47:02] [DEBUG] Screen::getContents() start...
[2026-07-12 08:47:02] [DEBUG] Screen::getContents() finish.
[2026-07-12 08:47:02] [DEBUG] Screen::view() path: \Develop\Views\Login\Login.view finish.
[2026-07-12 08:47:02] [DEBUG] Login::initialAction() finish.
[2026-07-12 08:47:06] [DEBUG] --- wwProject System Start ---
[2026-07-12 08:47:06] [DEBUG] Router::Router() /jemini/wwProjectV1.37/Develop/Login/authentication/
[2026-07-12 08:47:06] [DEBUG] Attempting to load: \Develop\Controllers\LoginController::authenticationAction
[2026-07-12 08:47:06] [DEBUG] Router: Executing \Develop\Controllers\LoginController->authenticationAction
[2026-07-12 08:47:06] [DEBUG] Login::AuthenticationAction() start...
[2026-07-12 08:47:06] [DEBUG] Login OK - x
[2026-07-12 08:47:06] [DEBUG] Session::start()
[2026-07-12 08:47:06] [DEBUG] Redirect to Console::initialAction()
[2026-07-12 08:47:06] [DEBUG] --- wwProject System Start ---
[2026-07-12 08:47:06] [DEBUG] Router::Router() /jemini/wwProjectV1.37/Develop/Console/initial/
[2026-07-12 08:47:06] [DEBUG] Attempting to load: \Develop\Controllers\ConsoleController::initialAction
[2026-07-12 08:47:06] [DEBUG] Router: Executing \Develop\Controllers\ConsoleController->initialAction
[2026-07-12 08:47:06] [DEBUG] Console::initialAction() start...
[2026-07-12 08:47:06] [DEBUG] Screen::view() path: \Develop\Views\Console\Console.view start...
[2026-07-12 08:47:06] [DEBUG] Screen::getContents() start...
[2026-07-12 08:47:06] [DEBUG] Screen::getContents() finish.
[2026-07-12 08:47:06] [DEBUG] Screen::view() path: \Develop\Views\Console\Console.view finish.
[2026-07-12 08:47:06] [DEBUG] ConsoleController::initialAction() finish.
[2026-07-12 08:47:06] [DEBUG] --- wwProject System Start ---
[2026-07-12 08:47:06] [DEBUG] Router::Router() /jemini/wwProjectV1.37/Develop/Console/ServerBridgeAction/
[2026-07-12 08:47:06] [DEBUG] Attempting to load: \Develop\Controllers\ConsoleController::ServerBridgeAction
[2026-07-12 08:47:06] [DEBUG] Router: Executing \Develop\Controllers\ConsoleController->ServerBridgeAction
[2026-07-12 08:47:06] [DEBUG] ConsoleController::ServerBridge() start...
[2026-07-12 08:47:06] [DEBUG] ConsoleController::ServerBridge() \Develop\Controllers\ConsoleController::areaInitialAction()
[2026-07-12 08:47:06] [DEBUG] ConsoleController::AreaInitialAction() start...
[2026-07-12 08:47:06] [DEBUG] Screen::updateAreaA() path: \Develop\Views\AreaA\Area_A.view start...
[2026-07-12 08:47:06] [DEBUG] Screen::areaView() sending JSON: ["areas"]
[2026-07-12 08:47:06] [DEBUG] Screen::getContents() start...
[2026-07-12 08:47:06] [DEBUG] Screen::getContents() finish.
[2026-07-12 08:47:06] [DEBUG] Screen::updateAreaA() finish.
[2026-07-12 08:47:06] [DEBUG] Screen::updateAreaB() path: \Develop\Views\AreaB\Area_B.view start...
[2026-07-12 08:47:06] [DEBUG] Screen::getContents() start...
[2026-07-12 08:47:06] [DEBUG] Screen::getContents() finish.
[2026-07-12 08:47:06] [DEBUG] Screen::updateAreaB() finish.
[2026-07-12 08:47:06] [DEBUG] Screen::updateAreaD() path: \Develop\Views\AreaD\Area_D_clear.view start...
[2026-07-12 08:47:06] [DEBUG] Screen::getContents() start...
[2026-07-12 08:47:06] [DEBUG] Screen::getContents() finish.
[2026-07-12 08:47:06] [DEBUG] Screen::updateAreaD() finish.
[2026-07-12 08:47:06] [DEBUG] Screen::updateAreaE() [iframe起動版] path: \Develop\Views\AreaE\Area_E_clear.view start...
[2026-07-12 08:47:06] [DEBUG] Screen::getContents() start...
[2026-07-12 08:47:06] [DEBUG] Screen::getContents() finish.
[2026-07-12 08:47:06] [DEBUG] Screen::updateAreaE() finish.
[2026-07-12 08:47:06] [DEBUG] Screen::updateAreaF() path: \Develop\Views\AreaF\Area_F.view start...
[2026-07-12 08:47:06] [DEBUG] Screen::getContents() start...
[2026-07-12 08:47:06] [DEBUG] Screen::getContents() finish.
[2026-07-12 08:47:06] [DEBUG] Screen::updateAreaF() finish.
[2026-07-12 08:47:06] [DEBUG] ProjectController::startProjectNabi() start...
[2026-07-12 08:47:06] [DEBUG] ProjectController::getProjectListHtml() start...
[2026-07-12 08:47:06] [DEBUG] ProjectModel::getProjectList() start...
[2026-07-12 08:47:06] [DEBUG] ProjectModel::getProjectList() finish.
[2026-07-12 08:47:06] [DEBUG] CodeMasterModel：：getCodesByGroup() start...
[2026-07-12 08:47:06] [DEBUG] CodeMasterModel：：getCodesByGroup() finish.
[2026-07-12 08:47:06] [DEBUG] ProjectController::getNaviFooterHtml() start...
[2026-07-12 08:47:06] [DEBUG] ProjectController::getNaviFooterHtml() finish.
[2026-07-12 08:47:06] [DEBUG] ProjectController::startProjectNabi() finish.
[2026-07-12 08:47:06] [DEBUG] Screen::updateAreaC() \Develop\Views\AreaC\Area_C.view start...
[2026-07-12 08:47:06] [DEBUG] Screen::getContents() start...
[2026-07-12 08:47:06] [DEBUG] Screen::getContents() finish.
[2026-07-12 08:47:06] [DEBUG] Screen::updateAreaC() finish.
[2026-07-12 08:47:06] [DEBUG] ConsoleController::AreaInitialAction() finish.
[2026-07-12 08:47:06] [DEBUG] Screen::areaView() start...
[2026-07-12 08:47:06] [DEBUG] Screen::areaView() finish.
[2026-07-12 08:47:08] [DEBUG] --- wwProject System Start ---
[2026-07-12 08:47:08] [DEBUG] Router::Router() /jemini/wwProjectV1.37/Develop/Console/ServerBridgeAction/
[2026-07-12 08:47:08] [DEBUG] Attempting to load: \Develop\Controllers\ConsoleController::ServerBridgeAction
[2026-07-12 08:47:08] [DEBUG] Router: Executing \Develop\Controllers\ConsoleController->ServerBridgeAction
[2026-07-12 08:47:08] [DEBUG] ConsoleController::ServerBridge() start...
[2026-07-12 08:47:08] [DEBUG] ConsoleController::ServerBridge() \Develop\Controllers\ProjectController::projectSelectAction()
[2026-07-12 08:47:08] [DEBUG] ProjectController::projectSelectAction() start...
[2026-07-12 08:47:08] [DEBUG] ProjectController::projectSelectAction() ☆★☆　SampleProject１
[2026-07-12 08:47:08] [DEBUG] Screen::updateAreaB() path: \Develop\Views\AreaB\Area_B.view start...
[2026-07-12 08:47:08] [DEBUG] Screen::getContents() start...
[2026-07-12 08:47:08] [DEBUG] Screen::getContents() finish.
[2026-07-12 08:47:08] [DEBUG] Screen::updateAreaB() finish.
[2026-07-12 08:47:08] [DEBUG] ProjectController::projectSelectAction() PRJ-D45FEF : PRJ-D45FEF
[2026-07-12 08:47:08] [DEBUG] ProjectController::getProjectListHtml() start...
[2026-07-12 08:47:08] [DEBUG] ProjectModel::getProjectList() start...
[2026-07-12 08:47:08] [DEBUG] ProjectModel::getProjectList() finish.
[2026-07-12 08:47:08] [DEBUG] CodeMasterModel：：getCodesByGroup() start...
[2026-07-12 08:47:08] [DEBUG] CodeMasterModel：：getCodesByGroup() finish.
[2026-07-12 08:47:08] [DEBUG] ProjectController::getNaviFooterHtml() start...
[2026-07-12 08:47:08] [DEBUG] ProjectController::getNaviFooterHtml() finish.
[2026-07-12 08:47:08] [DEBUG] Screen::updateAreaC() \Develop\Views\AreaC\Area_C.view start...
[2026-07-12 08:47:08] [DEBUG] Screen::getContents() start...
[2026-07-12 08:47:08] [DEBUG] Screen::getContents() finish.
[2026-07-12 08:47:08] [DEBUG] Screen::updateAreaC() finish.
[2026-07-12 08:47:08] [DEBUG] Screen::updateAreaD() path: \Develop\Views\AreaD\Area_D_clear.view start...
[2026-07-12 08:47:08] [DEBUG] Screen::getContents() start...
[2026-07-12 08:47:08] [DEBUG] Screen::getContents() finish.
[2026-07-12 08:47:08] [DEBUG] Screen::updateAreaD() finish.
[2026-07-12 08:47:08] [DEBUG] Screen::updateAreaE() [iframe起動版] path: \Develop\Views\AreaE\Area_E_clear.view start...
[2026-07-12 08:47:08] [DEBUG] Screen::getContents() start...
[2026-07-12 08:47:08] [DEBUG] Screen::getContents() finish.
[2026-07-12 08:47:08] [DEBUG] Screen::updateAreaE() finish.
[2026-07-12 08:47:08] [DEBUG] ProjectController::projectSelectAction() finish.
[2026-07-12 08:47:08] [DEBUG] Screen::areaView() start...
[2026-07-12 08:47:08] [DEBUG] Screen::areaView() finish.
[2026-07-12 08:47:09] [DEBUG] --- wwProject System Start ---
[2026-07-12 08:47:09] [DEBUG] Router::Router() /jemini/wwProjectV1.37/Develop/Console/ServerBridgeAction/
[2026-07-12 08:47:09] [DEBUG] Attempting to load: \Develop\Controllers\ConsoleController::ServerBridgeAction
[2026-07-12 08:47:09] [DEBUG] Router: Executing \Develop\Controllers\ConsoleController->ServerBridgeAction
[2026-07-12 08:47:09] [DEBUG] ConsoleController::ServerBridge() start...
[2026-07-12 08:47:09] [DEBUG] ConsoleController::ServerBridge() \Develop\Controllers\DBDefinitionController::initialAction()
[2026-07-12 08:47:09] [DEBUG] DBDefinitionController::initialAction() start...
[2026-07-12 08:47:09] [DEBUG] DBDefinitionModel::getTableList() start...
[2026-07-12 08:47:09] [DEBUG] DBDefinitionModel::getTableList() finish. 取得件数: 5
[2026-07-12 08:47:09] [DEBUG] Screen::updateAreaD() path: \Develop\Views\AreaD\DBDefinition\DBDefinitionList.view start...
[2026-07-12 08:47:09] [DEBUG] Screen::getContents() start...
[2026-07-12 08:47:09] [DEBUG] Screen::getContents() finish.
[2026-07-12 08:47:09] [DEBUG] Screen::updateAreaD() finish.
[2026-07-12 08:47:09] [DEBUG] Screen::updateAreaE() [iframe起動版] path: \Develop\Views\AreaE\Area_E_clear.view start...
[2026-07-12 08:47:09] [DEBUG] Screen::getContents() start...
[2026-07-12 08:47:09] [DEBUG] Screen::getContents() finish.
[2026-07-12 08:47:09] [DEBUG] Screen::updateAreaE() finish.
[2026-07-12 08:47:09] [DEBUG] DBDefinitionController::initialAction() end.
[2026-07-12 08:47:09] [DEBUG] Screen::areaView() start...
[2026-07-12 08:47:09] [DEBUG] Screen::areaView() finish.
[2026-07-12 08:47:11] [DEBUG] --- wwProject System Start ---
[2026-07-12 08:47:11] [DEBUG] Router::Router() /jemini/wwProjectV1.37/Develop/Console/ServerBridgeAction/
[2026-07-12 08:47:11] [DEBUG] Attempting to load: \Develop\Controllers\ConsoleController::ServerBridgeAction
[2026-07-12 08:47:11] [DEBUG] Router: Executing \Develop\Controllers\ConsoleController->ServerBridgeAction
[2026-07-12 08:47:11] [DEBUG] ConsoleController::ServerBridge() start...
[2026-07-12 08:47:11] [DEBUG] ConsoleController::ServerBridge() \Develop\Controllers\DBDefinitionController::newTableAction()
[2026-07-12 08:47:11] [DEBUG] DBDefinitionController::newTableAction() start...
[2026-07-12 08:47:11] [DEBUG] DBDefinitionModel::getTableList() start...
[2026-07-12 08:47:11] [DEBUG] DBDefinitionModel::getTableList() finish. 取得件数: 5
[2026-07-12 08:47:11] [DEBUG] DBDefinitionModel::getSavedColumns() start... [TableID: 16]
[2026-07-12 08:47:11] [DEBUG] DBDefinitionModel::getSavedColumns() start... [TableID: 13]
[2026-07-12 08:47:11] [DEBUG] DBDefinitionModel::getSavedColumns() start... [TableID: 14]
[2026-07-12 08:47:11] [DEBUG] DBDefinitionModel::getSavedColumns() start... [TableID: 12]
[2026-07-12 08:47:11] [DEBUG] DBDefinitionModel::getSavedColumns() start... [TableID: 15]
[2026-07-12 08:47:11] [DEBUG] Screen::updateAreaE() [iframe起動版] path: \Develop\Views\AreaE\DBDefinition\RegistTable.view start...
[2026-07-12 08:47:11] [DEBUG] Screen::getContents() start...
[2026-07-12 08:47:11] [DEBUG] Screen::getContents() finish.
[2026-07-12 08:47:11] [DEBUG] Screen::updateAreaE() finish.
[2026-07-12 08:47:11] [DEBUG] DBDefinitionController::newTableAction() end.
[2026-07-12 08:47:11] [DEBUG] Screen::areaView() start...
[2026-07-12 08:47:11] [DEBUG] Screen::areaView() finish.
[2026-07-12 09:17:31] [DEBUG] --- wwProject System Start ---
[2026-07-12 09:17:31] [DEBUG] Router::Router() /jemini/wwProjectV1.37/Develop/Console/ServerBridgeAction/
[2026-07-12 09:17:31] [DEBUG] Attempting to load: \Develop\Controllers\ConsoleController::ServerBridgeAction
[2026-07-12 09:17:31] [DEBUG] Router: Executing \Develop\Controllers\ConsoleController->ServerBridgeAction
[2026-07-12 09:17:31] [DEBUG] ConsoleController::ServerBridge() start...
[2026-07-12 09:17:32] [DEBUG] ConsoleController::ServerBridge() \Develop\Controllers\DBDefinitionController::newTableAction()
[2026-07-12 09:17:32] [DEBUG] DBDefinitionController::newTableAction() start...
[2026-07-12 09:17:32] [DEBUG] DBDefinitionModel::getTableList() start...
[2026-07-12 09:17:32] [DEBUG] DBDefinitionModel::getTableList() finish. 取得件数: 5
[2026-07-12 09:17:32] [DEBUG] DBDefinitionModel::getSavedColumns() start... [TableID: 16]
[2026-07-12 09:17:32] [DEBUG] DBDefinitionModel::getSavedColumns() start... [TableID: 13]
[2026-07-12 09:17:32] [DEBUG] DBDefinitionModel::getSavedColumns() start... [TableID: 14]
[2026-07-12 09:17:32] [DEBUG] DBDefinitionModel::getSavedColumns() start... [TableID: 12]
[2026-07-12 09:17:32] [DEBUG] DBDefinitionModel::getSavedColumns() start... [TableID: 15]
[2026-07-12 09:17:32] [DEBUG] Screen::updateAreaE() [iframe起動版] path: \Develop\Views\AreaE\DBDefinition\RegistTable.view start...
[2026-07-12 09:17:32] [DEBUG] Screen::getContents() start...
[2026-07-12 09:17:32] [DEBUG] Screen::getContents() finish.
[2026-07-12 09:17:32] [DEBUG] Screen::updateAreaE() finish.
[2026-07-12 09:17:32] [DEBUG] DBDefinitionController::newTableAction() end.
[2026-07-12 09:17:32] [DEBUG] Screen::areaView() start...
[2026-07-12 09:17:32] [DEBUG] Screen::areaView() finish.
[2026-07-12 09:17:51] [DEBUG] --- wwProject System Start ---
[2026-07-12 09:17:51] [DEBUG] Router::Router() /jemini/wwProjectV1.37/Develop/Console/ServerBridgeAction/
[2026-07-12 09:17:51] [DEBUG] Attempting to load: \Develop\Controllers\ConsoleController::ServerBridgeAction
[2026-07-12 09:17:51] [DEBUG] Router: Executing \Develop\Controllers\ConsoleController->ServerBridgeAction
[2026-07-12 09:17:51] [DEBUG] ConsoleController::ServerBridge() start...
[2026-07-12 09:17:51] [DEBUG] ConsoleController::ServerBridge() \Develop\Controllers\DBDefinitionController::newTableAction()
[2026-07-12 09:17:51] [DEBUG] DBDefinitionController::newTableAction() start...
[2026-07-12 09:17:51] [DEBUG] DBDefinitionModel::getTableList() start...
[2026-07-12 09:17:51] [DEBUG] DBDefinitionModel::getTableList() finish. 取得件数: 5
[2026-07-12 09:17:51] [DEBUG] DBDefinitionModel::getSavedColumns() start... [TableID: 16]
[2026-07-12 09:17:51] [DEBUG] DBDefinitionModel::getSavedColumns() start... [TableID: 13]
[2026-07-12 09:17:51] [DEBUG] DBDefinitionModel::getSavedColumns() start... [TableID: 14]
[2026-07-12 09:17:51] [DEBUG] DBDefinitionModel::getSavedColumns() start... [TableID: 12]
[2026-07-12 09:17:51] [DEBUG] DBDefinitionModel::getSavedColumns() start... [TableID: 15]
[2026-07-12 09:17:51] [DEBUG] Screen::updateAreaE() [iframe起動版] path: \Develop\Views\AreaE\DBDefinition\RegistTable.view start...
[2026-07-12 09:17:51] [DEBUG] Screen::getContents() start...
[2026-07-12 09:17:51] [DEBUG] Screen::getContents() finish.
[2026-07-12 09:17:51] [DEBUG] Screen::updateAreaE() finish.
[2026-07-12 09:17:51] [DEBUG] DBDefinitionController::newTableAction() end.
[2026-07-12 09:17:51] [DEBUG] Screen::areaView() start...
[2026-07-12 09:17:51] [DEBUG] Screen::areaView() finish.
[2026-07-12 09:18:36] [DEBUG] --- wwProject System Start ---
[2026-07-12 09:18:36] [DEBUG] Router::Router() /jemini/wwProjectV1.37/Develop/Console/ServerBridgeAction/
[2026-07-12 09:18:36] [DEBUG] Attempting to load: \Develop\Controllers\ConsoleController::ServerBridgeAction
[2026-07-12 09:18:36] [DEBUG] Router: Executing \Develop\Controllers\ConsoleController->ServerBridgeAction
[2026-07-12 09:18:36] [DEBUG] ConsoleController::ServerBridge() start...
[2026-07-12 09:18:36] [DEBUG] ConsoleController::ServerBridge() \Develop\Controllers\DBDefinitionController::newTableAction()
[2026-07-12 09:18:36] [DEBUG] DBDefinitionController::newTableAction() start...
[2026-07-12 09:18:36] [DEBUG] DBDefinitionModel::getTableList() start...
[2026-07-12 09:18:36] [DEBUG] DBDefinitionModel::getTableList() finish. 取得件数: 5
[2026-07-12 09:18:36] [DEBUG] DBDefinitionModel::getSavedColumns() start... [TableID: 16]
[2026-07-12 09:18:36] [DEBUG] DBDefinitionModel::getSavedColumns() start... [TableID: 13]
[2026-07-12 09:18:36] [DEBUG] DBDefinitionModel::getSavedColumns() start... [TableID: 14]
[2026-07-12 09:18:36] [DEBUG] DBDefinitionModel::getSavedColumns() start... [TableID: 12]
[2026-07-12 09:18:36] [DEBUG] DBDefinitionModel::getSavedColumns() start... [TableID: 15]
[2026-07-12 09:18:36] [DEBUG] Screen::updateAreaE() [iframe起動版] path: \Develop\Views\AreaE\DBDefinition\RegistTable.view start...
[2026-07-12 09:18:36] [DEBUG] Screen::getContents() start...
[2026-07-12 09:18:36] [DEBUG] Screen::getContents() finish.
[2026-07-12 09:18:36] [DEBUG] Screen::updateAreaE() finish.
[2026-07-12 09:18:36] [DEBUG] DBDefinitionController::newTableAction() end.
[2026-07-12 09:18:36] [DEBUG] Screen::areaView() start...
[2026-07-12 09:18:36] [DEBUG] Screen::areaView() finish.
[2026-07-12 09:19:09] [DEBUG] --- wwProject System Start ---
[2026-07-12 09:19:09] [DEBUG] Router::Router() /jemini/wwProjectV1.37/Develop/Console/ServerBridgeAction/
[2026-07-12 09:19:09] [DEBUG] Attempting to load: \Develop\Controllers\ConsoleController::ServerBridgeAction
[2026-07-12 09:19:09] [DEBUG] Router: Executing \Develop\Controllers\ConsoleController->ServerBridgeAction
[2026-07-12 09:19:09] [DEBUG] ConsoleController::ServerBridge() start...
[2026-07-12 09:19:09] [DEBUG] ConsoleController::ServerBridge() \Develop\Controllers\DBDefinitionController::newTableAction()
[2026-07-12 09:19:09] [DEBUG] DBDefinitionController::newTableAction() start...
[2026-07-12 09:19:09] [DEBUG] DBDefinitionModel::getTableList() start...
[2026-07-12 09:19:09] [DEBUG] DBDefinitionModel::getTableList() finish. 取得件数: 5
[2026-07-12 09:19:09] [DEBUG] DBDefinitionModel::getSavedColumns() start... [TableID: 16]
[2026-07-12 09:19:09] [DEBUG] DBDefinitionModel::getSavedColumns() start... [TableID: 13]
[2026-07-12 09:19:09] [DEBUG] DBDefinitionModel::getSavedColumns() start... [TableID: 14]
[2026-07-12 09:19:09] [DEBUG] DBDefinitionModel::getSavedColumns() start... [TableID: 12]
[2026-07-12 09:19:09] [DEBUG] DBDefinitionModel::getSavedColumns() start... [TableID: 15]
[2026-07-12 09:19:09] [DEBUG] Screen::updateAreaE() [iframe起動版] path: \Develop\Views\AreaE\DBDefinition\RegistTable.view start...
[2026-07-12 09:19:09] [DEBUG] Screen::getContents() start...
[2026-07-12 09:19:09] [DEBUG] Screen::getContents() finish.
[2026-07-12 09:19:09] [DEBUG] Screen::updateAreaE() finish.
[2026-07-12 09:19:09] [DEBUG] DBDefinitionController::newTableAction() end.
[2026-07-12 09:19:09] [DEBUG] Screen::areaView() start...
[2026-07-12 09:19:09] [DEBUG] Screen::areaView() finish.
[2026-07-12 09:20:11] [DEBUG] --- wwProject System Start ---
[2026-07-12 09:20:11] [DEBUG] Router::Router() /jemini/wwProjectV1.37/Develop/Console/ServerBridgeAction/
[2026-07-12 09:20:11] [DEBUG] Attempting to load: \Develop\Controllers\ConsoleController::ServerBridgeAction
[2026-07-12 09:20:11] [DEBUG] Router: Executing \Develop\Controllers\ConsoleController->ServerBridgeAction
[2026-07-12 09:20:11] [DEBUG] ConsoleController::ServerBridge() start...
[2026-07-12 09:20:11] [DEBUG] ConsoleController::ServerBridge() \Develop\Controllers\DBDefinitionController::newTableAction()
[2026-07-12 09:20:11] [DEBUG] DBDefinitionController::newTableAction() start...
[2026-07-12 09:20:11] [DEBUG] DBDefinitionModel::getTableList() start...
[2026-07-12 09:20:11] [DEBUG] DBDefinitionModel::getTableList() finish. 取得件数: 5
[2026-07-12 09:20:11] [DEBUG] DBDefinitionModel::getSavedColumns() start... [TableID: 16]
[2026-07-12 09:20:11] [DEBUG] DBDefinitionModel::getSavedColumns() start... [TableID: 13]
[2026-07-12 09:20:11] [DEBUG] DBDefinitionModel::getSavedColumns() start... [TableID: 14]
[2026-07-12 09:20:11] [DEBUG] DBDefinitionModel::getSavedColumns() start... [TableID: 12]
[2026-07-12 09:20:11] [DEBUG] DBDefinitionModel::getSavedColumns() start... [TableID: 15]
[2026-07-12 09:20:11] [DEBUG] Screen::updateAreaE() [iframe起動版] path: \Develop\Views\AreaE\DBDefinition\RegistTable.view start...
[2026-07-12 09:20:11] [DEBUG] Screen::getContents() start...
[2026-07-12 09:20:11] [DEBUG] Screen::getContents() finish.
[2026-07-12 09:20:11] [DEBUG] Screen::updateAreaE() finish.
[2026-07-12 09:20:11] [DEBUG] DBDefinitionController::newTableAction() end.
[2026-07-12 09:20:11] [DEBUG] Screen::areaView() start...
[2026-07-12 09:20:11] [DEBUG] Screen::areaView() finish.
[2026-07-12 09:20:16] [DEBUG] --- wwProject System Start ---
[2026-07-12 09:20:16] [DEBUG] Router::Router() /jemini/wwProjectV1.37/Develop/Console/ServerBridgeAction/
[2026-07-12 09:20:16] [DEBUG] Attempting to load: \Develop\Controllers\ConsoleController::ServerBridgeAction
[2026-07-12 09:20:16] [DEBUG] Router: Executing \Develop\Controllers\ConsoleController->ServerBridgeAction
[2026-07-12 09:20:16] [DEBUG] ConsoleController::ServerBridge() start...
[2026-07-12 09:20:16] [DEBUG] ConsoleController::ServerBridge() \Develop\Controllers\DBDefinitionController::editTableAction()
[2026-07-12 09:20:16] [DEBUG] DBDefinitionController::editTableAction() start...
[2026-07-12 09:20:16] [DEBUG] DBDefinitionModel::getTableInfo() start... [Table: ApplicantAndParticipant]
[2026-07-12 09:20:16] [DEBUG] DBDefinitionModel::getSavedColumns() start... [TableID: 16]
[2026-07-12 09:20:16] [DEBUG] DBDefinitionModel::getTableList() start...
[2026-07-12 09:20:16] [DEBUG] DBDefinitionModel::getTableList() finish. 取得件数: 5
[2026-07-12 09:20:16] [DEBUG] DBDefinitionModel::getSavedColumns() start... [TableID: 16]
[2026-07-12 09:20:16] [DEBUG] DBDefinitionModel::getSavedColumns() start... [TableID: 13]
[2026-07-12 09:20:16] [DEBUG] DBDefinitionModel::getSavedColumns() start... [TableID: 14]
[2026-07-12 09:20:16] [DEBUG] DBDefinitionModel::getSavedColumns() start... [TableID: 12]
[2026-07-12 09:20:16] [DEBUG] DBDefinitionModel::getSavedColumns() start... [TableID: 15]
[2026-07-12 09:20:16] [DEBUG] Screen::updateAreaE() [iframe起動版] path: \Develop\Views\AreaE\DBDefinition\RegistTable.view start...
[2026-07-12 09:20:16] [DEBUG] Screen::getContents() start...
[2026-07-12 09:20:16] [DEBUG] Screen::getContents() finish.
[2026-07-12 09:20:16] [DEBUG] Screen::updateAreaE() finish.
[2026-07-12 09:20:16] [DEBUG] DBDefinitionController::editTableAction() finish.
[2026-07-12 09:20:16] [DEBUG] Screen::areaView() start...
[2026-07-12 09:20:16] [DEBUG] Screen::areaView() finish.
[2026-07-12 09:30:11] [DEBUG] --- wwProject System Start ---
[2026-07-12 09:30:11] [DEBUG] Router::Router() /jemini/wwProjectV1.37/Develop/Console/ServerBridgeAction/
[2026-07-12 09:30:11] [DEBUG] Attempting to load: \Develop\Controllers\ConsoleController::ServerBridgeAction
[2026-07-12 09:30:11] [DEBUG] Router: Executing \Develop\Controllers\ConsoleController->ServerBridgeAction
[2026-07-12 09:30:11] [DEBUG] ConsoleController::ServerBridge() start...
[2026-07-12 09:30:11] [DEBUG] ConsoleController::ServerBridge() \Develop\Controllers\DBDefinitionController::newTableAction()
[2026-07-12 09:30:11] [DEBUG] DBDefinitionController::newTableAction() start...
[2026-07-12 09:30:11] [DEBUG] DBDefinitionModel::getTableList() start...
[2026-07-12 09:30:11] [DEBUG] DBDefinitionModel::getTableList() finish. 取得件数: 5
[2026-07-12 09:30:11] [DEBUG] DBDefinitionModel::getSavedColumns() start... [TableID: 16]
[2026-07-12 09:30:11] [DEBUG] DBDefinitionModel::getSavedColumns() start... [TableID: 13]
[2026-07-12 09:30:11] [DEBUG] DBDefinitionModel::getSavedColumns() start... [TableID: 14]
[2026-07-12 09:30:11] [DEBUG] DBDefinitionModel::getSavedColumns() start... [TableID: 12]
[2026-07-12 09:30:11] [DEBUG] DBDefinitionModel::getSavedColumns() start... [TableID: 15]
[2026-07-12 09:30:11] [DEBUG] Screen::updateAreaE() [iframe起動版] path: \Develop\Views\AreaE\DBDefinition\RegistTable.view start...
[2026-07-12 09:30:11] [DEBUG] Screen::getContents() start...
[2026-07-12 09:30:11] [DEBUG] Screen::getContents() finish.
[2026-07-12 09:30:11] [DEBUG] Screen::updateAreaE() finish.
[2026-07-12 09:30:11] [DEBUG] DBDefinitionController::newTableAction() end.
[2026-07-12 09:30:11] [DEBUG] Screen::areaView() start...
[2026-07-12 09:30:11] [DEBUG] Screen::areaView() finish.
[2026-07-12 09:30:33] [DEBUG] --- wwProject System Start ---
[2026-07-12 09:30:33] [DEBUG] Router::Router() /jemini/wwProjectV1.37/Develop/Console/ServerBridgeAction/
[2026-07-12 09:30:33] [DEBUG] Attempting to load: \Develop\Controllers\ConsoleController::ServerBridgeAction
[2026-07-12 09:30:33] [DEBUG] Router: Executing \Develop\Controllers\ConsoleController->ServerBridgeAction
[2026-07-12 09:30:33] [DEBUG] ConsoleController::ServerBridge() start...
[2026-07-12 09:30:33] [DEBUG] ConsoleController::ServerBridge() \Develop\Controllers\DBDefinitionController::newTableAction()
[2026-07-12 09:30:33] [DEBUG] DBDefinitionController::newTableAction() start...
[2026-07-12 09:30:33] [DEBUG] DBDefinitionModel::getTableList() start...
[2026-07-12 09:30:33] [DEBUG] DBDefinitionModel::getTableList() finish. 取得件数: 5
[2026-07-12 09:30:33] [DEBUG] DBDefinitionModel::getSavedColumns() start... [TableID: 16]
[2026-07-12 09:30:33] [DEBUG] DBDefinitionModel::getSavedColumns() start... [TableID: 13]
[2026-07-12 09:30:33] [DEBUG] DBDefinitionModel::getSavedColumns() start... [TableID: 14]
[2026-07-12 09:30:33] [DEBUG] DBDefinitionModel::getSavedColumns() start... [TableID: 12]
[2026-07-12 09:30:33] [DEBUG] DBDefinitionModel::getSavedColumns() start... [TableID: 15]
[2026-07-12 09:30:33] [DEBUG] Screen::updateAreaE() [iframe起動版] path: \Develop\Views\AreaE\DBDefinition\RegistTable.view start...
[2026-07-12 09:30:33] [DEBUG] Screen::getContents() start...
[2026-07-12 09:30:34] [DEBUG] Screen::getContents() finish.
[2026-07-12 09:30:34] [DEBUG] Screen::updateAreaE() finish.
[2026-07-12 09:30:34] [DEBUG] DBDefinitionController::newTableAction() end.
[2026-07-12 09:30:34] [DEBUG] Screen::areaView() start...
[2026-07-12 09:30:34] [DEBUG] Screen::areaView() finish.
[2026-07-12 09:32:36] [DEBUG] --- wwProject System Start ---
[2026-07-12 09:32:36] [DEBUG] Router::Router() /jemini/wwProjectV1.37/Develop/Console/ServerBridgeAction/
[2026-07-12 09:32:36] [DEBUG] Attempting to load: \Develop\Controllers\ConsoleController::ServerBridgeAction
[2026-07-12 09:32:36] [DEBUG] Router: Executing \Develop\Controllers\ConsoleController->ServerBridgeAction
[2026-07-12 09:32:36] [DEBUG] ConsoleController::ServerBridge() start...
[2026-07-12 09:32:36] [DEBUG] ConsoleController::ServerBridge() \Develop\Controllers\DBDefinitionController::editTableAction()
[2026-07-12 09:32:36] [DEBUG] DBDefinitionController::editTableAction() start...
[2026-07-12 09:32:36] [DEBUG] DBDefinitionModel::getTableInfo() start... [Table: ApplicantAndParticipant]
[2026-07-12 09:32:36] [DEBUG] DBDefinitionModel::getSavedColumns() start... [TableID: 16]
[2026-07-12 09:32:36] [DEBUG] DBDefinitionModel::getTableList() start...
[2026-07-12 09:32:36] [DEBUG] DBDefinitionModel::getTableList() finish. 取得件数: 5
[2026-07-12 09:32:36] [DEBUG] DBDefinitionModel::getSavedColumns() start... [TableID: 16]
[2026-07-12 09:32:36] [DEBUG] DBDefinitionModel::getSavedColumns() start... [TableID: 13]
[2026-07-12 09:32:36] [DEBUG] DBDefinitionModel::getSavedColumns() start... [TableID: 14]
[2026-07-12 09:32:36] [DEBUG] DBDefinitionModel::getSavedColumns() start... [TableID: 12]
[2026-07-12 09:32:36] [DEBUG] DBDefinitionModel::getSavedColumns() start... [TableID: 15]
[2026-07-12 09:32:36] [DEBUG] Screen::updateAreaE() [iframe起動版] path: \Develop\Views\AreaE\DBDefinition\RegistTable.view start...
[2026-07-12 09:32:36] [DEBUG] Screen::getContents() start...
[2026-07-12 09:32:36] [DEBUG] Screen::getContents() finish.
[2026-07-12 09:32:36] [DEBUG] Screen::updateAreaE() finish.
[2026-07-12 09:32:36] [DEBUG] DBDefinitionController::editTableAction() finish.
[2026-07-12 09:32:36] [DEBUG] Screen::areaView() start...
[2026-07-12 09:32:36] [DEBUG] Screen::areaView() finish.
[2026-07-12 09:33:19] [DEBUG] --- wwProject System Start ---
[2026-07-12 09:33:19] [DEBUG] Router::Router() /jemini/wwProjectV1.37/Develop/Console/ServerBridgeAction/
[2026-07-12 09:33:19] [DEBUG] Attempting to load: \Develop\Controllers\ConsoleController::ServerBridgeAction
[2026-07-12 09:33:19] [DEBUG] Router: Executing \Develop\Controllers\ConsoleController->ServerBridgeAction
[2026-07-12 09:33:19] [DEBUG] ConsoleController::ServerBridge() start...
[2026-07-12 09:33:19] [DEBUG] ConsoleController::ServerBridge() \Develop\Controllers\DBDefinitionController::registerAction()
[2026-07-12 09:33:19] [DEBUG] DBDefinitionController::registerAction() start...
[2026-07-12 09:33:19] [DEBUG] DBDefinitionModel::registerTableAndColumns() start...
[2026-07-12 09:33:19] [DEBUG] DBDefinitionModel::registerTableAndColumns() 11
[2026-07-12 09:33:19] [DEBUG] DBDefinitionModel::registerTableAndColumns() 12
[2026-07-12 09:33:19] [DEBUG] DBDefinitionModel::registerTableAndColumns() 13 (Updated table_id: 16)
[2026-07-12 09:33:19] [DEBUG] DBDefinitionModel::registerTableAndColumns() 21
[2026-07-12 09:33:19] [DEBUG] DBDefinitionModel::registerTableAndColumns() 22
[2026-07-12 09:33:19] [DEBUG] DBDefinitionModel::registerTableAndColumns() 23
[2026-07-12 09:33:19] [DEBUG] DBDefinitionModel::registerTableAndColumns() 24
[2026-07-12 09:33:19] [DEBUG] DBDefinitionModel::registerTableAndColumns() 25
[2026-07-12 09:33:19] [DEBUG] DBDefinitionModel::registerTableAndColumns() 26
[2026-07-12 09:33:19] [DEBUG] DBDefinitionModel::registerTableAndColumns() 27
[2026-07-12 09:33:19] [DEBUG] DBDefinitionModel::registerTableAndColumns() commit success.
[2026-07-12 09:33:19] [DEBUG] DBDefinitionController::initialAction() start...
[2026-07-12 09:33:19] [DEBUG] DBDefinitionModel::getTableList() start...
[2026-07-12 09:33:19] [DEBUG] DBDefinitionModel::getTableList() finish. 取得件数: 5
[2026-07-12 09:33:19] [DEBUG] Screen::updateAreaD() path: \Develop\Views\AreaD\DBDefinition\DBDefinitionList.view start...
[2026-07-12 09:33:19] [DEBUG] Screen::getContents() start...
[2026-07-12 09:33:19] [DEBUG] Screen::getContents() finish.
[2026-07-12 09:33:19] [DEBUG] Screen::updateAreaD() finish.
[2026-07-12 09:33:19] [DEBUG] Screen::updateAreaE() [iframe起動版] path: \Develop\Views\AreaE\Area_E_clear.view start...
[2026-07-12 09:33:19] [DEBUG] Screen::getContents() start...
[2026-07-12 09:33:19] [DEBUG] Screen::getContents() finish.
[2026-07-12 09:33:19] [DEBUG] Screen::updateAreaE() finish.
[2026-07-12 09:33:19] [DEBUG] DBDefinitionController::initialAction() end.
[2026-07-12 09:33:19] [DEBUG] Screen::areaView() start...
[2026-07-12 09:33:19] [DEBUG] Screen::areaView() finish.
[2026-07-12 09:33:21] [DEBUG] --- wwProject System Start ---
[2026-07-12 09:33:21] [DEBUG] Router::Router() /jemini/wwProjectV1.37/Develop/Console/ServerBridgeAction/
[2026-07-12 09:33:21] [DEBUG] Attempting to load: \Develop\Controllers\ConsoleController::ServerBridgeAction
[2026-07-12 09:33:21] [DEBUG] Router: Executing \Develop\Controllers\ConsoleController->ServerBridgeAction
[2026-07-12 09:33:21] [DEBUG] ConsoleController::ServerBridge() start...
[2026-07-12 09:33:21] [DEBUG] ConsoleController::ServerBridge() \Develop\Controllers\DBDefinitionController::editTableAction()
[2026-07-12 09:33:21] [DEBUG] DBDefinitionController::editTableAction() start...
[2026-07-12 09:33:21] [DEBUG] DBDefinitionModel::getTableInfo() start... [Table: ApplicantAndParticipant]
[2026-07-12 09:33:21] [DEBUG] DBDefinitionModel::getSavedColumns() start... [TableID: 16]
[2026-07-12 09:33:21] [DEBUG] DBDefinitionModel::getTableList() start...
[2026-07-12 09:33:21] [DEBUG] DBDefinitionModel::getTableList() finish. 取得件数: 5
[2026-07-12 09:33:21] [DEBUG] DBDefinitionModel::getSavedColumns() start... [TableID: 16]
[2026-07-12 09:33:21] [DEBUG] DBDefinitionModel::getSavedColumns() start... [TableID: 13]
[2026-07-12 09:33:21] [DEBUG] DBDefinitionModel::getSavedColumns() start... [TableID: 14]
[2026-07-12 09:33:21] [DEBUG] DBDefinitionModel::getSavedColumns() start... [TableID: 12]
[2026-07-12 09:33:21] [DEBUG] DBDefinitionModel::getSavedColumns() start... [TableID: 15]
[2026-07-12 09:33:21] [DEBUG] Screen::updateAreaE() [iframe起動版] path: \Develop\Views\AreaE\DBDefinition\RegistTable.view start...
[2026-07-12 09:33:21] [DEBUG] Screen::getContents() start...
[2026-07-12 09:33:21] [DEBUG] Screen::getContents() finish.
[2026-07-12 09:33:21] [DEBUG] Screen::updateAreaE() finish.
[2026-07-12 09:33:21] [DEBUG] DBDefinitionController::editTableAction() finish.
[2026-07-12 09:33:21] [DEBUG] Screen::areaView() start...
[2026-07-12 09:33:21] [DEBUG] Screen::areaView() finish.
