[2026-07-15 00:23:05] [DEBUG] --- wwProject System Start ---
[2026-07-15 00:23:05] [DEBUG] Router::Router() /jemini/wwProjectV1.37/Develop/
[2026-07-15 00:23:05] [DEBUG] Attempting to load: \Develop\Controllers\LoginController::initialAction
[2026-07-15 00:23:05] [DEBUG] Router: Executing \Develop\Controllers\LoginController->initialAction
[2026-07-15 00:23:05] [DEBUG] Login::initialAction() start...
[2026-07-15 00:23:05] [DEBUG] Login::initialAction() errorMessage : 
[2026-07-15 00:23:05] [DEBUG] Screen::view() path: \Develop\Views\Login\Login.view start...
[2026-07-15 00:23:05] [DEBUG] Screen::getContents() start...
[2026-07-15 00:23:05] [DEBUG] Screen::getContents() finish.
[2026-07-15 00:23:05] [DEBUG] Screen::view() path: \Develop\Views\Login\Login.view finish.
[2026-07-15 00:23:05] [DEBUG] Login::initialAction() finish.
[2026-07-15 00:23:09] [DEBUG] --- wwProject System Start ---
[2026-07-15 00:23:09] [DEBUG] Router::Router() /jemini/wwProjectV1.37/Develop/Login/authentication/
[2026-07-15 00:23:09] [DEBUG] Attempting to load: \Develop\Controllers\LoginController::authenticationAction
[2026-07-15 00:23:09] [DEBUG] Router: Executing \Develop\Controllers\LoginController->authenticationAction
[2026-07-15 00:23:09] [DEBUG] Login::AuthenticationAction() start...
[2026-07-15 00:23:09] [DEBUG] Login OK - x
[2026-07-15 00:23:09] [DEBUG] Session::start()
[2026-07-15 00:23:09] [DEBUG] Redirect to Console::initialAction()
[2026-07-15 00:23:09] [DEBUG] --- wwProject System Start ---
[2026-07-15 00:23:09] [DEBUG] Router::Router() /jemini/wwProjectV1.37/Develop/Console/initial/
[2026-07-15 00:23:09] [DEBUG] Attempting to load: \Develop\Controllers\ConsoleController::initialAction
[2026-07-15 00:23:09] [DEBUG] Router: Executing \Develop\Controllers\ConsoleController->initialAction
[2026-07-15 00:23:09] [DEBUG] Console::initialAction() start...
[2026-07-15 00:23:09] [DEBUG] Screen::view() path: \Develop\Views\Console\Console.view start...
[2026-07-15 00:23:09] [DEBUG] Screen::getContents() start...
[2026-07-15 00:23:09] [DEBUG] Screen::getContents() finish.
[2026-07-15 00:23:09] [DEBUG] Screen::view() path: \Develop\Views\Console\Console.view finish.
[2026-07-15 00:23:09] [DEBUG] ConsoleController::initialAction() finish.
[2026-07-15 00:23:09] [DEBUG] --- wwProject System Start ---
[2026-07-15 00:23:09] [DEBUG] Router::Router() /jemini/wwProjectV1.37/Develop/Console/ServerBridgeAction/
[2026-07-15 00:23:09] [DEBUG] Attempting to load: \Develop\Controllers\ConsoleController::ServerBridgeAction
[2026-07-15 00:23:09] [DEBUG] Router: Executing \Develop\Controllers\ConsoleController->ServerBridgeAction
[2026-07-15 00:23:09] [DEBUG] ConsoleController::ServerBridge() start...
[2026-07-15 00:23:09] [DEBUG] ConsoleController::ServerBridge() \Develop\Controllers\ConsoleController::areaInitialAction()
[2026-07-15 00:23:09] [DEBUG] ConsoleController::AreaInitialAction() start...
[2026-07-15 00:23:09] [DEBUG] Screen::updateAreaA() path: \Develop\Views\AreaA\Area_A.view start...
[2026-07-15 00:23:09] [DEBUG] Screen::areaView() sending JSON: ["areas"]
[2026-07-15 00:23:09] [DEBUG] Screen::getContents() start...
[2026-07-15 00:23:09] [DEBUG] Screen::getContents() finish.
[2026-07-15 00:23:09] [DEBUG] Screen::updateAreaA() finish.
[2026-07-15 00:23:09] [DEBUG] Screen::updateAreaB() path: \Develop\Views\AreaB\Area_B.view start...
[2026-07-15 00:23:09] [DEBUG] Screen::getContents() start...
[2026-07-15 00:23:09] [DEBUG] Screen::getContents() finish.
[2026-07-15 00:23:09] [DEBUG] Screen::updateAreaB() finish.
[2026-07-15 00:23:09] [DEBUG] Screen::updateAreaD() path: \Develop\Views\AreaD\Area_D_clear.view start...
[2026-07-15 00:23:09] [DEBUG] Screen::getContents() start...
[2026-07-15 00:23:09] [DEBUG] Screen::getContents() finish.
[2026-07-15 00:23:09] [DEBUG] Screen::updateAreaD() finish.
[2026-07-15 00:23:09] [DEBUG] Screen::updateAreaE() [iframe起動版] path: \Develop\Views\AreaE\Area_E_clear.view start...
[2026-07-15 00:23:09] [DEBUG] Screen::getContents() start...
[2026-07-15 00:23:09] [DEBUG] Screen::getContents() finish.
[2026-07-15 00:23:09] [DEBUG] Screen::updateAreaE() finish.
[2026-07-15 00:23:09] [DEBUG] Screen::updateAreaF() path: \Develop\Views\AreaF\Area_F.view start...
[2026-07-15 00:23:09] [DEBUG] Screen::getContents() start...
[2026-07-15 00:23:09] [DEBUG] Screen::getContents() finish.
[2026-07-15 00:23:09] [DEBUG] Screen::updateAreaF() finish.
[2026-07-15 00:23:09] [DEBUG] ProjectController::startProjectNabi() start...
[2026-07-15 00:23:09] [DEBUG] ProjectController::getProjectListHtml() start...
[2026-07-15 00:23:09] [DEBUG] ProjectModel::getProjectList() start...
[2026-07-15 00:23:09] [DEBUG] ProjectModel::getProjectList() finish.
[2026-07-15 00:23:09] [DEBUG] CodeMasterModel：：getCodesByGroup() start...
[2026-07-15 00:23:09] [DEBUG] CodeMasterModel：：getCodesByGroup() finish.
[2026-07-15 00:23:09] [DEBUG] ProjectController::getNaviFooterHtml() start...
[2026-07-15 00:23:09] [DEBUG] ProjectController::getNaviFooterHtml() finish.
[2026-07-15 00:23:09] [DEBUG] ProjectController::startProjectNabi() finish.
[2026-07-15 00:23:09] [DEBUG] Screen::updateAreaC() \Develop\Views\AreaC\Area_C.view start...
[2026-07-15 00:23:09] [DEBUG] Screen::getContents() start...
[2026-07-15 00:23:09] [DEBUG] Screen::getContents() finish.
[2026-07-15 00:23:09] [DEBUG] Screen::updateAreaC() finish.
[2026-07-15 00:23:09] [DEBUG] ConsoleController::AreaInitialAction() finish.
[2026-07-15 00:23:09] [DEBUG] Screen::areaView() start...
[2026-07-15 00:23:09] [DEBUG] Screen::areaView() finish.
[2026-07-15 00:23:11] [DEBUG] --- wwProject System Start ---
[2026-07-15 00:23:11] [DEBUG] Router::Router() /jemini/wwProjectV1.37/Develop/Console/ServerBridgeAction/
[2026-07-15 00:23:11] [DEBUG] Attempting to load: \Develop\Controllers\ConsoleController::ServerBridgeAction
[2026-07-15 00:23:11] [DEBUG] Router: Executing \Develop\Controllers\ConsoleController->ServerBridgeAction
[2026-07-15 00:23:11] [DEBUG] ConsoleController::ServerBridge() start...
[2026-07-15 00:23:11] [DEBUG] ConsoleController::ServerBridge() \Develop\Controllers\ProjectController::projectSelectAction()
[2026-07-15 00:23:11] [DEBUG] ProjectController::projectSelectAction() start...
[2026-07-15 00:23:11] [DEBUG] ProjectController::projectSelectAction() ☆★☆　SampleProject１
[2026-07-15 00:23:11] [DEBUG] Screen::updateAreaB() path: \Develop\Views\AreaB\Area_B.view start...
[2026-07-15 00:23:11] [DEBUG] Screen::getContents() start...
[2026-07-15 00:23:11] [DEBUG] Screen::getContents() finish.
[2026-07-15 00:23:11] [DEBUG] Screen::updateAreaB() finish.
[2026-07-15 00:23:11] [DEBUG] ProjectController::projectSelectAction() PRJ-D45FEF : PRJ-D45FEF
[2026-07-15 00:23:11] [DEBUG] ProjectController::getProjectListHtml() start...
[2026-07-15 00:23:11] [DEBUG] ProjectModel::getProjectList() start...
[2026-07-15 00:23:11] [DEBUG] ProjectModel::getProjectList() finish.
[2026-07-15 00:23:11] [DEBUG] CodeMasterModel：：getCodesByGroup() start...
[2026-07-15 00:23:11] [DEBUG] CodeMasterModel：：getCodesByGroup() finish.
[2026-07-15 00:23:11] [DEBUG] ProjectController::getNaviFooterHtml() start...
[2026-07-15 00:23:11] [DEBUG] ProjectController::getNaviFooterHtml() finish.
[2026-07-15 00:23:11] [DEBUG] Screen::updateAreaC() \Develop\Views\AreaC\Area_C.view start...
[2026-07-15 00:23:11] [DEBUG] Screen::getContents() start...
[2026-07-15 00:23:11] [DEBUG] Screen::getContents() finish.
[2026-07-15 00:23:11] [DEBUG] Screen::updateAreaC() finish.
[2026-07-15 00:23:11] [DEBUG] Screen::updateAreaD() path: \Develop\Views\AreaD\Area_D_clear.view start...
[2026-07-15 00:23:11] [DEBUG] Screen::getContents() start...
[2026-07-15 00:23:11] [DEBUG] Screen::getContents() finish.
[2026-07-15 00:23:11] [DEBUG] Screen::updateAreaD() finish.
[2026-07-15 00:23:11] [DEBUG] Screen::updateAreaE() [iframe起動版] path: \Develop\Views\AreaE\Area_E_clear.view start...
[2026-07-15 00:23:11] [DEBUG] Screen::getContents() start...
[2026-07-15 00:23:11] [DEBUG] Screen::getContents() finish.
[2026-07-15 00:23:11] [DEBUG] Screen::updateAreaE() finish.
[2026-07-15 00:23:11] [DEBUG] ProjectController::projectSelectAction() finish.
[2026-07-15 00:23:11] [DEBUG] Screen::areaView() start...
[2026-07-15 00:23:11] [DEBUG] Screen::areaView() finish.
[2026-07-15 00:23:12] [DEBUG] --- wwProject System Start ---
[2026-07-15 00:23:12] [DEBUG] Router::Router() /jemini/wwProjectV1.37/Develop/Console/ServerBridgeAction/
[2026-07-15 00:23:12] [DEBUG] Attempting to load: \Develop\Controllers\ConsoleController::ServerBridgeAction
[2026-07-15 00:23:12] [DEBUG] Router: Executing \Develop\Controllers\ConsoleController->ServerBridgeAction
[2026-07-15 00:23:12] [DEBUG] ConsoleController::ServerBridge() start...
[2026-07-15 00:23:12] [DEBUG] ConsoleController::ServerBridge() \Develop\Controllers\PartsDefinitionController::InitialAction()
[2026-07-15 00:23:12] [DEBUG] DBDefinitionController::initialAction() start...
[2026-07-15 00:23:12] [DEBUG] PartsDefinitionController::initialAction() projectId : PRJ-D45FEF
[2026-07-15 00:23:12] [DEBUG] PartsDefinitionModel::getAllPartsList() start... Project ID: PRJ-D45FEF
[2026-07-15 00:23:12] [DEBUG] Screen::updateAreaD() path: \Develop\Views\AreaD\PartsDefinition\PartsDefinitionList.view start...
[2026-07-15 00:23:12] [DEBUG] Screen::getContents() start...
[2026-07-15 00:23:12] [DEBUG] Screen::getContents() finish.
[2026-07-15 00:23:12] [DEBUG] Screen::updateAreaD() finish.
[2026-07-15 00:23:12] [DEBUG] Screen::updateAreaE() [iframe起動版] path: \Develop\Views\AreaE\Area_E_clear.view start...
[2026-07-15 00:23:12] [DEBUG] Screen::getContents() start...
[2026-07-15 00:23:12] [DEBUG] Screen::getContents() finish.
[2026-07-15 00:23:12] [DEBUG] Screen::updateAreaE() finish.
[2026-07-15 00:23:12] [DEBUG] DBDefinitionController::initialAction() end.
[2026-07-15 00:23:12] [DEBUG] Screen::areaView() start...
[2026-07-15 00:23:12] [DEBUG] Screen::areaView() finish.
[2026-07-15 00:23:17] [DEBUG] --- wwProject System Start ---
[2026-07-15 00:23:17] [DEBUG] Router::Router() /jemini/wwProjectV1.37/Develop/Console/ServerBridgeAction/
[2026-07-15 00:23:17] [DEBUG] Attempting to load: \Develop\Controllers\ConsoleController::ServerBridgeAction
[2026-07-15 00:23:17] [DEBUG] Router: Executing \Develop\Controllers\ConsoleController->ServerBridgeAction
[2026-07-15 00:23:17] [DEBUG] ConsoleController::ServerBridge() start...
[2026-07-15 00:23:17] [DEBUG] ConsoleController::ServerBridge() \Develop\Controllers\PartsDefinitionController::editPartsAction()
[2026-07-15 00:23:17] [DEBUG] PartsDefinitionController::editPartsAction() start...
[2026-07-15 00:23:17] [DEBUG] PartsDefinitionModel::getAllPartsList() start... Project ID: PRJ-D45FEF
[2026-07-15 00:23:17] [DEBUG] PartsDefinitionModel::getColumnsByTableId() start... Input: newDevelopers
[2026-07-15 00:23:17] [DEBUG] 逆引き成功: 物理名 newDevelopers -> table_id : 12
[2026-07-15 00:23:17] [DEBUG] PartsDefinitionModel::getColumnsByTableId() finish. 件数: 9
[2026-07-15 00:23:17] [DEBUG] PartsDefinitionModel::getTableStructure() start... Project ID: PRJ-D45FEF
[2026-07-15 00:23:17] [DEBUG] Screen::updateAreaE() [iframe起動版] path: \Develop\Views\AreaE\PartsDefinition\RegistParts.view start...
[2026-07-15 00:23:17] [DEBUG] Screen::getContents() start...
[2026-07-15 00:23:17] [DEBUG] Screen::getContents() finish.
[2026-07-15 00:23:17] [DEBUG] Screen::updateAreaE() finish.
[2026-07-15 00:23:17] [DEBUG] PartsDefinitionController::editPartsAction() end.
[2026-07-15 00:23:17] [DEBUG] Screen::areaView() start...
[2026-07-15 00:23:17] [DEBUG] Screen::areaView() finish.
[2026-07-15 00:23:20] [DEBUG] --- wwProject System Start ---
[2026-07-15 00:23:20] [DEBUG] Router::Router() /jemini/wwProjectV1.37/Develop/Console/ServerBridgeAction/
[2026-07-15 00:23:20] [DEBUG] Attempting to load: \Develop\Controllers\ConsoleController::ServerBridgeAction
[2026-07-15 00:23:20] [DEBUG] Router: Executing \Develop\Controllers\ConsoleController->ServerBridgeAction
[2026-07-15 00:23:20] [DEBUG] ConsoleController::ServerBridge() start...
[2026-07-15 00:23:20] [DEBUG] ConsoleController::ServerBridge() \Develop\Controllers\PartsDefinitionController::editPartsAction()
[2026-07-15 00:23:20] [DEBUG] PartsDefinitionController::editPartsAction() start...
[2026-07-15 00:23:20] [DEBUG] PartsDefinitionModel::getAllPartsList() start... Project ID: PRJ-D45FEF
[2026-07-15 00:23:20] [DEBUG] PartsDefinitionModel::getColumnsByTableId() start... Input: newDevelopers
[2026-07-15 00:23:20] [DEBUG] 逆引き成功: 物理名 newDevelopers -> table_id : 12
[2026-07-15 00:23:20] [DEBUG] PartsDefinitionModel::getColumnsByTableId() finish. 件数: 9
[2026-07-15 00:23:20] [DEBUG] PartsDefinitionModel::getTableStructure() start... Project ID: PRJ-D45FEF
[2026-07-15 00:23:20] [DEBUG] Screen::updateAreaE() [iframe起動版] path: \Develop\Views\AreaE\PartsDefinition\RegistParts.view start...
[2026-07-15 00:23:20] [DEBUG] Screen::getContents() start...
[2026-07-15 00:23:20] [DEBUG] Screen::getContents() finish.
[2026-07-15 00:23:20] [DEBUG] Screen::updateAreaE() finish.
[2026-07-15 00:23:20] [DEBUG] PartsDefinitionController::editPartsAction() end.
[2026-07-15 00:23:20] [DEBUG] Screen::areaView() start...
[2026-07-15 00:23:20] [DEBUG] Screen::areaView() finish.
[2026-07-15 00:32:45] [DEBUG] --- wwProject System Start ---
[2026-07-15 00:32:45] [DEBUG] Router::Router() /jemini/wwProjectV1.37/Develop/
[2026-07-15 00:32:45] [DEBUG] Attempting to load: \Develop\Controllers\LoginController::initialAction
[2026-07-15 00:32:45] [DEBUG] Router: Executing \Develop\Controllers\LoginController->initialAction
[2026-07-15 00:32:45] [DEBUG] Login::initialAction() start...
[2026-07-15 00:32:45] [DEBUG] Login::initialAction() errorMessage : 
[2026-07-15 00:32:45] [DEBUG] Screen::view() path: \Develop\Views\Login\Login.view start...
[2026-07-15 00:32:45] [DEBUG] Screen::getContents() start...
[2026-07-15 00:32:45] [DEBUG] Screen::getContents() finish.
[2026-07-15 00:32:45] [DEBUG] Screen::view() path: \Develop\Views\Login\Login.view finish.
[2026-07-15 00:32:45] [DEBUG] Login::initialAction() finish.
