[2026-09-04 00:08:56] [DEBUG] --- wwProject System Start ---
[2026-09-04 00:08:56] [DEBUG] Router::Router() /jemini/wwProjectV1.57/Develop/Console/ServerBridgeAction/
[2026-09-04 00:08:56] [DEBUG] Attempting to load: \Develop\Controllers\ConsoleController::ServerBridgeAction
[2026-09-04 00:08:56] [DEBUG] Router: Executing \Develop\Controllers\ConsoleController->ServerBridgeAction
[2026-09-04 00:08:56] [DEBUG] ConsoleController::ServerBridge() start...
[2026-09-04 00:08:56] [DEBUG] ConsoleController::ServerBridge() \Develop\Controllers\PartsDefinitionController::editPartsAction()
[2026-09-04 00:08:56] [DEBUG] PartsDefinitionController::editPartsAction() start...
[2026-09-04 00:08:56] [DEBUG] PartsDefinitionModel::getAllPartsList() start... Project ID: PRJ-D45FEF
[2026-09-04 00:08:56] [DEBUG] PartsDefinitionModel::getColumnsByTableId() start... Input: newDevelopers
[2026-09-04 00:08:56] [DEBUG] 逆引き成功: 物理名 newDevelopers -> table_id : 12
[2026-09-04 00:08:56] [DEBUG] PartsDefinitionModel::getColumnsByTableId() finish. 件数: 9
[2026-09-04 00:08:56] [DEBUG] PartsDefinitionModel::getTableStructure() start... Project ID: PRJ-D45FEF
[2026-09-04 00:08:56] [DEBUG] Screen::updateAreaE() [iframe起動版] path: \Develop\Views\AreaE\PartsDefinition\RegistParts.view start...
[2026-09-04 00:08:56] [DEBUG] Screen::getContents() start...
[2026-09-04 00:08:56] [DEBUG] Screen::getContents() (2.2) C:/xampp8/htdocs/jemini/wwProjectV1.57\Develop\Views\AreaE\PartsDefinition\RegistParts.view
[2026-09-04 00:08:56] [ERROR] ConsoleController::ServerBridge Fatal: htmlspecialchars(): Argument #1 ($string) must be of type string, array given
[2026-09-04 00:08:57] [DEBUG] --- wwProject System Start ---
[2026-09-04 00:08:57] [DEBUG] Router::Router() /jemini/wwProjectV1.57/Develop/Console/ServerBridgeAction/
[2026-09-04 00:08:57] [DEBUG] Attempting to load: \Develop\Controllers\ConsoleController::ServerBridgeAction
[2026-09-04 00:08:57] [DEBUG] Router: Executing \Develop\Controllers\ConsoleController->ServerBridgeAction
[2026-09-04 00:08:57] [DEBUG] ConsoleController::ServerBridge() start...
[2026-09-04 00:08:57] [DEBUG] ConsoleController::ServerBridge() \Develop\Controllers\PartsDefinitionController::editPartsAction()
[2026-09-04 00:08:57] [DEBUG] PartsDefinitionController::editPartsAction() start...
[2026-09-04 00:08:57] [DEBUG] PartsDefinitionModel::getAllPartsList() start... Project ID: PRJ-D45FEF
[2026-09-04 00:08:57] [DEBUG] PartsDefinitionModel::getColumnsByTableId() start... Input: developers
[2026-09-04 00:08:57] [DEBUG] 逆引き成功: 物理名 developers -> table_id : 14
[2026-09-04 00:08:57] [DEBUG] PartsDefinitionModel::getColumnsByTableId() finish. 件数: 9
[2026-09-04 00:08:57] [DEBUG] PartsDefinitionModel::getTableStructure() start... Project ID: PRJ-D45FEF
[2026-09-04 00:08:57] [DEBUG] Screen::updateAreaE() [iframe起動版] path: \Develop\Views\AreaE\PartsDefinition\RegistParts.view start...
[2026-09-04 00:08:57] [DEBUG] Screen::getContents() start...
[2026-09-04 00:08:57] [DEBUG] Screen::getContents() (2.2) C:/xampp8/htdocs/jemini/wwProjectV1.57\Develop\Views\AreaE\PartsDefinition\RegistParts.view
[2026-09-04 00:08:57] [ERROR] ConsoleController::ServerBridge Fatal: htmlspecialchars(): Argument #1 ($string) must be of type string, array given
[2026-09-04 00:08:57] [DEBUG] --- wwProject System Start ---
[2026-09-04 00:08:57] [DEBUG] Router::Router() /jemini/wwProjectV1.57/Develop/Console/ServerBridgeAction/
[2026-09-04 00:08:57] [DEBUG] Attempting to load: \Develop\Controllers\ConsoleController::ServerBridgeAction
[2026-09-04 00:08:57] [DEBUG] Router: Executing \Develop\Controllers\ConsoleController->ServerBridgeAction
[2026-09-04 00:08:57] [DEBUG] ConsoleController::ServerBridge() start...
[2026-09-04 00:08:57] [DEBUG] ConsoleController::ServerBridge() \Develop\Controllers\PartsDefinitionController::editPartsAction()
[2026-09-04 00:08:57] [DEBUG] PartsDefinitionController::editPartsAction() start...
[2026-09-04 00:08:57] [DEBUG] PartsDefinitionModel::getAllPartsList() start... Project ID: PRJ-D45FEF
[2026-09-04 00:08:57] [DEBUG] PartsDefinitionModel::getColumnsByTableId() start... Input: developers
[2026-09-04 00:08:57] [DEBUG] 逆引き成功: 物理名 developers -> table_id : 14
[2026-09-04 00:08:57] [DEBUG] PartsDefinitionModel::getColumnsByTableId() finish. 件数: 9
[2026-09-04 00:08:57] [DEBUG] PartsDefinitionModel::getTableStructure() start... Project ID: PRJ-D45FEF
[2026-09-04 00:08:57] [DEBUG] Screen::updateAreaE() [iframe起動版] path: \Develop\Views\AreaE\PartsDefinition\RegistParts.view start...
[2026-09-04 00:08:57] [DEBUG] Screen::getContents() start...
[2026-09-04 00:08:57] [DEBUG] Screen::getContents() (2.2) C:/xampp8/htdocs/jemini/wwProjectV1.57\Develop\Views\AreaE\PartsDefinition\RegistParts.view
[2026-09-04 00:08:57] [ERROR] ConsoleController::ServerBridge Fatal: htmlspecialchars(): Argument #1 ($string) must be of type string, array given
[2026-09-04 00:08:58] [DEBUG] --- wwProject System Start ---
[2026-09-04 00:08:58] [DEBUG] Router::Router() /jemini/wwProjectV1.57/Develop/Console/ServerBridgeAction/
[2026-09-04 00:08:58] [DEBUG] Attempting to load: \Develop\Controllers\ConsoleController::ServerBridgeAction
[2026-09-04 00:08:58] [DEBUG] Router: Executing \Develop\Controllers\ConsoleController->ServerBridgeAction
[2026-09-04 00:08:58] [DEBUG] ConsoleController::ServerBridge() start...
[2026-09-04 00:08:58] [DEBUG] ConsoleController::ServerBridge() \Develop\Controllers\PartsDefinitionController::editPartsAction()
[2026-09-04 00:08:58] [DEBUG] PartsDefinitionController::editPartsAction() start...
[2026-09-04 00:08:58] [DEBUG] PartsDefinitionModel::getAllPartsList() start... Project ID: PRJ-D45FEF
[2026-09-04 00:08:58] [DEBUG] PartsDefinitionModel::getTableStructure() start... Project ID: PRJ-D45FEF
[2026-09-04 00:08:58] [DEBUG] Screen::updateAreaE() [iframe起動版] path: \Develop\Views\AreaE\PartsDefinition\RegistParts.view start...
[2026-09-04 00:08:58] [DEBUG] Screen::getContents() start...
[2026-09-04 00:08:58] [DEBUG] Screen::getContents() (2.2) C:/xampp8/htdocs/jemini/wwProjectV1.57\Develop\Views\AreaE\PartsDefinition\RegistParts.view
[2026-09-04 00:08:58] [ERROR] ConsoleController::ServerBridge Fatal: htmlspecialchars(): Argument #1 ($string) must be of type string, array given
[2026-09-04 00:08:59] [DEBUG] --- wwProject System Start ---
[2026-09-04 00:08:59] [DEBUG] Router::Router() /jemini/wwProjectV1.57/Develop/Console/ServerBridgeAction/
[2026-09-04 00:08:59] [DEBUG] Attempting to load: \Develop\Controllers\ConsoleController::ServerBridgeAction
[2026-09-04 00:08:59] [DEBUG] Router: Executing \Develop\Controllers\ConsoleController->ServerBridgeAction
[2026-09-04 00:08:59] [DEBUG] ConsoleController::ServerBridge() start...
[2026-09-04 00:08:59] [DEBUG] ConsoleController::ServerBridge() \Develop\Controllers\PartsDefinitionController::editPartsAction()
[2026-09-04 00:08:59] [DEBUG] PartsDefinitionController::editPartsAction() start...
[2026-09-04 00:08:59] [DEBUG] PartsDefinitionModel::getAllPartsList() start... Project ID: PRJ-D45FEF
[2026-09-04 00:08:59] [DEBUG] PartsDefinitionModel::getTableStructure() start... Project ID: PRJ-D45FEF
[2026-09-04 00:08:59] [DEBUG] Screen::updateAreaE() [iframe起動版] path: \Develop\Views\AreaE\PartsDefinition\RegistParts.view start...
[2026-09-04 00:08:59] [DEBUG] Screen::getContents() start...
[2026-09-04 00:08:59] [DEBUG] Screen::getContents() (2.2) C:/xampp8/htdocs/jemini/wwProjectV1.57\Develop\Views\AreaE\PartsDefinition\RegistParts.view
[2026-09-04 00:08:59] [ERROR] ConsoleController::ServerBridge Fatal: htmlspecialchars(): Argument #1 ($string) must be of type string, array given
[2026-09-04 00:09:00] [DEBUG] --- wwProject System Start ---
[2026-09-04 00:09:00] [DEBUG] Router::Router() /jemini/wwProjectV1.57/Develop/Console/ServerBridgeAction/
[2026-09-04 00:09:00] [DEBUG] Attempting to load: \Develop\Controllers\ConsoleController::ServerBridgeAction
[2026-09-04 00:09:00] [DEBUG] Router: Executing \Develop\Controllers\ConsoleController->ServerBridgeAction
[2026-09-04 00:09:00] [DEBUG] ConsoleController::ServerBridge() start...
[2026-09-04 00:09:00] [DEBUG] ConsoleController::ServerBridge() \Develop\Controllers\PartsDefinitionController::editPartsAction()
[2026-09-04 00:09:00] [DEBUG] PartsDefinitionController::editPartsAction() start...
[2026-09-04 00:09:00] [DEBUG] PartsDefinitionModel::getAllPartsList() start... Project ID: PRJ-D45FEF
[2026-09-04 00:09:00] [DEBUG] PartsDefinitionModel::getTableStructure() start... Project ID: PRJ-D45FEF
[2026-09-04 00:09:00] [DEBUG] Screen::updateAreaE() [iframe起動版] path: \Develop\Views\AreaE\PartsDefinition\RegistParts.view start...
[2026-09-04 00:09:00] [DEBUG] Screen::getContents() start...
[2026-09-04 00:09:00] [DEBUG] Screen::getContents() (2.2) C:/xampp8/htdocs/jemini/wwProjectV1.57\Develop\Views\AreaE\PartsDefinition\RegistParts.view
[2026-09-04 00:09:00] [ERROR] ConsoleController::ServerBridge Fatal: htmlspecialchars(): Argument #1 ($string) must be of type string, array given
[2026-09-04 00:09:01] [DEBUG] --- wwProject System Start ---
[2026-09-04 00:09:01] [DEBUG] Router::Router() /jemini/wwProjectV1.57/Develop/Console/ServerBridgeAction/
[2026-09-04 00:09:01] [DEBUG] Attempting to load: \Develop\Controllers\ConsoleController::ServerBridgeAction
[2026-09-04 00:09:01] [DEBUG] Router: Executing \Develop\Controllers\ConsoleController->ServerBridgeAction
[2026-09-04 00:09:01] [DEBUG] ConsoleController::ServerBridge() start...
[2026-09-04 00:09:01] [DEBUG] ConsoleController::ServerBridge() \Develop\Controllers\PartsDefinitionController::editPartsAction()
[2026-09-04 00:09:01] [DEBUG] PartsDefinitionController::editPartsAction() start...
[2026-09-04 00:09:01] [DEBUG] PartsDefinitionModel::getAllPartsList() start... Project ID: PRJ-D45FEF
[2026-09-04 00:09:01] [DEBUG] PartsDefinitionModel::getTableStructure() start... Project ID: PRJ-D45FEF
[2026-09-04 00:09:01] [DEBUG] Screen::updateAreaE() [iframe起動版] path: \Develop\Views\AreaE\PartsDefinition\RegistParts.view start...
[2026-09-04 00:09:01] [DEBUG] Screen::getContents() start...
[2026-09-04 00:09:01] [DEBUG] Screen::getContents() (2.2) C:/xampp8/htdocs/jemini/wwProjectV1.57\Develop\Views\AreaE\PartsDefinition\RegistParts.view
[2026-09-04 00:09:01] [ERROR] ConsoleController::ServerBridge Fatal: htmlspecialchars(): Argument #1 ($string) must be of type string, array given
[2026-09-04 00:09:02] [DEBUG] --- wwProject System Start ---
[2026-09-04 00:09:02] [DEBUG] Router::Router() /jemini/wwProjectV1.57/Develop/Console/ServerBridgeAction/
[2026-09-04 00:09:02] [DEBUG] Attempting to load: \Develop\Controllers\ConsoleController::ServerBridgeAction
[2026-09-04 00:09:02] [DEBUG] Router: Executing \Develop\Controllers\ConsoleController->ServerBridgeAction
[2026-09-04 00:09:02] [DEBUG] ConsoleController::ServerBridge() start...
[2026-09-04 00:09:02] [DEBUG] ConsoleController::ServerBridge() \Develop\Controllers\PartsDefinitionController::editPartsAction()
[2026-09-04 00:09:02] [DEBUG] PartsDefinitionController::editPartsAction() start...
[2026-09-04 00:09:02] [DEBUG] PartsDefinitionModel::getAllPartsList() start... Project ID: PRJ-D45FEF
[2026-09-04 00:09:02] [DEBUG] PartsDefinitionModel::getColumnsByTableId() start... Input: applicantmaster
[2026-09-04 00:09:02] [DEBUG] 逆引き成功: 物理名 applicantmaster -> table_id : 13
[2026-09-04 00:09:02] [DEBUG] PartsDefinitionModel::getColumnsByTableId() finish. 件数: 19
[2026-09-04 00:09:02] [DEBUG] PartsDefinitionModel::getTableStructure() start... Project ID: PRJ-D45FEF
[2026-09-04 00:09:02] [DEBUG] Screen::updateAreaE() [iframe起動版] path: \Develop\Views\AreaE\PartsDefinition\RegistParts.view start...
[2026-09-04 00:09:02] [DEBUG] Screen::getContents() start...
[2026-09-04 00:09:02] [DEBUG] Screen::getContents() (2.2) C:/xampp8/htdocs/jemini/wwProjectV1.57\Develop\Views\AreaE\PartsDefinition\RegistParts.view
[2026-09-04 00:09:02] [ERROR] ConsoleController::ServerBridge Fatal: htmlspecialchars(): Argument #1 ($string) must be of type string, array given
[2026-09-04 00:09:04] [DEBUG] --- wwProject System Start ---
[2026-09-04 00:09:04] [DEBUG] Router::Router() /jemini/wwProjectV1.57/Develop/Console/ServerBridgeAction/
[2026-09-04 00:09:04] [DEBUG] Attempting to load: \Develop\Controllers\ConsoleController::ServerBridgeAction
[2026-09-04 00:09:04] [DEBUG] Router: Executing \Develop\Controllers\ConsoleController->ServerBridgeAction
[2026-09-04 00:09:04] [DEBUG] ConsoleController::ServerBridge() start...
[2026-09-04 00:09:04] [DEBUG] ConsoleController::ServerBridge() \Develop\Controllers\PartsDefinitionController::editPartsAction()
[2026-09-04 00:09:04] [DEBUG] PartsDefinitionController::editPartsAction() start...
[2026-09-04 00:09:04] [DEBUG] PartsDefinitionModel::getAllPartsList() start... Project ID: PRJ-D45FEF
[2026-09-04 00:09:04] [DEBUG] PartsDefinitionModel::getColumnsByTableId() start... Input: developers
[2026-09-04 00:09:04] [DEBUG] 逆引き成功: 物理名 developers -> table_id : 14
[2026-09-04 00:09:04] [DEBUG] PartsDefinitionModel::getColumnsByTableId() finish. 件数: 9
[2026-09-04 00:09:04] [DEBUG] PartsDefinitionModel::getTableStructure() start... Project ID: PRJ-D45FEF
[2026-09-04 00:09:04] [DEBUG] Screen::updateAreaE() [iframe起動版] path: \Develop\Views\AreaE\PartsDefinition\RegistParts.view start...
[2026-09-04 00:09:04] [DEBUG] Screen::getContents() start...
[2026-09-04 00:09:04] [DEBUG] Screen::getContents() (2.2) C:/xampp8/htdocs/jemini/wwProjectV1.57\Develop\Views\AreaE\PartsDefinition\RegistParts.view
[2026-09-04 00:09:04] [ERROR] ConsoleController::ServerBridge Fatal: htmlspecialchars(): Argument #1 ($string) must be of type string, array given
[2026-09-04 00:09:05] [DEBUG] --- wwProject System Start ---
[2026-09-04 00:09:05] [DEBUG] Router::Router() /jemini/wwProjectV1.57/Develop/Console/ServerBridgeAction/
[2026-09-04 00:09:05] [DEBUG] Attempting to load: \Develop\Controllers\ConsoleController::ServerBridgeAction
[2026-09-04 00:09:05] [DEBUG] Router: Executing \Develop\Controllers\ConsoleController->ServerBridgeAction
[2026-09-04 00:09:05] [DEBUG] ConsoleController::ServerBridge() start...
[2026-09-04 00:09:05] [DEBUG] ConsoleController::ServerBridge() \Develop\Controllers\PartsDefinitionController::editPartsAction()
[2026-09-04 00:09:05] [DEBUG] PartsDefinitionController::editPartsAction() start...
[2026-09-04 00:09:05] [DEBUG] PartsDefinitionModel::getAllPartsList() start... Project ID: PRJ-D45FEF
[2026-09-04 00:09:05] [DEBUG] PartsDefinitionModel::getTableStructure() start... Project ID: PRJ-D45FEF
[2026-09-04 00:09:05] [DEBUG] Screen::updateAreaE() [iframe起動版] path: \Develop\Views\AreaE\PartsDefinition\RegistParts.view start...
[2026-09-04 00:09:05] [DEBUG] Screen::getContents() start...
[2026-09-04 00:09:05] [DEBUG] Screen::getContents() (2.2) C:/xampp8/htdocs/jemini/wwProjectV1.57\Develop\Views\AreaE\PartsDefinition\RegistParts.view
[2026-09-04 00:09:05] [ERROR] ConsoleController::ServerBridge Fatal: htmlspecialchars(): Argument #1 ($string) must be of type string, array given
[2026-09-04 00:09:05] [DEBUG] --- wwProject System Start ---
[2026-09-04 00:09:05] [DEBUG] Router::Router() /jemini/wwProjectV1.57/Develop/Console/ServerBridgeAction/
[2026-09-04 00:09:05] [DEBUG] Attempting to load: \Develop\Controllers\ConsoleController::ServerBridgeAction
[2026-09-04 00:09:05] [DEBUG] Router: Executing \Develop\Controllers\ConsoleController->ServerBridgeAction
[2026-09-04 00:09:05] [DEBUG] ConsoleController::ServerBridge() start...
[2026-09-04 00:09:05] [DEBUG] ConsoleController::ServerBridge() \Develop\Controllers\PartsDefinitionController::editPartsAction()
[2026-09-04 00:09:05] [DEBUG] PartsDefinitionController::editPartsAction() start...
[2026-09-04 00:09:05] [DEBUG] PartsDefinitionModel::getAllPartsList() start... Project ID: PRJ-D45FEF
[2026-09-04 00:09:05] [DEBUG] PartsDefinitionModel::getTableStructure() start... Project ID: PRJ-D45FEF
[2026-09-04 00:09:05] [DEBUG] Screen::updateAreaE() [iframe起動版] path: \Develop\Views\AreaE\PartsDefinition\RegistParts.view start...
[2026-09-04 00:09:05] [DEBUG] Screen::getContents() start...
[2026-09-04 00:09:05] [DEBUG] Screen::getContents() (2.2) C:/xampp8/htdocs/jemini/wwProjectV1.57\Develop\Views\AreaE\PartsDefinition\RegistParts.view
[2026-09-04 00:09:05] [ERROR] ConsoleController::ServerBridge Fatal: htmlspecialchars(): Argument #1 ($string) must be of type string, array given
[2026-09-04 00:22:30] [DEBUG] --- wwProject System Start ---
[2026-09-04 00:22:30] [DEBUG] Router::Router() /jemini/wwProjectV1.57/Develop/Console/ServerBridgeAction/
[2026-09-04 00:22:30] [DEBUG] Attempting to load: \Develop\Controllers\ConsoleController::ServerBridgeAction
[2026-09-04 00:22:30] [DEBUG] Router: Executing \Develop\Controllers\ConsoleController->ServerBridgeAction
[2026-09-04 00:22:30] [DEBUG] ConsoleController::ServerBridge() start...
[2026-09-04 00:22:30] [DEBUG] ConsoleController::ServerBridge() \Develop\Controllers\PartsDefinitionController::newPartsAction()
[2026-09-04 00:22:30] [DEBUG] PartsDefinitionController::newPartsAction() start...
[2026-09-04 00:22:30] [DEBUG] PartsDefinitionModel::getTableStructure() start... Project ID: PRJ-D45FEF
[2026-09-04 00:22:30] [DEBUG] Screen::updateAreaE() [iframe起動版] path: \Develop\Views\AreaE\PartsDefinition\RegistParts.view start...
[2026-09-04 00:22:30] [DEBUG] Screen::getContents() start...
[2026-09-04 00:22:30] [DEBUG] Screen::getContents() (2.2) C:/xampp8/htdocs/jemini/wwProjectV1.57\Develop\Views\AreaE\PartsDefinition\RegistParts.view
[2026-09-04 00:22:30] [DEBUG] Screen::getContents() finish.
[2026-09-04 00:22:30] [DEBUG] Screen::updateAreaE() finish.
[2026-09-04 00:22:30] [DEBUG] PartsDefinitionController::newPartsAction() end.
[2026-09-04 00:22:30] [DEBUG] Screen::areaView() start...
[2026-09-04 00:22:30] [DEBUG] Screen::areaView() finish.
[2026-09-04 00:22:32] [DEBUG] --- wwProject System Start ---
[2026-09-04 00:22:32] [DEBUG] Router::Router() /jemini/wwProjectV1.57/Develop/Console/ServerBridgeAction/
[2026-09-04 00:22:32] [DEBUG] Attempting to load: \Develop\Controllers\ConsoleController::ServerBridgeAction
[2026-09-04 00:22:32] [DEBUG] Router: Executing \Develop\Controllers\ConsoleController->ServerBridgeAction
[2026-09-04 00:22:32] [DEBUG] ConsoleController::ServerBridge() start...
[2026-09-04 00:22:32] [DEBUG] ConsoleController::ServerBridge() \Develop\Controllers\PartsDefinitionController::newPartsAction()
[2026-09-04 00:22:32] [DEBUG] PartsDefinitionController::newPartsAction() start...
[2026-09-04 00:22:32] [DEBUG] PartsDefinitionModel::getTableStructure() start... Project ID: PRJ-D45FEF
[2026-09-04 00:22:32] [DEBUG] Screen::updateAreaE() [iframe起動版] path: \Develop\Views\AreaE\PartsDefinition\RegistParts.view start...
[2026-09-04 00:22:32] [DEBUG] Screen::getContents() start...
[2026-09-04 00:22:32] [DEBUG] Screen::getContents() (2.2) C:/xampp8/htdocs/jemini/wwProjectV1.57\Develop\Views\AreaE\PartsDefinition\RegistParts.view
[2026-09-04 00:22:32] [DEBUG] Screen::getContents() finish.
[2026-09-04 00:22:32] [DEBUG] Screen::updateAreaE() finish.
[2026-09-04 00:22:32] [DEBUG] PartsDefinitionController::newPartsAction() end.
[2026-09-04 00:22:32] [DEBUG] Screen::areaView() start...
[2026-09-04 00:22:32] [DEBUG] Screen::areaView() finish.
[2026-09-04 00:44:01] [DEBUG] --- wwProject System Start ---
[2026-09-04 00:44:01] [DEBUG] Router::Router() /jemini/wwProjectV1.57/Develop/Console/ServerBridgeAction/
[2026-09-04 00:44:01] [DEBUG] Attempting to load: \Develop\Controllers\ConsoleController::ServerBridgeAction
[2026-09-04 00:44:01] [DEBUG] Router: Executing \Develop\Controllers\ConsoleController->ServerBridgeAction
[2026-09-04 00:44:01] [DEBUG] ConsoleController::ServerBridge() start...
[2026-09-04 00:44:01] [DEBUG] ConsoleController::ServerBridge() \Develop\Controllers\PartsDefinitionController::changeTypeAction()
[2026-09-04 00:44:01] [DEBUG] PartsDefinitionController::changeTypeAction() start...
[2026-09-04 00:44:01] [DEBUG] PartsDefinitionModel::getTableStructure() start... Project ID: PRJ-D45FEF
[2026-09-04 00:44:01] [DEBUG] Screen::updateAreaE() [iframe起動版] path: \Develop\Views\AreaE\PartsDefinition\RegistParts.view start...
[2026-09-04 00:44:01] [DEBUG] Screen::getContents() start...
[2026-09-04 00:44:01] [DEBUG] Screen::getContents() (2.2) C:/xampp8/htdocs/jemini/wwProjectV1.57\Develop\Views\AreaE\PartsDefinition\RegistParts.view
[2026-09-04 00:44:01] [DEBUG] Screen::getContents() finish.
[2026-09-04 00:44:01] [DEBUG] Screen::updateAreaE() finish.
[2026-09-04 00:44:01] [DEBUG] PartsDefinitionController::changeTypeAction() end.
[2026-09-04 00:44:01] [DEBUG] Screen::areaView() start...
[2026-09-04 00:44:01] [DEBUG] Screen::areaView() finish.
[2026-09-04 00:44:09] [DEBUG] --- wwProject System Start ---
[2026-09-04 00:44:09] [DEBUG] Router::Router() /jemini/wwProjectV1.57/Develop/Console/ServerBridgeAction/
[2026-09-04 00:44:09] [DEBUG] Attempting to load: \Develop\Controllers\ConsoleController::ServerBridgeAction
[2026-09-04 00:44:09] [DEBUG] Router: Executing \Develop\Controllers\ConsoleController->ServerBridgeAction
[2026-09-04 00:44:09] [DEBUG] ConsoleController::ServerBridge() start...
[2026-09-04 00:44:09] [DEBUG] ConsoleController::ServerBridge() \Develop\Controllers\PartsDefinitionController::editPartsAction()
[2026-09-04 00:44:09] [DEBUG] PartsDefinitionController::editPartsAction() start...
[2026-09-04 00:44:09] [DEBUG] PartsDefinitionModel::getAllPartsList() start... Project ID: PRJ-D45FEF
[2026-09-04 00:44:09] [DEBUG] PartsDefinitionModel::getColumnsByTableId() start... Input: newDevelopers
[2026-09-04 00:44:09] [DEBUG] 逆引き成功: 物理名 newDevelopers -> table_id : 12
[2026-09-04 00:44:09] [DEBUG] PartsDefinitionModel::getColumnsByTableId() finish. 件数: 9
[2026-09-04 00:44:09] [DEBUG] PartsDefinitionModel::getTableStructure() start... Project ID: PRJ-D45FEF
[2026-09-04 00:44:09] [DEBUG] Screen::updateAreaE() [iframe起動版] path: \Develop\Views\AreaE\PartsDefinition\RegistParts.view start...
[2026-09-04 00:44:09] [DEBUG] Screen::getContents() start...
[2026-09-04 00:44:09] [DEBUG] Screen::getContents() (2.2) C:/xampp8/htdocs/jemini/wwProjectV1.57\Develop\Views\AreaE\PartsDefinition\RegistParts.view
[2026-09-04 00:44:09] [ERROR] ConsoleController::ServerBridge Fatal: htmlspecialchars(): Argument #1 ($string) must be of type string, array given
[2026-09-04 00:44:10] [DEBUG] --- wwProject System Start ---
[2026-09-04 00:44:10] [DEBUG] Router::Router() /jemini/wwProjectV1.57/Develop/Console/ServerBridgeAction/
[2026-09-04 00:44:10] [DEBUG] Attempting to load: \Develop\Controllers\ConsoleController::ServerBridgeAction
[2026-09-04 00:44:10] [DEBUG] Router: Executing \Develop\Controllers\ConsoleController->ServerBridgeAction
[2026-09-04 00:44:10] [DEBUG] ConsoleController::ServerBridge() start...
[2026-09-04 00:44:10] [DEBUG] ConsoleController::ServerBridge() \Develop\Controllers\PartsDefinitionController::editPartsAction()
[2026-09-04 00:44:10] [DEBUG] PartsDefinitionController::editPartsAction() start...
[2026-09-04 00:44:10] [DEBUG] PartsDefinitionModel::getAllPartsList() start... Project ID: PRJ-D45FEF
[2026-09-04 00:44:10] [DEBUG] PartsDefinitionModel::getColumnsByTableId() start... Input: newDevelopers
[2026-09-04 00:44:10] [DEBUG] 逆引き成功: 物理名 newDevelopers -> table_id : 12
[2026-09-04 00:44:10] [DEBUG] PartsDefinitionModel::getColumnsByTableId() finish. 件数: 9
[2026-09-04 00:44:10] [DEBUG] PartsDefinitionModel::getTableStructure() start... Project ID: PRJ-D45FEF
[2026-09-04 00:44:10] [DEBUG] Screen::updateAreaE() [iframe起動版] path: \Develop\Views\AreaE\PartsDefinition\RegistParts.view start...
[2026-09-04 00:44:10] [DEBUG] Screen::getContents() start...
[2026-09-04 00:44:10] [DEBUG] Screen::getContents() (2.2) C:/xampp8/htdocs/jemini/wwProjectV1.57\Develop\Views\AreaE\PartsDefinition\RegistParts.view
[2026-09-04 00:44:10] [ERROR] ConsoleController::ServerBridge Fatal: htmlspecialchars(): Argument #1 ($string) must be of type string, array given
[2026-09-04 00:44:20] [DEBUG] --- wwProject System Start ---
[2026-09-04 00:44:20] [DEBUG] Router::Router() /jemini/wwProjectV1.57/Develop/Console/ServerBridgeAction/
[2026-09-04 00:44:20] [DEBUG] Attempting to load: \Develop\Controllers\ConsoleController::ServerBridgeAction
[2026-09-04 00:44:20] [DEBUG] Router: Executing \Develop\Controllers\ConsoleController->ServerBridgeAction
[2026-09-04 00:44:20] [DEBUG] ConsoleController::ServerBridge() start...
[2026-09-04 00:44:20] [DEBUG] ConsoleController::ServerBridge() \Develop\Controllers\PartsDefinitionController::editPartsAction()
[2026-09-04 00:44:20] [DEBUG] PartsDefinitionController::editPartsAction() start...
[2026-09-04 00:44:20] [DEBUG] PartsDefinitionModel::getAllPartsList() start... Project ID: PRJ-D45FEF
[2026-09-04 00:44:20] [DEBUG] PartsDefinitionModel::getColumnsByTableId() start... Input: newDevelopers
[2026-09-04 00:44:20] [DEBUG] 逆引き成功: 物理名 newDevelopers -> table_id : 12
[2026-09-04 00:44:20] [DEBUG] PartsDefinitionModel::getColumnsByTableId() finish. 件数: 9
[2026-09-04 00:44:20] [DEBUG] PartsDefinitionModel::getTableStructure() start... Project ID: PRJ-D45FEF
[2026-09-04 00:44:20] [DEBUG] Screen::updateAreaE() [iframe起動版] path: \Develop\Views\AreaE\PartsDefinition\RegistParts.view start...
[2026-09-04 00:44:20] [DEBUG] Screen::getContents() start...
[2026-09-04 00:44:20] [DEBUG] Screen::getContents() (2.2) C:/xampp8/htdocs/jemini/wwProjectV1.57\Develop\Views\AreaE\PartsDefinition\RegistParts.view
[2026-09-04 00:44:20] [ERROR] ConsoleController::ServerBridge Fatal: htmlspecialchars(): Argument #1 ($string) must be of type string, array given
[2026-09-04 00:44:21] [DEBUG] --- wwProject System Start ---
[2026-09-04 00:44:21] [DEBUG] Router::Router() /jemini/wwProjectV1.57/Develop/Console/ServerBridgeAction/
[2026-09-04 00:44:21] [DEBUG] Attempting to load: \Develop\Controllers\ConsoleController::ServerBridgeAction
[2026-09-04 00:44:21] [DEBUG] Router: Executing \Develop\Controllers\ConsoleController->ServerBridgeAction
[2026-09-04 00:44:21] [DEBUG] ConsoleController::ServerBridge() start...
[2026-09-04 00:44:21] [DEBUG] ConsoleController::ServerBridge() \Develop\Controllers\PartsDefinitionController::editPartsAction()
[2026-09-04 00:44:21] [DEBUG] PartsDefinitionController::editPartsAction() start...
[2026-09-04 00:44:21] [DEBUG] PartsDefinitionModel::getAllPartsList() start... Project ID: PRJ-D45FEF
[2026-09-04 00:44:21] [DEBUG] PartsDefinitionModel::getColumnsByTableId() start... Input: newDevelopers
[2026-09-04 00:44:21] [DEBUG] 逆引き成功: 物理名 newDevelopers -> table_id : 12
[2026-09-04 00:44:21] [DEBUG] PartsDefinitionModel::getColumnsByTableId() finish. 件数: 9
[2026-09-04 00:44:21] [DEBUG] PartsDefinitionModel::getTableStructure() start... Project ID: PRJ-D45FEF
[2026-09-04 00:44:21] [DEBUG] Screen::updateAreaE() [iframe起動版] path: \Develop\Views\AreaE\PartsDefinition\RegistParts.view start...
[2026-09-04 00:44:21] [DEBUG] Screen::getContents() start...
[2026-09-04 00:44:21] [DEBUG] Screen::getContents() (2.2) C:/xampp8/htdocs/jemini/wwProjectV1.57\Develop\Views\AreaE\PartsDefinition\RegistParts.view
[2026-09-04 00:44:21] [ERROR] ConsoleController::ServerBridge Fatal: htmlspecialchars(): Argument #1 ($string) must be of type string, array given
[2026-09-04 00:44:24] [DEBUG] --- wwProject System Start ---
[2026-09-04 00:44:24] [DEBUG] Router::Router() /jemini/wwProjectV1.57/Develop/Console/ServerBridgeAction/
[2026-09-04 00:44:24] [DEBUG] Attempting to load: \Develop\Controllers\ConsoleController::ServerBridgeAction
[2026-09-04 00:44:24] [DEBUG] Router: Executing \Develop\Controllers\ConsoleController->ServerBridgeAction
[2026-09-04 00:44:24] [DEBUG] ConsoleController::ServerBridge() start...
[2026-09-04 00:44:24] [DEBUG] ConsoleController::ServerBridge() \Develop\Controllers\PartsDefinitionController::InitialAction()
[2026-09-04 00:44:24] [DEBUG] DBDefinitionController::initialAction() start...
[2026-09-04 00:44:24] [DEBUG] PartsDefinitionController::initialAction() projectId : PRJ-D45FEF
[2026-09-04 00:44:24] [DEBUG] PartsDefinitionModel::getAllPartsList() start... Project ID: PRJ-D45FEF
[2026-09-04 00:44:24] [DEBUG] Screen::updateAreaD() path: \Develop\Views\AreaD\PartsDefinition\PartsDefinitionList.view start...
[2026-09-04 00:44:24] [DEBUG] Screen::getContents() start...
[2026-09-04 00:44:24] [DEBUG] Screen::getContents() (2.2) C:/xampp8/htdocs/jemini/wwProjectV1.57\Develop\Views\AreaD\PartsDefinition\PartsDefinitionList.view
[2026-09-04 00:44:24] [DEBUG] Screen::getContents() finish.
[2026-09-04 00:44:24] [DEBUG] Screen::updateAreaD() finish.
[2026-09-04 00:44:24] [DEBUG] Screen::updateAreaE() [iframe起動版] path: \Develop\Views\AreaE\Area_E_clear.view start...
[2026-09-04 00:44:24] [DEBUG] Screen::getContents() start...
[2026-09-04 00:44:24] [DEBUG] Screen::getContents() (2.2) C:/xampp8/htdocs/jemini/wwProjectV1.57\Develop\Views\AreaE\Area_E_clear.view
[2026-09-04 00:44:24] [DEBUG] Screen::getContents() finish.
[2026-09-04 00:44:24] [DEBUG] Screen::updateAreaE() finish.
[2026-09-04 00:44:24] [DEBUG] DBDefinitionController::initialAction() end.
[2026-09-04 00:44:24] [DEBUG] Screen::areaView() start...
[2026-09-04 00:44:24] [DEBUG] Screen::areaView() finish.
[2026-09-04 00:44:26] [DEBUG] --- wwProject System Start ---
[2026-09-04 00:44:26] [DEBUG] Router::Router() /jemini/wwProjectV1.57/Develop/Console/ServerBridgeAction/
[2026-09-04 00:44:26] [DEBUG] Attempting to load: \Develop\Controllers\ConsoleController::ServerBridgeAction
[2026-09-04 00:44:26] [DEBUG] Router: Executing \Develop\Controllers\ConsoleController->ServerBridgeAction
[2026-09-04 00:44:26] [DEBUG] ConsoleController::ServerBridge() start...
[2026-09-04 00:44:26] [DEBUG] ConsoleController::ServerBridge() \Develop\Controllers\PartsDefinitionController::editPartsAction()
[2026-09-04 00:44:26] [DEBUG] PartsDefinitionController::editPartsAction() start...
[2026-09-04 00:44:26] [DEBUG] PartsDefinitionModel::getAllPartsList() start... Project ID: PRJ-D45FEF
[2026-09-04 00:44:26] [DEBUG] PartsDefinitionModel::getColumnsByTableId() start... Input: newDevelopers
[2026-09-04 00:44:26] [DEBUG] 逆引き成功: 物理名 newDevelopers -> table_id : 12
[2026-09-04 00:44:26] [DEBUG] PartsDefinitionModel::getColumnsByTableId() finish. 件数: 9
[2026-09-04 00:44:26] [DEBUG] PartsDefinitionModel::getTableStructure() start... Project ID: PRJ-D45FEF
[2026-09-04 00:44:26] [DEBUG] Screen::updateAreaE() [iframe起動版] path: \Develop\Views\AreaE\PartsDefinition\RegistParts.view start...
[2026-09-04 00:44:26] [DEBUG] Screen::getContents() start...
[2026-09-04 00:44:26] [DEBUG] Screen::getContents() (2.2) C:/xampp8/htdocs/jemini/wwProjectV1.57\Develop\Views\AreaE\PartsDefinition\RegistParts.view
[2026-09-04 00:44:26] [ERROR] ConsoleController::ServerBridge Fatal: htmlspecialchars(): Argument #1 ($string) must be of type string, array given
[2026-09-04 00:44:28] [DEBUG] --- wwProject System Start ---
[2026-09-04 00:44:28] [DEBUG] Router::Router() /jemini/wwProjectV1.57/Develop/Console/ServerBridgeAction/
[2026-09-04 00:44:28] [DEBUG] Attempting to load: \Develop\Controllers\ConsoleController::ServerBridgeAction
[2026-09-04 00:44:28] [DEBUG] Router: Executing \Develop\Controllers\ConsoleController->ServerBridgeAction
[2026-09-04 00:44:28] [DEBUG] ConsoleController::ServerBridge() start...
[2026-09-04 00:44:28] [DEBUG] ConsoleController::ServerBridge() \Develop\Controllers\PartsDefinitionController::editPartsAction()
[2026-09-04 00:44:28] [DEBUG] PartsDefinitionController::editPartsAction() start...
[2026-09-04 00:44:28] [DEBUG] PartsDefinitionModel::getAllPartsList() start... Project ID: PRJ-D45FEF
[2026-09-04 00:44:28] [DEBUG] PartsDefinitionModel::getColumnsByTableId() start... Input: newDevelopers
[2026-09-04 00:44:28] [DEBUG] 逆引き成功: 物理名 newDevelopers -> table_id : 12
[2026-09-04 00:44:28] [DEBUG] PartsDefinitionModel::getColumnsByTableId() finish. 件数: 9
[2026-09-04 00:44:28] [DEBUG] PartsDefinitionModel::getTableStructure() start... Project ID: PRJ-D45FEF
[2026-09-04 00:44:28] [DEBUG] Screen::updateAreaE() [iframe起動版] path: \Develop\Views\AreaE\PartsDefinition\RegistParts.view start...
[2026-09-04 00:44:28] [DEBUG] Screen::getContents() start...
[2026-09-04 00:44:28] [DEBUG] Screen::getContents() (2.2) C:/xampp8/htdocs/jemini/wwProjectV1.57\Develop\Views\AreaE\PartsDefinition\RegistParts.view
[2026-09-04 00:44:28] [ERROR] ConsoleController::ServerBridge Fatal: htmlspecialchars(): Argument #1 ($string) must be of type string, array given
[2026-09-04 00:47:32] [DEBUG] --- wwProject System Start ---
[2026-09-04 00:47:32] [DEBUG] Router::Router() /jemini/wwProjectV1.57/Develop/Console/initial/
[2026-09-04 00:47:32] [DEBUG] Attempting to load: \Develop\Controllers\ConsoleController::initialAction
[2026-09-04 00:47:32] [DEBUG] Router: Executing \Develop\Controllers\ConsoleController->initialAction
[2026-09-04 00:47:32] [DEBUG] Console::initialAction() start...
[2026-09-04 00:47:32] [DEBUG] Screen::view() path: \Develop\Views\Console\Console.view start...
[2026-09-04 00:47:32] [DEBUG] Screen::getContents() start...
[2026-09-04 00:47:32] [DEBUG] Screen::getContents() (2.2) C:/xampp8/htdocs/jemini/wwProjectV1.57\Develop\Views\Console\Console.view
[2026-09-04 00:47:32] [DEBUG] Screen::getContents() finish.
[2026-09-04 00:47:32] [DEBUG] Screen::view() path: \Develop\Views\Console\Console.view finish.
[2026-09-04 00:47:32] [DEBUG] ConsoleController::initialAction() finish.
[2026-09-04 00:47:33] [DEBUG] --- wwProject System Start ---
[2026-09-04 00:47:33] [DEBUG] Router::Router() /jemini/wwProjectV1.57/Develop/Console/ServerBridgeAction/
[2026-09-04 00:47:33] [DEBUG] Attempting to load: \Develop\Controllers\ConsoleController::ServerBridgeAction
[2026-09-04 00:47:33] [DEBUG] Router: Executing \Develop\Controllers\ConsoleController->ServerBridgeAction
[2026-09-04 00:47:33] [DEBUG] ConsoleController::ServerBridge() start...
[2026-09-04 00:47:33] [DEBUG] ConsoleController::ServerBridge() \Develop\Controllers\ConsoleController::areaInitialAction()
[2026-09-04 00:47:33] [DEBUG] ConsoleController::AreaInitialAction() start...
[2026-09-04 00:47:33] [DEBUG] Screen::updateAreaA() path: \Develop\Views\AreaA\Area_A.view start...
[2026-09-04 00:47:33] [DEBUG] Screen::areaView() sending JSON: ["areas"]
[2026-09-04 00:47:33] [DEBUG] Screen::getContents() start...
[2026-09-04 00:47:33] [DEBUG] Screen::getContents() (2.2) C:/xampp8/htdocs/jemini/wwProjectV1.57\Develop\Views\AreaA\Area_A.view
[2026-09-04 00:47:33] [DEBUG] Screen::getContents() finish.
[2026-09-04 00:47:33] [DEBUG] Screen::updateAreaA() finish.
[2026-09-04 00:47:33] [DEBUG] Screen::updateAreaB() path: \Develop\Views\AreaB\Area_B.view start...
[2026-09-04 00:47:33] [DEBUG] Screen::getContents() start...
[2026-09-04 00:47:33] [DEBUG] Screen::getContents() (2.2) C:/xampp8/htdocs/jemini/wwProjectV1.57\Develop\Views\AreaB\Area_B.view
[2026-09-04 00:47:33] [DEBUG] Screen::getContents() finish.
[2026-09-04 00:47:33] [DEBUG] Screen::updateAreaB() finish.
[2026-09-04 00:47:33] [DEBUG] Screen::updateAreaD() path: \Develop\Views\AreaD\Area_D_clear.view start...
[2026-09-04 00:47:33] [DEBUG] Screen::getContents() start...
[2026-09-04 00:47:33] [DEBUG] Screen::getContents() (2.2) C:/xampp8/htdocs/jemini/wwProjectV1.57\Develop\Views\AreaD\Area_D_clear.view
[2026-09-04 00:47:33] [DEBUG] Screen::getContents() finish.
[2026-09-04 00:47:33] [DEBUG] Screen::updateAreaD() finish.
[2026-09-04 00:47:33] [DEBUG] Screen::updateAreaE() [iframe起動版] path: \Develop\Views\AreaE\Area_E_clear.view start...
[2026-09-04 00:47:33] [DEBUG] Screen::getContents() start...
[2026-09-04 00:47:33] [DEBUG] Screen::getContents() (2.2) C:/xampp8/htdocs/jemini/wwProjectV1.57\Develop\Views\AreaE\Area_E_clear.view
[2026-09-04 00:47:33] [DEBUG] Screen::getContents() finish.
[2026-09-04 00:47:33] [DEBUG] Screen::updateAreaE() finish.
[2026-09-04 00:47:33] [DEBUG] Screen::updateAreaF() path: \Develop\Views\AreaF\Area_F.view start...
[2026-09-04 00:47:33] [DEBUG] Screen::getContents() start...
[2026-09-04 00:47:33] [DEBUG] Screen::getContents() (2.2) C:/xampp8/htdocs/jemini/wwProjectV1.57\Develop\Views\AreaF\Area_F.view
[2026-09-04 00:47:33] [DEBUG] Screen::getContents() finish.
[2026-09-04 00:47:33] [DEBUG] Screen::updateAreaF() finish.
[2026-09-04 00:47:33] [DEBUG] ProjectController::startProjectNabi() start...
[2026-09-04 00:47:33] [DEBUG] ProjectController::getProjectListHtml() start...
[2026-09-04 00:47:33] [DEBUG] ProjectModel::getProjectList() start...
[2026-09-04 00:47:33] [DEBUG] ProjectModel::getProjectList() finish.
[2026-09-04 00:47:33] [DEBUG] CodeMasterModel：：getCodesByGroup() start...
[2026-09-04 00:47:33] [DEBUG] CodeMasterModel：：getCodesByGroup() finish.
[2026-09-04 00:47:33] [DEBUG] ProjectController::getNaviFooterHtml() start...
[2026-09-04 00:47:33] [DEBUG] ProjectController::getNaviFooterHtml() finish.
[2026-09-04 00:47:33] [DEBUG] ProjectController::startProjectNabi() finish.
[2026-09-04 00:47:33] [DEBUG] Screen::updateAreaC() \Develop\Views\AreaC\Area_C.view start...
[2026-09-04 00:47:33] [DEBUG] Screen::getContents() start...
[2026-09-04 00:47:33] [DEBUG] Screen::getContents() (2.2) C:/xampp8/htdocs/jemini/wwProjectV1.57\Develop\Views\AreaC\Area_C.view
[2026-09-04 00:47:33] [DEBUG] Screen::getContents() finish.
[2026-09-04 00:47:33] [DEBUG] Screen::updateAreaC() finish.
[2026-09-04 00:47:33] [DEBUG] ConsoleController::AreaInitialAction() finish.
[2026-09-04 00:47:33] [DEBUG] Screen::areaView() start...
[2026-09-04 00:47:33] [DEBUG] Screen::areaView() finish.
[2026-09-04 00:47:35] [DEBUG] --- wwProject System Start ---
[2026-09-04 00:47:35] [DEBUG] Router::Router() /jemini/wwProjectV1.57/Develop/Console/ServerBridgeAction/
[2026-09-04 00:47:35] [DEBUG] Attempting to load: \Develop\Controllers\ConsoleController::ServerBridgeAction
[2026-09-04 00:47:35] [DEBUG] Router: Executing \Develop\Controllers\ConsoleController->ServerBridgeAction
[2026-09-04 00:47:35] [DEBUG] ConsoleController::ServerBridge() start...
[2026-09-04 00:47:35] [DEBUG] ConsoleController::ServerBridge() \Develop\Controllers\PartsDefinitionController::InitialAction()
[2026-09-04 00:47:35] [DEBUG] DBDefinitionController::initialAction() start...
[2026-09-04 00:47:35] [DEBUG] PartsDefinitionController::initialAction() projectId : PRJ-D45FEF
[2026-09-04 00:47:35] [DEBUG] PartsDefinitionModel::getAllPartsList() start... Project ID: PRJ-D45FEF
[2026-09-04 00:47:35] [DEBUG] Screen::updateAreaD() path: \Develop\Views\AreaD\PartsDefinition\PartsDefinitionList.view start...
[2026-09-04 00:47:35] [DEBUG] Screen::getContents() start...
[2026-09-04 00:47:35] [DEBUG] Screen::getContents() (2.2) C:/xampp8/htdocs/jemini/wwProjectV1.57\Develop\Views\AreaD\PartsDefinition\PartsDefinitionList.view
[2026-09-04 00:47:35] [DEBUG] Screen::getContents() finish.
[2026-09-04 00:47:35] [DEBUG] Screen::updateAreaD() finish.
[2026-09-04 00:47:35] [DEBUG] Screen::updateAreaE() [iframe起動版] path: \Develop\Views\AreaE\Area_E_clear.view start...
[2026-09-04 00:47:35] [DEBUG] Screen::getContents() start...
[2026-09-04 00:47:35] [DEBUG] Screen::getContents() (2.2) C:/xampp8/htdocs/jemini/wwProjectV1.57\Develop\Views\AreaE\Area_E_clear.view
[2026-09-04 00:47:35] [DEBUG] Screen::getContents() finish.
[2026-09-04 00:47:35] [DEBUG] Screen::updateAreaE() finish.
[2026-09-04 00:47:35] [DEBUG] DBDefinitionController::initialAction() end.
[2026-09-04 00:47:35] [DEBUG] Screen::areaView() start...
[2026-09-04 00:47:35] [DEBUG] Screen::areaView() finish.
[2026-09-04 00:47:36] [DEBUG] --- wwProject System Start ---
[2026-09-04 00:47:36] [DEBUG] Router::Router() /jemini/wwProjectV1.57/Develop/Console/ServerBridgeAction/
[2026-09-04 00:47:36] [DEBUG] Attempting to load: \Develop\Controllers\ConsoleController::ServerBridgeAction
[2026-09-04 00:47:36] [DEBUG] Router: Executing \Develop\Controllers\ConsoleController->ServerBridgeAction
[2026-09-04 00:47:36] [DEBUG] ConsoleController::ServerBridge() start...
[2026-09-04 00:47:36] [DEBUG] ConsoleController::ServerBridge() \Develop\Controllers\PartsDefinitionController::editPartsAction()
[2026-09-04 00:47:36] [DEBUG] PartsDefinitionController::editPartsAction() start...
[2026-09-04 00:47:36] [DEBUG] PartsDefinitionModel::getAllPartsList() start... Project ID: PRJ-D45FEF
[2026-09-04 00:47:36] [DEBUG] PartsDefinitionModel::getColumnsByTableId() start... Input: newDevelopers
[2026-09-04 00:47:36] [DEBUG] 逆引き成功: 物理名 newDevelopers -> table_id : 12
[2026-09-04 00:47:36] [DEBUG] PartsDefinitionModel::getColumnsByTableId() finish. 件数: 9
[2026-09-04 00:47:36] [DEBUG] PartsDefinitionModel::getTableStructure() start... Project ID: PRJ-D45FEF
[2026-09-04 00:47:36] [DEBUG] Screen::updateAreaE() [iframe起動版] path: \Develop\Views\AreaE\PartsDefinition\RegistParts.view start...
[2026-09-04 00:47:36] [DEBUG] Screen::getContents() start...
[2026-09-04 00:47:36] [DEBUG] Screen::getContents() (2.2) C:/xampp8/htdocs/jemini/wwProjectV1.57\Develop\Views\AreaE\PartsDefinition\RegistParts.view
[2026-09-04 00:47:36] [ERROR] ConsoleController::ServerBridge Fatal: htmlspecialchars(): Argument #1 ($string) must be of type string, array given
[2026-09-04 00:47:37] [DEBUG] --- wwProject System Start ---
[2026-09-04 00:47:37] [DEBUG] Router::Router() /jemini/wwProjectV1.57/Develop/Console/ServerBridgeAction/
[2026-09-04 00:47:37] [DEBUG] Attempting to load: \Develop\Controllers\ConsoleController::ServerBridgeAction
[2026-09-04 00:47:37] [DEBUG] Router: Executing \Develop\Controllers\ConsoleController->ServerBridgeAction
[2026-09-04 00:47:37] [DEBUG] ConsoleController::ServerBridge() start...
[2026-09-04 00:47:37] [DEBUG] ConsoleController::ServerBridge() \Develop\Controllers\PartsDefinitionController::editPartsAction()
[2026-09-04 00:47:37] [DEBUG] PartsDefinitionController::editPartsAction() start...
[2026-09-04 00:47:37] [DEBUG] PartsDefinitionModel::getAllPartsList() start... Project ID: PRJ-D45FEF
[2026-09-04 00:47:37] [DEBUG] PartsDefinitionModel::getColumnsByTableId() start... Input: newDevelopers
[2026-09-04 00:47:37] [DEBUG] 逆引き成功: 物理名 newDevelopers -> table_id : 12
[2026-09-04 00:47:37] [DEBUG] PartsDefinitionModel::getColumnsByTableId() finish. 件数: 9
[2026-09-04 00:47:37] [DEBUG] PartsDefinitionModel::getTableStructure() start... Project ID: PRJ-D45FEF
[2026-09-04 00:47:37] [DEBUG] Screen::updateAreaE() [iframe起動版] path: \Develop\Views\AreaE\PartsDefinition\RegistParts.view start...
[2026-09-04 00:47:37] [DEBUG] Screen::getContents() start...
[2026-09-04 00:47:37] [DEBUG] Screen::getContents() (2.2) C:/xampp8/htdocs/jemini/wwProjectV1.57\Develop\Views\AreaE\PartsDefinition\RegistParts.view
[2026-09-04 00:47:37] [ERROR] ConsoleController::ServerBridge Fatal: htmlspecialchars(): Argument #1 ($string) must be of type string, array given
[2026-09-04 00:51:37] [DEBUG] --- wwProject System Start ---
[2026-09-04 00:51:37] [DEBUG] Router::Router() /jemini/wwProjectV1.57/Develop/Console/ServerBridgeAction/
[2026-09-04 00:51:37] [DEBUG] Attempting to load: \Develop\Controllers\ConsoleController::ServerBridgeAction
[2026-09-04 00:51:37] [DEBUG] Router: Executing \Develop\Controllers\ConsoleController->ServerBridgeAction
[2026-09-04 00:51:37] [DEBUG] ConsoleController::ServerBridge() start...
[2026-09-04 00:51:37] [DEBUG] ConsoleController::ServerBridge() \Develop\Controllers\PartsDefinitionController::newPartsAction()
[2026-09-04 00:51:37] [DEBUG] PartsDefinitionController::newPartsAction() start...
[2026-09-04 00:51:37] [DEBUG] PartsDefinitionModel::getTableStructure() start... Project ID: PRJ-D45FEF
[2026-09-04 00:51:37] [DEBUG] Screen::updateAreaE() [iframe起動版] path: \Develop\Views\AreaE\PartsDefinition\RegistParts.view start...
[2026-09-04 00:51:37] [DEBUG] Screen::getContents() start...
[2026-09-04 00:51:37] [DEBUG] Screen::getContents() (2.2) C:/xampp8/htdocs/jemini/wwProjectV1.57\Develop\Views\AreaE\PartsDefinition\RegistParts.view
[2026-09-04 00:51:37] [DEBUG] Screen::getContents() finish.
[2026-09-04 00:51:37] [DEBUG] Screen::updateAreaE() finish.
[2026-09-04 00:51:37] [DEBUG] PartsDefinitionController::newPartsAction() end.
[2026-09-04 00:51:37] [DEBUG] Screen::areaView() start...
[2026-09-04 00:51:37] [DEBUG] Screen::areaView() finish.
[2026-09-04 00:51:39] [DEBUG] --- wwProject System Start ---
[2026-09-04 00:51:39] [DEBUG] Router::Router() /jemini/wwProjectV1.57/Develop/Console/ServerBridgeAction/
[2026-09-04 00:51:39] [DEBUG] Attempting to load: \Develop\Controllers\ConsoleController::ServerBridgeAction
[2026-09-04 00:51:39] [DEBUG] Router: Executing \Develop\Controllers\ConsoleController->ServerBridgeAction
[2026-09-04 00:51:39] [DEBUG] ConsoleController::ServerBridge() start...
[2026-09-04 00:51:39] [DEBUG] ConsoleController::ServerBridge() \Develop\Controllers\PartsDefinitionController::changeTypeAction()
[2026-09-04 00:51:39] [DEBUG] PartsDefinitionController::changeTypeAction() start...
[2026-09-04 00:51:39] [DEBUG] PartsDefinitionModel::getTableStructure() start... Project ID: PRJ-D45FEF
[2026-09-04 00:51:39] [DEBUG] Screen::updateAreaE() [iframe起動版] path: \Develop\Views\AreaE\PartsDefinition\RegistParts.view start...
[2026-09-04 00:51:39] [DEBUG] Screen::getContents() start...
[2026-09-04 00:51:39] [DEBUG] Screen::getContents() (2.2) C:/xampp8/htdocs/jemini/wwProjectV1.57\Develop\Views\AreaE\PartsDefinition\RegistParts.view
[2026-09-04 00:51:40] [DEBUG] Screen::getContents() finish.
[2026-09-04 00:51:40] [DEBUG] Screen::updateAreaE() finish.
[2026-09-04 00:51:40] [DEBUG] PartsDefinitionController::changeTypeAction() end.
[2026-09-04 00:51:40] [DEBUG] Screen::areaView() start...
[2026-09-04 00:51:40] [DEBUG] Screen::areaView() finish.
[2026-09-04 00:51:58] [DEBUG] --- wwProject System Start ---
[2026-09-04 00:51:58] [DEBUG] Router::Router() /jemini/wwProjectV1.57/Develop/Console/ServerBridgeAction/
[2026-09-04 00:51:58] [DEBUG] Attempting to load: \Develop\Controllers\ConsoleController::ServerBridgeAction
[2026-09-04 00:51:58] [DEBUG] Router: Executing \Develop\Controllers\ConsoleController->ServerBridgeAction
[2026-09-04 00:51:58] [DEBUG] ConsoleController::ServerBridge() start...
[2026-09-04 00:51:58] [DEBUG] ConsoleController::ServerBridge() \Develop\Controllers\PartsDefinitionController::getColumnsAction()
[2026-09-04 00:51:58] [DEBUG] PartsDefinitionController::getColumnsAction() start...
[2026-09-04 00:51:58] [DEBUG] PartsDefinitionModel::getColumnsByTableId() start... Input: developers
[2026-09-04 00:51:58] [DEBUG] 逆引き成功: 物理名 developers -> table_id : 14
[2026-09-04 00:51:58] [DEBUG] PartsDefinitionModel::getColumnsByTableId() finish. 件数: 9
[2026-09-04 00:51:58] [DEBUG] PartsDefinitionModel::getTableStructure() start... Project ID: PRJ-D45FEF
[2026-09-04 00:51:58] [DEBUG] Screen::updateAreaE() [iframe起動版] path: \Develop\Views\AreaE\PartsDefinition\RegistParts.view start...
[2026-09-04 00:51:58] [DEBUG] Screen::getContents() start...
[2026-09-04 00:51:58] [DEBUG] Screen::getContents() (2.2) C:/xampp8/htdocs/jemini/wwProjectV1.57\Develop\Views\AreaE\PartsDefinition\RegistParts.view
[2026-09-04 00:51:58] [DEBUG] Screen::getContents() finish.
[2026-09-04 00:51:58] [DEBUG] Screen::updateAreaE() finish.
[2026-09-04 00:51:58] [DEBUG] PartsDefinitionController::getColumnsAction() end.
[2026-09-04 00:51:58] [DEBUG] Screen::areaView() start...
[2026-09-04 00:51:58] [DEBUG] Screen::areaView() finish.
[2026-09-04 00:52:59] [DEBUG] --- wwProject System Start ---
[2026-09-04 00:52:59] [DEBUG] Router::Router() /jemini/wwProjectV1.57/Develop/Console/ServerBridgeAction/
[2026-09-04 00:52:59] [DEBUG] Attempting to load: \Develop\Controllers\ConsoleController::ServerBridgeAction
[2026-09-04 00:52:59] [DEBUG] Router: Executing \Develop\Controllers\ConsoleController->ServerBridgeAction
[2026-09-04 00:52:59] [DEBUG] ConsoleController::ServerBridge() start...
[2026-09-04 00:52:59] [DEBUG] ConsoleController::ServerBridge() \Develop\Controllers\PartsDefinitionController::editPartsAction()
[2026-09-04 00:52:59] [DEBUG] PartsDefinitionController::editPartsAction() start...
[2026-09-04 00:52:59] [DEBUG] PartsDefinitionModel::getAllPartsList() start... Project ID: PRJ-D45FEF
[2026-09-04 00:52:59] [DEBUG] PartsDefinitionModel::getColumnsByTableId() start... Input: newDevelopers
[2026-09-04 00:52:59] [DEBUG] 逆引き成功: 物理名 newDevelopers -> table_id : 12
[2026-09-04 00:52:59] [DEBUG] PartsDefinitionModel::getColumnsByTableId() finish. 件数: 9
[2026-09-04 00:52:59] [DEBUG] PartsDefinitionModel::getTableStructure() start... Project ID: PRJ-D45FEF
[2026-09-04 00:52:59] [DEBUG] Screen::updateAreaE() [iframe起動版] path: \Develop\Views\AreaE\PartsDefinition\RegistParts.view start...
[2026-09-04 00:52:59] [DEBUG] Screen::getContents() start...
[2026-09-04 00:52:59] [DEBUG] Screen::getContents() (2.2) C:/xampp8/htdocs/jemini/wwProjectV1.57\Develop\Views\AreaE\PartsDefinition\RegistParts.view
[2026-09-04 00:52:59] [ERROR] ConsoleController::ServerBridge Fatal: htmlspecialchars(): Argument #1 ($string) must be of type string, array given
[2026-09-04 00:53:00] [DEBUG] --- wwProject System Start ---
[2026-09-04 00:53:00] [DEBUG] Router::Router() /jemini/wwProjectV1.57/Develop/Console/ServerBridgeAction/
[2026-09-04 00:53:00] [DEBUG] Attempting to load: \Develop\Controllers\ConsoleController::ServerBridgeAction
[2026-09-04 00:53:00] [DEBUG] Router: Executing \Develop\Controllers\ConsoleController->ServerBridgeAction
[2026-09-04 00:53:00] [DEBUG] ConsoleController::ServerBridge() start...
[2026-09-04 00:53:00] [DEBUG] ConsoleController::ServerBridge() \Develop\Controllers\PartsDefinitionController::editPartsAction()
[2026-09-04 00:53:00] [DEBUG] PartsDefinitionController::editPartsAction() start...
[2026-09-04 00:53:00] [DEBUG] PartsDefinitionModel::getAllPartsList() start... Project ID: PRJ-D45FEF
[2026-09-04 00:53:00] [DEBUG] PartsDefinitionModel::getColumnsByTableId() start... Input: newDevelopers
[2026-09-04 00:53:00] [DEBUG] 逆引き成功: 物理名 newDevelopers -> table_id : 12
[2026-09-04 00:53:00] [DEBUG] PartsDefinitionModel::getColumnsByTableId() finish. 件数: 9
[2026-09-04 00:53:00] [DEBUG] PartsDefinitionModel::getTableStructure() start... Project ID: PRJ-D45FEF
[2026-09-04 00:53:00] [DEBUG] Screen::updateAreaE() [iframe起動版] path: \Develop\Views\AreaE\PartsDefinition\RegistParts.view start...
[2026-09-04 00:53:00] [DEBUG] Screen::getContents() start...
[2026-09-04 00:53:00] [DEBUG] Screen::getContents() (2.2) C:/xampp8/htdocs/jemini/wwProjectV1.57\Develop\Views\AreaE\PartsDefinition\RegistParts.view
[2026-09-04 00:53:00] [ERROR] ConsoleController::ServerBridge Fatal: htmlspecialchars(): Argument #1 ($string) must be of type string, array given
[2026-09-04 00:53:00] [DEBUG] --- wwProject System Start ---
[2026-09-04 00:53:00] [DEBUG] Router::Router() /jemini/wwProjectV1.57/Develop/Console/ServerBridgeAction/
[2026-09-04 00:53:00] [DEBUG] Attempting to load: \Develop\Controllers\ConsoleController::ServerBridgeAction
[2026-09-04 00:53:00] [DEBUG] Router: Executing \Develop\Controllers\ConsoleController->ServerBridgeAction
[2026-09-04 00:53:00] [DEBUG] ConsoleController::ServerBridge() start...
[2026-09-04 00:53:00] [DEBUG] ConsoleController::ServerBridge() \Develop\Controllers\PartsDefinitionController::editPartsAction()
[2026-09-04 00:53:00] [DEBUG] PartsDefinitionController::editPartsAction() start...
[2026-09-04 00:53:00] [DEBUG] PartsDefinitionModel::getAllPartsList() start... Project ID: PRJ-D45FEF
[2026-09-04 00:53:00] [DEBUG] PartsDefinitionModel::getColumnsByTableId() start... Input: newDevelopers
[2026-09-04 00:53:00] [DEBUG] 逆引き成功: 物理名 newDevelopers -> table_id : 12
[2026-09-04 00:53:00] [DEBUG] PartsDefinitionModel::getColumnsByTableId() finish. 件数: 9
[2026-09-04 00:53:00] [DEBUG] PartsDefinitionModel::getTableStructure() start... Project ID: PRJ-D45FEF
[2026-09-04 00:53:00] [DEBUG] Screen::updateAreaE() [iframe起動版] path: \Develop\Views\AreaE\PartsDefinition\RegistParts.view start...
[2026-09-04 00:53:00] [DEBUG] Screen::getContents() start...
[2026-09-04 00:53:00] [DEBUG] Screen::getContents() (2.2) C:/xampp8/htdocs/jemini/wwProjectV1.57\Develop\Views\AreaE\PartsDefinition\RegistParts.view
[2026-09-04 00:53:00] [ERROR] ConsoleController::ServerBridge Fatal: htmlspecialchars(): Argument #1 ($string) must be of type string, array given
[2026-09-04 00:53:10] [DEBUG] --- wwProject System Start ---
[2026-09-04 00:53:10] [DEBUG] Router::Router() /jemini/wwProjectV1.57/Develop/Console/ServerBridgeAction/
[2026-09-04 00:53:10] [DEBUG] Attempting to load: \Develop\Controllers\ConsoleController::ServerBridgeAction
[2026-09-04 00:53:10] [DEBUG] Router: Executing \Develop\Controllers\ConsoleController->ServerBridgeAction
[2026-09-04 00:53:10] [DEBUG] ConsoleController::ServerBridge() start...
[2026-09-04 00:53:10] [DEBUG] ConsoleController::ServerBridge() \Develop\Controllers\PartsDefinitionController::saveAction()
[2026-09-04 00:53:10] [DEBUG] PartsDefinitionController::saveAction() start...
[2026-09-04 00:53:10] [DEBUG] 🔍送信されたPOSTデータ: {"code":"PartsDefinition\/save","parts_id":"","parts_name":"SingleInput","parts_description":"SingleInput","parts_type":"Single Record Input","table_name":"developers","preview_title":"SingleInput","input_rows":"","display_label":"physical","column_filter":"selected","search_area":"0","detail_button":"none","input_style":"{\"id\":\"text\",\"user_name\":\"text\",\"login_id\":\"text\",\"password\":\"text\",\"xyz\":\"text\"}","contents":"","checked_columns":"[\"id\",\"user_name\",\"login_id\",\"password\",\"xyz\"]"}
[2026-09-04 00:53:10] [DEBUG] PartsDefinitionModel::saveParts() start... Project ID: PRJ-D45FEF, Parts ID: 
[2026-09-04 00:53:10] [DEBUG] PartsDefinitionModel::saveParts() 保存するchecked_columnsの値: [["id","user_name","login_id","password","xyz"]]
[2026-09-04 00:53:10] [DEBUG] PartsDefinitionModel::saveParts() search_area : 0
[2026-09-04 00:53:10] [DEBUG] PartsDefinitionModel::saveParts() detail_button (converted) : 0
[2026-09-04 00:53:10] [DEBUG] PartsDefinitionModel::saveParts() INSERT INTO m_screenparts (
                            project_id,
                            parts_name,
                            parts_description,
                            parts_type,
                            table_name,
                            display_label,
                            preview_title,
                            column_filter,
                            input_rows,
                            checked_columns,
                            input_style,
                            contents,
                            style_condition,
                            style_column,
                            search_area,
                            detail_button
                        ) VALUES (
                            :project_id,
                            :parts_name,
                            :parts_description,
                            :parts_type,
                            :table_name,
                            :display_label,
                            :preview_title,
                            :column_filter,
                            :input_rows,
                            :checked_columns,
                            :input_style,
                            :contents,
                            :style_condition,
                            :style_column,
                            :search_area,
                            :detail_button
                        )
[2026-09-04 00:53:10] [DEBUG] PartsDefinitionModel::saveParts() INSERTを実行します。
[2026-09-04 00:53:10] [DEBUG] PartsDefinitionModel::getAllPartsList() start... Project ID: PRJ-D45FEF
[2026-09-04 00:53:10] [DEBUG] Screen::updateAreaD() path: \Develop\Views\AreaD\PartsDefinition\PartsDefinitionList.view start...
[2026-09-04 00:53:10] [DEBUG] Screen::getContents() start...
[2026-09-04 00:53:10] [DEBUG] Screen::getContents() (2.2) C:/xampp8/htdocs/jemini/wwProjectV1.57\Develop\Views\AreaD\PartsDefinition\PartsDefinitionList.view
[2026-09-04 00:53:10] [DEBUG] Screen::getContents() finish.
[2026-09-04 00:53:10] [DEBUG] Screen::updateAreaD() finish.
[2026-09-04 00:53:10] [DEBUG] Screen::updateAreaE() [iframe起動版] path: \Develop\Views\AreaE\Area_E_clear.view start...
[2026-09-04 00:53:10] [DEBUG] Screen::getContents() start...
[2026-09-04 00:53:10] [DEBUG] Screen::getContents() (2.2) C:/xampp8/htdocs/jemini/wwProjectV1.57\Develop\Views\AreaE\Area_E_clear.view
[2026-09-04 00:53:10] [DEBUG] Screen::getContents() finish.
[2026-09-04 00:53:10] [DEBUG] Screen::updateAreaE() finish.
[2026-09-04 00:53:10] [DEBUG] PartsDefinitionController::saveAction() end.
[2026-09-04 00:53:10] [DEBUG] Screen::areaView() start...
[2026-09-04 00:53:10] [DEBUG] Screen::areaView() finish.
[2026-09-04 00:53:11] [DEBUG] --- wwProject System Start ---
[2026-09-04 00:53:11] [DEBUG] Router::Router() /jemini/wwProjectV1.57/Develop/Console/ServerBridgeAction/
[2026-09-04 00:53:11] [DEBUG] Attempting to load: \Develop\Controllers\ConsoleController::ServerBridgeAction
[2026-09-04 00:53:11] [DEBUG] Router: Executing \Develop\Controllers\ConsoleController->ServerBridgeAction
[2026-09-04 00:53:11] [DEBUG] ConsoleController::ServerBridge() start...
[2026-09-04 00:53:11] [DEBUG] ConsoleController::ServerBridge() \Develop\Controllers\PartsDefinitionController::editPartsAction()
[2026-09-04 00:53:11] [DEBUG] PartsDefinitionController::editPartsAction() start...
[2026-09-04 00:53:11] [DEBUG] PartsDefinitionModel::getAllPartsList() start... Project ID: PRJ-D45FEF
[2026-09-04 00:53:11] [DEBUG] PartsDefinitionModel::getColumnsByTableId() start... Input: newDevelopers
[2026-09-04 00:53:11] [DEBUG] 逆引き成功: 物理名 newDevelopers -> table_id : 12
[2026-09-04 00:53:11] [DEBUG] PartsDefinitionModel::getColumnsByTableId() finish. 件数: 9
[2026-09-04 00:53:11] [DEBUG] PartsDefinitionModel::getTableStructure() start... Project ID: PRJ-D45FEF
[2026-09-04 00:53:11] [DEBUG] Screen::updateAreaE() [iframe起動版] path: \Develop\Views\AreaE\PartsDefinition\RegistParts.view start...
[2026-09-04 00:53:11] [DEBUG] Screen::getContents() start...
[2026-09-04 00:53:11] [DEBUG] Screen::getContents() (2.2) C:/xampp8/htdocs/jemini/wwProjectV1.57\Develop\Views\AreaE\PartsDefinition\RegistParts.view
[2026-09-04 00:53:11] [ERROR] ConsoleController::ServerBridge Fatal: htmlspecialchars(): Argument #1 ($string) must be of type string, array given
[2026-09-04 00:53:13] [DEBUG] --- wwProject System Start ---
[2026-09-04 00:53:13] [DEBUG] Router::Router() /jemini/wwProjectV1.57/Develop/Console/ServerBridgeAction/
[2026-09-04 00:53:13] [DEBUG] Attempting to load: \Develop\Controllers\ConsoleController::ServerBridgeAction
[2026-09-04 00:53:13] [DEBUG] Router: Executing \Develop\Controllers\ConsoleController->ServerBridgeAction
[2026-09-04 00:53:13] [DEBUG] ConsoleController::ServerBridge() start...
[2026-09-04 00:53:13] [DEBUG] ConsoleController::ServerBridge() \Develop\Controllers\PartsDefinitionController::newPartsAction()
[2026-09-04 00:53:13] [DEBUG] PartsDefinitionController::newPartsAction() start...
[2026-09-04 00:53:13] [DEBUG] PartsDefinitionModel::getTableStructure() start... Project ID: PRJ-D45FEF
[2026-09-04 00:53:13] [DEBUG] Screen::updateAreaE() [iframe起動版] path: \Develop\Views\AreaE\PartsDefinition\RegistParts.view start...
[2026-09-04 00:53:13] [DEBUG] Screen::getContents() start...
[2026-09-04 00:53:13] [DEBUG] Screen::getContents() (2.2) C:/xampp8/htdocs/jemini/wwProjectV1.57\Develop\Views\AreaE\PartsDefinition\RegistParts.view
[2026-09-04 00:53:13] [DEBUG] Screen::getContents() finish.
[2026-09-04 00:53:13] [DEBUG] Screen::updateAreaE() finish.
[2026-09-04 00:53:13] [DEBUG] PartsDefinitionController::newPartsAction() end.
[2026-09-04 00:53:13] [DEBUG] Screen::areaView() start...
[2026-09-04 00:53:13] [DEBUG] Screen::areaView() finish.
